../Core/Src/main.c:184:17:ReadU32LE	16	static
../Core/Src/main.c:192:13:CAN250_Start	48	static
../Core/Src/main.c:262:13:BNO_GPIO_Init	32	static
../Core/Src/main.c:278:13:BNO_HardwareReset	8	static
../Core/Src/main.c:286:16:BNO_WaitForInt	24	static
../Core/Src/main.c:300:17:BNO_ReadPacket	32	static
../Core/Src/main.c:311:13:BNO_EnableRotationVector	40	static
../Core/Src/main.c:330:13:IMU_Init	48	static
../Core/Src/main.c:353:13:IMU_PollAndSend	48	static
../Core/Src/main.c:421:13:LED_Apply	16	static
../Core/Src/main.c:428:13:LED_TurnSignalUpdate	16	static
../Core/Src/main.c:451:13:Switch_PollAndSend	16	static
../Core/Src/main.c:475:13:Ultrasonic_Trigger	16	static,ignoring_inline_asm
../Core/Src/main.c:490:13:Ultrasonic_PollAndSend	16	static
../Core/Src/main.c:517:6:HAL_TIM_IC_CaptureCallback	24	static
../Core/Src/main.c:561:5:main	16	static
../Core/Src/main.c:626:6:SystemClock_Config	88	static
../Core/Src/main.c:667:6:HAL_CAN_RxFifo0MsgPendingCallback	24	static
../Core/Src/main.c:760:6:HAL_CAN_ErrorCallback	16	static
../Core/Src/main.c:770:6:Error_Handler	4	static,ignoring_inline_asm
