../Core/Src/main.c:184:17:ReadU32LE	1
../Core/Src/main.c:192:13:CAN250_Start	4
../Core/Src/main.c:262:13:BNO_GPIO_Init	1
../Core/Src/main.c:278:13:BNO_HardwareReset	1
../Core/Src/main.c:286:16:BNO_WaitForInt	3
../Core/Src/main.c:300:17:BNO_ReadPacket	3
../Core/Src/main.c:311:13:BNO_EnableRotationVector	1
../Core/Src/main.c:330:13:IMU_Init	4
../Core/Src/main.c:353:13:IMU_PollAndSend	9
../Core/Src/main.c:421:13:LED_Apply	1
../Core/Src/main.c:428:13:LED_TurnSignalUpdate	4
../Core/Src/main.c:451:13:Switch_PollAndSend	5
../Core/Src/main.c:475:13:Ultrasonic_Trigger	3
../Core/Src/main.c:490:13:Ultrasonic_PollAndSend	4
../Core/Src/main.c:517:6:HAL_TIM_IC_CaptureCallback	4
../Core/Src/main.c:561:5:main	2
../Core/Src/main.c:626:6:SystemClock_Config	3
../Core/Src/main.c:667:6:HAL_CAN_RxFifo0MsgPendingCallback	23
../Core/Src/main.c:760:6:HAL_CAN_ErrorCallback	2
../Core/Src/main.c:770:6:Error_Handler	1
