../Core/Src/main.c:213:13:EthernetMPU_Config	24	static
../Core/Src/main.c:238:13:CAN_WriteU32LE	16	static
../Core/Src/main.c:249:17:CAN_ReadU32LE	16	static
../Core/Src/main.c:268:13:CAN500_Start	48	static
../Core/Src/main.c:321:13:CAN500_SendPing	16	static
../Core/Src/main.c:371:13:CAN250_Start	48	static
../Core/Src/main.c:463:13:CAN250_SendPing	16	static
../Core/Src/main.c:508:13:LED_CommandSetStep	16	static
../Core/Src/main.c:555:13:RearLamp_SendU8	24	static
../Core/Src/main.c:581:13:LED_CommandSend	8	static
../Core/Src/main.c:594:13:LED_CommandUpdate	16	static
../Core/Src/main.c:618:13:Window_CommandSend	8	static
../Core/Src/main.c:654:13:Window_CommandUpdate	16	static
../Core/Src/main.c:669:13:UDP_ApplyPendingCommand	8	static
../Core/Src/main.c:678:13:CAN_UpdateDiagnostics	8	static
../Core/Src/main.c:718:5:main	80	static
../Core/Src/main.c:863:6:SystemClock_Config	120	static
../Core/Src/main.c:923:6:HAL_FDCAN_RxFifo0Callback	24	static
../Core/Src/main.c:1076:6:HAL_FDCAN_ErrorCallback	16	static
../Core/Src/main.c:1092:6:MPU_Config	24	static
../Core/Src/main.c:1123:6:Error_Handler	4	static,ignoring_inline_asm
