Archive member included to satisfy reference by file (symbol)

C:/ST/STM32CubeIDE_2.2.0/STM32CubeIDE/plugins/com.st.stm32cube.ide.mcu.externaltools.gnu-tools-for-stm32.14.3.rel1.win32_1.0.100.202602081740/tools/bin/../lib/gcc/arm-none-eabi/14.3.1/../../../../arm-none-eabi/lib/thumb/v7e-m+fp/hard\libc_nano.a(libc_a-exit.o)
                              C:/ST/STM32CubeIDE_2.2.0/STM32CubeIDE/plugins/com.st.stm32cube.ide.mcu.externaltools.gnu-tools-for-stm32.14.3.rel1.win32_1.0.100.202602081740/tools/bin/../lib/gcc/arm-none-eabi/14.3.1/../../../../arm-none-eabi/lib/thumb/v7e-m+fp/hard/crt0.o (exit)
C:/ST/STM32CubeIDE_2.2.0/STM32CubeIDE/plugins/com.st.stm32cube.ide.mcu.externaltools.gnu-tools-for-stm32.14.3.rel1.win32_1.0.100.202602081740/tools/bin/../lib/gcc/arm-none-eabi/14.3.1/../../../../arm-none-eabi/lib/thumb/v7e-m+fp/hard\libc_nano.a(libc_a-malloc.o)
                              ./Middlewares/ST/STM32_USB_Host_Library/Class/CDC/Src/usbh_cdc.o (malloc)
C:/ST/STM32CubeIDE_2.2.0/STM32CubeIDE/plugins/com.st.stm32cube.ide.mcu.externaltools.gnu-tools-for-stm32.14.3.rel1.win32_1.0.100.202602081740/tools/bin/../lib/gcc/arm-none-eabi/14.3.1/../../../../arm-none-eabi/lib/thumb/v7e-m+fp/hard\libc_nano.a(libc_a-mallocr.o)
                              C:/ST/STM32CubeIDE_2.2.0/STM32CubeIDE/plugins/com.st.stm32cube.ide.mcu.externaltools.gnu-tools-for-stm32.14.3.rel1.win32_1.0.100.202602081740/tools/bin/../lib/gcc/arm-none-eabi/14.3.1/../../../../arm-none-eabi/lib/thumb/v7e-m+fp/hard\libc_nano.a(libc_a-malloc.o) (_malloc_r)
C:/ST/STM32CubeIDE_2.2.0/STM32CubeIDE/plugins/com.st.stm32cube.ide.mcu.externaltools.gnu-tools-for-stm32.14.3.rel1.win32_1.0.100.202602081740/tools/bin/../lib/gcc/arm-none-eabi/14.3.1/../../../../arm-none-eabi/lib/thumb/v7e-m+fp/hard\libc_nano.a(libc_a-mlock.o)
                              C:/ST/STM32CubeIDE_2.2.0/STM32CubeIDE/plugins/com.st.stm32cube.ide.mcu.externaltools.gnu-tools-for-stm32.14.3.rel1.win32_1.0.100.202602081740/tools/bin/../lib/gcc/arm-none-eabi/14.3.1/../../../../arm-none-eabi/lib/thumb/v7e-m+fp/hard\libc_nano.a(libc_a-mallocr.o) (__malloc_lock)
C:/ST/STM32CubeIDE_2.2.0/STM32CubeIDE/plugins/com.st.stm32cube.ide.mcu.externaltools.gnu-tools-for-stm32.14.3.rel1.win32_1.0.100.202602081740/tools/bin/../lib/gcc/arm-none-eabi/14.3.1/../../../../arm-none-eabi/lib/thumb/v7e-m+fp/hard\libc_nano.a(libc_a-findfp.o)
                              C:/ST/STM32CubeIDE_2.2.0/STM32CubeIDE/plugins/com.st.stm32cube.ide.mcu.externaltools.gnu-tools-for-stm32.14.3.rel1.win32_1.0.100.202602081740/tools/bin/../lib/gcc/arm-none-eabi/14.3.1/../../../../arm-none-eabi/lib/thumb/v7e-m+fp/hard\libc_nano.a(libc_a-exit.o) (__stdio_exit_handler)
C:/ST/STM32CubeIDE_2.2.0/STM32CubeIDE/plugins/com.st.stm32cube.ide.mcu.externaltools.gnu-tools-for-stm32.14.3.rel1.win32_1.0.100.202602081740/tools/bin/../lib/gcc/arm-none-eabi/14.3.1/../../../../arm-none-eabi/lib/thumb/v7e-m+fp/hard\libc_nano.a(libc_a-fwalk.o)
                              C:/ST/STM32CubeIDE_2.2.0/STM32CubeIDE/plugins/com.st.stm32cube.ide.mcu.externaltools.gnu-tools-for-stm32.14.3.rel1.win32_1.0.100.202602081740/tools/bin/../lib/gcc/arm-none-eabi/14.3.1/../../../../arm-none-eabi/lib/thumb/v7e-m+fp/hard\libc_nano.a(libc_a-findfp.o) (_fwalk_sglue)
C:/ST/STM32CubeIDE_2.2.0/STM32CubeIDE/plugins/com.st.stm32cube.ide.mcu.externaltools.gnu-tools-for-stm32.14.3.rel1.win32_1.0.100.202602081740/tools/bin/../lib/gcc/arm-none-eabi/14.3.1/../../../../arm-none-eabi/lib/thumb/v7e-m+fp/hard\libc_nano.a(libc_a-stdio.o)
                              C:/ST/STM32CubeIDE_2.2.0/STM32CubeIDE/plugins/com.st.stm32cube.ide.mcu.externaltools.gnu-tools-for-stm32.14.3.rel1.win32_1.0.100.202602081740/tools/bin/../lib/gcc/arm-none-eabi/14.3.1/../../../../arm-none-eabi/lib/thumb/v7e-m+fp/hard\libc_nano.a(libc_a-findfp.o) (__sread)
C:/ST/STM32CubeIDE_2.2.0/STM32CubeIDE/plugins/com.st.stm32cube.ide.mcu.externaltools.gnu-tools-for-stm32.14.3.rel1.win32_1.0.100.202602081740/tools/bin/../lib/gcc/arm-none-eabi/14.3.1/../../../../arm-none-eabi/lib/thumb/v7e-m+fp/hard\libc_nano.a(libc_a-memset.o)
                              C:/ST/STM32CubeIDE_2.2.0/STM32CubeIDE/plugins/com.st.stm32cube.ide.mcu.externaltools.gnu-tools-for-stm32.14.3.rel1.win32_1.0.100.202602081740/tools/bin/../lib/gcc/arm-none-eabi/14.3.1/../../../../arm-none-eabi/lib/thumb/v7e-m+fp/hard/crt0.o (memset)
C:/ST/STM32CubeIDE_2.2.0/STM32CubeIDE/plugins/com.st.stm32cube.ide.mcu.externaltools.gnu-tools-for-stm32.14.3.rel1.win32_1.0.100.202602081740/tools/bin/../lib/gcc/arm-none-eabi/14.3.1/../../../../arm-none-eabi/lib/thumb/v7e-m+fp/hard\libc_nano.a(libc_a-closer.o)
                              C:/ST/STM32CubeIDE_2.2.0/STM32CubeIDE/plugins/com.st.stm32cube.ide.mcu.externaltools.gnu-tools-for-stm32.14.3.rel1.win32_1.0.100.202602081740/tools/bin/../lib/gcc/arm-none-eabi/14.3.1/../../../../arm-none-eabi/lib/thumb/v7e-m+fp/hard\libc_nano.a(libc_a-stdio.o) (_close_r)
[...]
Memory Configuration

Name             Origin             Length             Attributes
CCMRAM           0x10000000         0x00010000         xrw
RAM              0x20000000         0x00020000         xrw
FLASH            0x08000000         0x00100000         xr
*default*        0x00000000         0xffffffff

Linker script and memory map

LOAD C:/ST/STM32CubeIDE_2.2.0/STM32CubeIDE/plugins/com.st.stm32cube.ide.mcu.externaltools.gnu-tools-for-stm32.14.3.rel1.win32_1.0.100.202602081740/tools/bin/../lib/gcc/arm-none-eabi/14.3.1/thumb/v7e-m+fp/hard/crti.o
LOAD C:/ST/STM32CubeIDE_2.2.0/STM32CubeIDE/plugins/com.st.stm32cube.ide.mcu.externaltools.gnu-tools-for-stm32.14.3.rel1.win32_1.0.100.202602081740/tools/bin/../lib/gcc/arm-none-eabi/14.3.1/thumb/v7e-m+fp/hard/crtbegin.o
LOAD C:/ST/STM32CubeIDE_2.2.0/STM32CubeIDE/plugins/com.st.stm32cube.ide.mcu.externaltools.gnu-tools-for-stm32.14.3.rel1.win32_1.0.100.202602081740/tools/bin/../lib/gcc/arm-none-eabi/14.3.1/../../../../arm-none-eabi/lib/thumb/v7e-m+fp/hard/crt0.o
LOAD ./Core/Src/adc.o
LOAD ./Core/Src/can.o
LOAD ./Core/Src/dma.o
LOAD ./Core/Src/gpio.o
LOAD ./Core/Src/i2c.o
LOAD ./Core/Src/i2s.o
LOAD ./Core/Src/main.o
LOAD ./Core/Src/spi.o
LOAD ./Core/Src/stm32f4xx_hal_msp.o
LOAD ./Core/Src/stm32f4xx_it.o
LOAD ./Core/Src/syscalls.o
LOAD ./Core/Src/sysmem.o
LOAD ./Core/Src/system_stm32f4xx.o
LOAD ./Core/Src/tim.o
LOAD ./Core/Startup/startup_stm32f407vgtx.o
LOAD ./Drivers/STM32F4xx_HAL_Driver/Src/stm32f4xx_hal.o
LOAD ./Drivers/STM32F4xx_HAL_Driver/Src/stm32f4xx_hal_adc.o
LOAD ./Drivers/STM32F4xx_HAL_Driver/Src/stm32f4xx_hal_adc_ex.o
LOAD ./Drivers/STM32F4xx_HAL_Driver/Src/stm32f4xx_hal_can.o
LOAD ./Drivers/STM32F4xx_HAL_Driver/Src/stm32f4xx_hal_cortex.o
LOAD ./Drivers/STM32F4xx_HAL_Driver/Src/stm32f4xx_hal_dma.o
LOAD ./Drivers/STM32F4xx_HAL_Driver/Src/stm32f4xx_hal_dma_ex.o
LOAD ./Drivers/STM32F4xx_HAL_Driver/Src/stm32f4xx_hal_exti.o
LOAD ./Drivers/STM32F4xx_HAL_Driver/Src/stm32f4xx_hal_flash.o
LOAD ./Drivers/STM32F4xx_HAL_Driver/Src/stm32f4xx_hal_flash_ex.o
LOAD ./Drivers/STM32F4xx_HAL_Driver/Src/stm32f4xx_hal_flash_ramfunc.o
LOAD ./Drivers/STM32F4xx_HAL_Driver/Src/stm32f4xx_hal_gpio.o
LOAD ./Drivers/STM32F4xx_HAL_Driver/Src/stm32f4xx_hal_hcd.o
LOAD ./Drivers/STM32F4xx_HAL_Driver/Src/stm32f4xx_hal_i2c.o
LOAD ./Drivers/STM32F4xx_HAL_Driver/Src/stm32f4xx_hal_i2c_ex.o
LOAD ./Drivers/STM32F4xx_HAL_Driver/Src/stm32f4xx_hal_i2s.o
LOAD ./Drivers/STM32F4xx_HAL_Driver/Src/stm32f4xx_hal_i2s_ex.o
LOAD ./Drivers/STM32F4xx_HAL_Driver/Src/stm32f4xx_hal_pwr.o
LOAD ./Drivers/STM32F4xx_HAL_Driver/Src/stm32f4xx_hal_pwr_ex.o
LOAD ./Drivers/STM32F4xx_HAL_Driver/Src/stm32f4xx_hal_rcc.o
LOAD ./Drivers/STM32F4xx_HAL_Driver/Src/stm32f4xx_hal_rcc_ex.o
LOAD ./Drivers/STM32F4xx_HAL_Driver/Src/stm32f4xx_hal_spi.o
LOAD ./Drivers/STM32F4xx_HAL_Driver/Src/stm32f4xx_hal_tim.o
LOAD ./Drivers/STM32F4xx_HAL_Driver/Src/stm32f4xx_hal_tim_ex.o
LOAD ./Drivers/STM32F4xx_HAL_Driver/Src/stm32f4xx_ll_usb.o
LOAD ./Middlewares/ST/STM32_USB_Host_Library/Class/CDC/Src/usbh_cdc.o
LOAD ./Middlewares/ST/STM32_USB_Host_Library/Core/Src/usbh_core.o
LOAD ./Middlewares/ST/STM32_USB_Host_Library/Core/Src/usbh_ctlreq.o
LOAD ./Middlewares/ST/STM32_USB_Host_Library/Core/Src/usbh_ioreq.o
LOAD ./Middlewares/ST/STM32_USB_Host_Library/Core/Src/usbh_pipes.o
LOAD ./USB_HOST/App/usb_host.o
LOAD ./USB_HOST/Target/usbh_conf.o
LOAD ./USB_HOST/Target/usbh_platform.o
START GROUP
LOAD C:/ST/STM32CubeIDE_2.2.0/STM32CubeIDE/plugins/com.st.stm32cube.ide.mcu.externaltools.gnu-tools-for-stm32.14.3.rel1.win32_1.0.100.202602081740/tools/bin/../lib/gcc/arm-none-eabi/14.3.1/../../../../arm-none-eabi/lib/thumb/v7e-m+fp/hard\libc_nano.a
LOAD C:/ST/STM32CubeIDE_2.2.0/STM32CubeIDE/plugins/com.st.stm32cube.ide.mcu.externaltools.gnu-tools-for-stm32.14.3.rel1.win32_1.0.100.202602081740/tools/bin/../lib/gcc/arm-none-eabi/14.3.1/../../../../arm-none-eabi/lib/thumb/v7e-m+fp/hard\libm.a
END GROUP
START GROUP
LOAD C:/ST/STM32CubeIDE_2.2.0/STM32CubeIDE/plugins/com.st.stm32cube.ide.mcu.externaltools.gnu-tools-for-stm32.14.3.rel1.win32_1.0.100.202602081740/tools/bin/../lib/gcc/arm-none-eabi/14.3.1/thumb/v7e-m+fp/hard\libgcc.a
LOAD C:/ST/STM32CubeIDE_2.2.0/STM32CubeIDE/plugins/com.st.stm32cube.ide.mcu.externaltools.gnu-tools-for-stm32.14.3.rel1.win32_1.0.100.202602081740/tools/bin/../lib/gcc/arm-none-eabi/14.3.1/../../../../arm-none-eabi/lib/thumb/v7e-m+fp/hard\libc_nano.a
END GROUP
START GROUP
LOAD C:/ST/STM32CubeIDE_2.2.0/STM32CubeIDE/plugins/com.st.stm32cube.ide.mcu.externaltools.gnu-tools-for-stm32.14.3.rel1.win32_1.0.100.202602081740/tools/bin/../lib/gcc/arm-none-eabi/14.3.1/thumb/v7e-m+fp/hard\libgcc.a
LOAD C:/ST/STM32CubeIDE_2.2.0/STM32CubeIDE/plugins/com.st.stm32cube.ide.mcu.externaltools.gnu-tools-for-stm32.14.3.rel1.win32_1.0.100.202602081740/tools/bin/../lib/gcc/arm-none-eabi/14.3.1/../../../../arm-none-eabi/lib/thumb/v7e-m+fp/hard\libc_nano.a
LOAD C:/ST/STM32CubeIDE_2.2.0/STM32CubeIDE/plugins/com.st.stm32cube.ide.mcu.externaltools.gnu-tools-for-stm32.14.3.rel1.win32_1.0.100.202602081740/tools/bin/../lib/gcc/arm-none-eabi/14.3.1/../../../../arm-none-eabi/lib/thumb/v7e-m+fp/hard\libnosys.a
END GROUP
START GROUP
LOAD C:/ST/STM32CubeIDE_2.2.0/STM32CubeIDE/plugins/com.st.stm32cube.ide.mcu.externaltools.gnu-tools-for-stm32.14.3.rel1.win32_1.0.100.202602081740/tools/bin/../lib/gcc/arm-none-eabi/14.3.1/thumb/v7e-m+fp/hard\libgcc.a
LOAD C:/ST/STM32CubeIDE_2.2.0/STM32CubeIDE/plugins/com.st.stm32cube.ide.mcu.externaltools.gnu-tools-for-stm32.14.3.rel1.win32_1.0.100.202602081740/tools/bin/../lib/gcc/arm-none-eabi/14.3.1/../../../../arm-none-eabi/lib/thumb/v7e-m+fp/hard\libc_nano.a
LOAD C:/ST/STM32CubeIDE_2.2.0/STM32CubeIDE/plugins/com.st.stm32cube.ide.mcu.externaltools.gnu-tools-for-stm32.14.3.rel1.win32_1.0.100.202602081740/tools/bin/../lib/gcc/arm-none-eabi/14.3.1/../../../../arm-none-eabi/lib/thumb/v7e-m+fp/hard\libnosys.a
END GROUP
LOAD C:/ST/STM32CubeIDE_2.2.0/STM32CubeIDE/plugins/com.st.stm32cube.ide.mcu.externaltools.gnu-tools-for-stm32.14.3.rel1.win32_1.0.100.202602081740/tools/bin/../lib/gcc/arm-none-eabi/14.3.1/thumb/v7e-m+fp/hard/crtend.o
LOAD C:/ST/STM32CubeIDE_2.2.0/STM32CubeIDE/plugins/com.st.stm32cube.ide.mcu.externaltools.gnu-tools-for-stm32.14.3.rel1.win32_1.0.100.202602081740/tools/bin/../lib/gcc/arm-none-eabi/14.3.1/thumb/v7e-m+fp/hard/crtn.o
                0x20020000                        _estack = (ORIGIN (RAM) + LENGTH (RAM))
                0x00000200                        _Min_Heap_Size = 0x200
                0x00000400                        _Min_Stack_Size = 0x400

.isr_vector     0x08000000      0x188
                0x08000000                        . = ALIGN (0x4)
 *(.isr_vector)
 .isr_vector    0x08000000      0x188 ./Core/Startup/startup_stm32f407vgtx.o
                0x08000000                g_pfnVectors
                0x08000188                        . = ALIGN (0x4)

.text           0x08000188     0xca98
                0x08000188                        . = ALIGN (0x4)
 *(.text)
 .text          0x08000188       0x40 C:/ST/STM32CubeIDE_2.2.0/STM32CubeIDE/plugins/com.st.stm32cube.ide.mcu.externaltools.gnu-tools-for-stm32.14.3.rel1.win32_1.0.100.202602081740/tools/bin/../lib/gcc/arm-none-eabi/14.3.1/thumb/v7e-m+fp/hard/crtbegin.o
 .text          0x080001c8       0x30 C:/ST/STM32CubeIDE_2.2.0/STM32CubeIDE/plugins/com.st.stm32cube.ide.mcu.externaltools.gnu-tools-for-stm32.14.3.rel1.win32_1.0.100.202602081740/tools/bin/../lib/gcc/arm-none-eabi/14.3.1/thumb/v7e-m+fp/hard\libgcc.a(_aeabi_uldivmod.o)
                0x080001c8                __aeabi_uldivmod
 .text          0x080001f8      0x2f8 C:/ST/STM32CubeIDE_2.2.0/STM32CubeIDE/plugins/com.st.stm32cube.ide.mcu.externaltools.gnu-tools-for-stm32.14.3.rel1.win32_1.0.100.202602081740/tools/bin/../lib/gcc/arm-none-eabi/14.3.1/thumb/v7e-m+fp/hard\libgcc.a(_udivmoddi4.o)
                0x080001f8                __udivmoddi4
 .text          0x080004f0        0x4 C:/ST/STM32CubeIDE_2.2.0/STM32CubeIDE/plugins/com.st.stm32cube.ide.mcu.externaltools.gnu-tools-for-stm32.14.3.rel1.win32_1.0.100.202602081740/tools/bin/../lib/gcc/arm-none-eabi/14.3.1/thumb/v7e-m+fp/hard\libgcc.a(_dvmd_tls.o)
                0x080004f0                __aeabi_idiv0
                0x080004f0                __aeabi_ldiv0
 *(.text*)
 .text.MX_ADC1_Init
                0x080004f4       0xdc ./Core/Src/adc.o
                0x080004f4                MX_ADC1_Init
 .text.HAL_ADC_MspInit
                0x080005d0      0x128 ./Core/Src/adc.o
                0x080005d0                HAL_ADC_MspInit
 .text.MX_CAN1_Init
                0x080006f8       0x6c ./Core/Src/can.o
                0x080006f8                MX_CAN1_Init
 .text.HAL_CAN_MspInit
                0x08000764       0xb0 ./Core/Src/can.o
                0x08000764                HAL_CAN_MspInit
 .text.MX_DMA_Init
                0x08000814       0x40 ./Core/Src/dma.o
                0x08000814                MX_DMA_Init
 .text.MX_GPIO_Init
                0x08000854      0x244 ./Core/Src/gpio.o
                0x08000854                MX_GPIO_Init
 .text.MX_I2C1_Init
                0x08000a98       0x5c ./Core/Src/i2c.o
                0x08000a98                MX_I2C1_Init
 .text.HAL_I2C_MspInit
                0x08000af4       0x90 ./Core/Src/i2c.o
                0x08000af4                HAL_I2C_MspInit
 .text.MX_I2S3_Init
                0x08000b84       0x60 ./Core/Src/i2s.o
                0x08000b84                MX_I2S3_Init
 .text.HAL_I2S_MspInit
                0x08000be4      0x100 ./Core/Src/i2s.o
                0x08000be4                HAL_I2S_MspInit
 .text.DWT_DelayInit
                0x08000ce4       0x34 ./Core/Src/main.o
 .text.DWT_DelayUs
                0x08000d18       0x50 ./Core/Src/main.o
 .text.DWT_ElapsedUs
                0x08000d68       0x48 ./Core/Src/main.o
 .text.Switch_Init
                0x08000db0       0x42 ./Core/Src/main.o
 .text.Switch_Update
                0x08000df2       0x5a ./Core/Src/main.o
 .text.Actuator_AllOutputsLow
                0x08000e4c       0x3c ./Core/Src/main.o
 .text.Actuator_SetEnabled
                0x08000e88       0x64 ./Core/Src/main.o
 .text.Actuator_WriteStep
                0x08000eec       0xa0 ./Core/Src/main.o
 .text.Application_UpdateInputsAndOutputs
                0x08000f8c      0x350 ./Core/Src/main.o
 .text.DHT11_SetPinOutput
                0x080012dc       0x3c ./Core/Src/main.o
 .text.DHT11_SetPinInput
                0x08001318       0x38 ./Core/Src/main.o
 .text.DHT11_WaitWhile
                0x08001350       0x4c ./Core/Src/main.o
 .text.DHT11_ReadSensor
                0x0800139c      0x210 ./Core/Src/main.o
 .text.CAN1_ApplicationStart
                0x080015ac       0xc8 ./Core/Src/main.o
 .text.CAN1_SendStandard
                0x08001674       0xdc ./Core/Src/main.o
 .text.CAN1_SendPendingEcho
                0x08001750       0x44 ./Core/Src/main.o
 .text.CAN1_SendU8Signal
                0x08001794       0x32 ./Core/Src/main.o
 .text.CAN1_SendU16Signal
                0x080017c6       0x3e ./Core/Src/main.o
 .text.CAN1_SendI16Signal
                0x08001804       0x20 ./Core/Src/main.o
 .text.CAN1_SignalSchedulerInit
                0x08001824       0xd8 ./Core/Src/main.o
 .text.CAN1_SendNextSignal
                0x080018fc      0x52c ./Core/Src/main.o
 .text.CAN1_UpdateDiagnostics
                0x08001e28       0x8c ./Core/Src/main.o
 .text.HAL_TIM_PeriodElapsedCallback
                0x08001eb4       0xfc ./Core/Src/main.o
                0x08001eb4                HAL_TIM_PeriodElapsedCallback
 .text.HAL_CAN_RxFifo0MsgPendingCallback
                0x08001fb0      0x44c ./Core/Src/main.o
                0x08001fb0                HAL_CAN_RxFifo0MsgPendingCallback
 .text.HAL_CAN_ErrorCallback
                0x080023fc       0x58 ./Core/Src/main.o
                0x080023fc                HAL_CAN_ErrorCallback
 .text.HAL_ADC_ErrorCallback
                0x08002454       0x30 ./Core/Src/main.o
                0x08002454                HAL_ADC_ErrorCallback
 .text.main     0x08002484      0x184 ./Core/Src/main.o
                0x08002484                main
 .text.SystemClock_Config
                0x08002608       0xd4 ./Core/Src/main.o
                0x08002608                SystemClock_Config
 .text.Error_Handler
                0x080026dc       0x38 ./Core/Src/main.o
                0x080026dc                Error_Handler
 .text.MX_SPI1_Init
                0x08002714       0x6c ./Core/Src/spi.o
                0x08002714                MX_SPI1_Init
 .text.HAL_SPI_MspInit
                0x08002780       0x90 ./Core/Src/spi.o
                0x08002780                HAL_SPI_MspInit
 .text.HAL_MspInit
                0x08002810       0x50 ./Core/Src/stm32f4xx_hal_msp.o
                0x08002810                HAL_MspInit
 .text.NMI_Handler
                0x08002860        0x8 ./Core/Src/stm32f4xx_it.o
                0x08002860                NMI_Handler
 .text.HardFault_Handler
                0x08002868        0x8 ./Core/Src/stm32f4xx_it.o
                0x08002868                HardFault_Handler
 .text.MemManage_Handler
                0x08002870        0x8 ./Core/Src/stm32f4xx_it.o
                0x08002870                MemManage_Handler
 .text.BusFault_Handler
                0x08002878        0x8 ./Core/Src/stm32f4xx_it.o
                0x08002878                BusFault_Handler
 .text.UsageFault_Handler
                0x08002880        0x8 ./Core/Src/stm32f4xx_it.o
                0x08002880                UsageFault_Handler
 .text.SVC_Handler
                0x08002888        0xe ./Core/Src/stm32f4xx_it.o
                0x08002888                SVC_Handler
 .text.DebugMon_Handler
                0x08002896        0xe ./Core/Src/stm32f4xx_it.o
                0x08002896                DebugMon_Handler
 .text.PendSV_Handler
                0x080028a4        0xe ./Core/Src/stm32f4xx_it.o
                0x080028a4                PendSV_Handler
 .text.SysTick_Handler
                0x080028b2        0xc ./Core/Src/stm32f4xx_it.o
                0x080028b2                SysTick_Handler
 *fill*         0x080028be        0x2 
 .text.CAN1_RX0_IRQHandler
                0x080028c0       0x14 ./Core/Src/stm32f4xx_it.o
                0x080028c0                CAN1_RX0_IRQHandler
 .text.CAN1_SCE_IRQHandler
                0x080028d4       0x14 ./Core/Src/stm32f4xx_it.o
                0x080028d4                CAN1_SCE_IRQHandler
 .text.TIM6_DAC_IRQHandler
                0x080028e8       0x14 ./Core/Src/stm32f4xx_it.o
                0x080028e8                TIM6_DAC_IRQHandler
 .text.DMA2_Stream0_IRQHandler
                0x080028fc       0x14 ./Core/Src/stm32f4xx_it.o
                0x080028fc                DMA2_Stream0_IRQHandler
 .text.OTG_FS_IRQHandler
                0x08002910       0x14 ./Core/Src/stm32f4xx_it.o
                0x08002910                OTG_FS_IRQHandler
 .text._sbrk    0x08002924       0x6c ./Core/Src/sysmem.o
                0x08002924                _sbrk
 .text.SystemInit
                0x08002990       0x24 ./Core/Src/system_stm32f4xx.o
                0x08002990                SystemInit
 .text.MX_TIM6_Init
                0x080029b4       0x6c ./Core/Src/tim.o
                0x080029b4                MX_TIM6_Init
 .text.HAL_TIM_Base_MspInit
                0x08002a20       0x50 ./Core/Src/tim.o
                0x08002a20                HAL_TIM_Base_MspInit
 .text.Reset_Handler
                0x08002a70       0x50 ./Core/Startup/startup_stm32f407vgtx.o
                0x08002a70                Reset_Handler
 .text.Default_Handler
                0x08002ac0        0x2 ./Core/Startup/startup_stm32f407vgtx.o
                0x08002ac0                RTC_Alarm_IRQHandler
                0x08002ac0                HASH_RNG_IRQHandler
                0x08002ac0                EXTI2_IRQHandler
                0x08002ac0                TIM8_CC_IRQHandler
                0x08002ac0                TIM1_CC_IRQHandler
                0x08002ac0                DMA2_Stream5_IRQHandler
                0x08002ac0                DMA1_Stream5_IRQHandler
                0x08002ac0                PVD_IRQHandler
                0x08002ac0                SDIO_IRQHandler
                0x08002ac0                TAMP_STAMP_IRQHandler
                0x08002ac0                CAN2_RX1_IRQHandler
                0x08002ac0                EXTI3_IRQHandler
                0x08002ac0                TIM8_TRG_COM_TIM14_IRQHandler
                0x08002ac0                TIM1_UP_TIM10_IRQHandler
                0x08002ac0                TIM8_UP_TIM13_IRQHandler
                0x08002ac0                I2C3_ER_IRQHandler
                0x08002ac0                EXTI0_IRQHandler
                0x08002ac0                I2C2_EV_IRQHandler
                0x08002ac0                DMA1_Stream2_IRQHandler
                0x08002ac0                FPU_IRQHandler
                0x08002ac0                OTG_HS_WKUP_IRQHandler
                0x08002ac0                CAN2_SCE_IRQHandler
                0x08002ac0                DMA2_Stream2_IRQHandler
                0x08002ac0                SPI1_IRQHandler
                0x08002ac0                TIM1_BRK_TIM9_IRQHandler
                0x08002ac0                DCMI_IRQHandler
                0x08002ac0                CAN2_RX0_IRQHandler
                0x08002ac0                DMA2_Stream3_IRQHandler
                0x08002ac0                USART6_IRQHandler
                0x08002ac0                USART3_IRQHandler
                0x08002ac0                CAN1_RX1_IRQHandler
                0x08002ac0                UART5_IRQHandler
                0x08002ac0                TIM4_IRQHandler
                0x08002ac0                I2C1_EV_IRQHandler
                0x08002ac0                DMA1_Stream6_IRQHandler
                0x08002ac0                DMA1_Stream1_IRQHandler
                0x08002ac0                UART4_IRQHandler
                0x08002ac0                TIM3_IRQHandler
                0x08002ac0                RCC_IRQHandler
                0x08002ac0                TIM8_BRK_TIM12_IRQHandler
                0x08002ac0                Default_Handler
                0x08002ac0                EXTI15_10_IRQHandler
                0x08002ac0                ADC_IRQHandler
                0x08002ac0                DMA1_Stream7_IRQHandler
                0x08002ac0                TIM7_IRQHandler
                0x08002ac0                CAN2_TX_IRQHandler
                0x08002ac0                TIM5_IRQHandler
                0x08002ac0                DMA2_Stream7_IRQHandler
                0x08002ac0                I2C3_EV_IRQHandler
                0x08002ac0                EXTI9_5_IRQHandler
                0x08002ac0                RTC_WKUP_IRQHandler
                0x08002ac0                ETH_WKUP_IRQHandler
                0x08002ac0                SPI2_IRQHandler
                0x08002ac0                OTG_HS_EP1_IN_IRQHandler
                0x08002ac0                DMA1_Stream0_IRQHandler
                0x08002ac0                CAN1_TX_IRQHandler
                0x08002ac0                EXTI4_IRQHandler
                0x08002ac0                FSMC_IRQHandler
                0x08002ac0                ETH_IRQHandler
                0x08002ac0                OTG_HS_EP1_OUT_IRQHandler
                0x08002ac0                WWDG_IRQHandler
                0x08002ac0                TIM2_IRQHandler
                0x08002ac0                OTG_FS_WKUP_IRQHandler
                0x08002ac0                TIM1_TRG_COM_TIM11_IRQHandler
                0x08002ac0                OTG_HS_IRQHandler
                0x08002ac0                EXTI1_IRQHandler
                0x08002ac0                USART2_IRQHandler
                0x08002ac0                I2C2_ER_IRQHandler
                0x08002ac0                DMA2_Stream1_IRQHandler
                0x08002ac0                FLASH_IRQHandler
                0x08002ac0                DMA2_Stream4_IRQHandler
                0x08002ac0                USART1_IRQHandler
                0x08002ac0                SPI3_IRQHandler
                0x08002ac0                DMA1_Stream4_IRQHandler
                0x08002ac0                I2C1_ER_IRQHandler
                0x08002ac0                DMA2_Stream6_IRQHandler
                0x08002ac0                DMA1_Stream3_IRQHandler
 *fill*         0x08002ac2        0x2 
 .text.HAL_Init
                0x08002ac4       0x44 ./Drivers/STM32F4xx_HAL_Driver/Src/stm32f4xx_hal.o
                0x08002ac4                HAL_Init
 .text.HAL_InitTick
                0x08002b08       0x60 ./Drivers/STM32F4xx_HAL_Driver/Src/stm32f4xx_hal.o
                0x08002b08                HAL_InitTick
 .text.HAL_IncTick
                0x08002b68       0x28 ./Drivers/STM32F4xx_HAL_Driver/Src/stm32f4xx_hal.o
                0x08002b68                HAL_IncTick
 .text.HAL_GetTick
                0x08002b90       0x18 ./Drivers/STM32F4xx_HAL_Driver/Src/stm32f4xx_hal.o
                0x08002b90                HAL_GetTick
 .text.HAL_Delay
                0x08002ba8       0x48 ./Drivers/STM32F4xx_HAL_Driver/Src/stm32f4xx_hal.o
                0x08002ba8                HAL_Delay
 .text.HAL_ADC_Init
                0x08002bf0       0x86 ./Drivers/STM32F4xx_HAL_Driver/Src/stm32f4xx_hal_adc.o
                0x08002bf0                HAL_ADC_Init
 *fill*         0x08002c76        0x2 
 .text.HAL_ADC_Start_DMA
                0x08002c78      0x228 ./Drivers/STM32F4xx_HAL_Driver/Src/stm32f4xx_hal_adc.o
                0x08002c78                HAL_ADC_Start_DMA
 .text.HAL_ADC_ConvCpltCallback
                0x08002ea0       0x14 ./Drivers/STM32F4xx_HAL_Driver/Src/stm32f4xx_hal_adc.o
                0x08002ea0                HAL_ADC_ConvCpltCallback
 .text.HAL_ADC_ConvHalfCpltCallback
                0x08002eb4       0x14 ./Drivers/STM32F4xx_HAL_Driver/Src/stm32f4xx_hal_adc.o
                0x08002eb4                HAL_ADC_ConvHalfCpltCallback
 .text.HAL_ADC_ConfigChannel
                0x08002ec8      0x244 ./Drivers/STM32F4xx_HAL_Driver/Src/stm32f4xx_hal_adc.o
                0x08002ec8                HAL_ADC_ConfigChannel
 .text.ADC_Init
                0x0800310c      0x1f8 ./Drivers/STM32F4xx_HAL_Driver/Src/stm32f4xx_hal_adc.o
 .text.ADC_DMAConvCplt
                0x08003304       0xba ./Drivers/STM32F4xx_HAL_Driver/Src/stm32f4xx_hal_adc.o
 .text.ADC_DMAHalfConvCplt
                0x080033be       0x1c ./Drivers/STM32F4xx_HAL_Driver/Src/stm32f4xx_hal_adc.o
 .text.ADC_DMAError
                0x080033da       0x2e ./Drivers/STM32F4xx_HAL_Driver/Src/stm32f4xx_hal_adc.o
 .text.HAL_CAN_Init
                0x08003408      0x1f6 ./Drivers/STM32F4xx_HAL_Driver/Src/stm32f4xx_hal_can.o
                0x08003408                HAL_CAN_Init
 *fill*         0x080035fe        0x2 
 .text.HAL_CAN_ConfigFilter
                0x08003600      0x1bc ./Drivers/STM32F4xx_HAL_Driver/Src/stm32f4xx_hal_can.o
                0x08003600                HAL_CAN_ConfigFilter
 .text.HAL_CAN_Start
                0x080037bc       0x88 ./Drivers/STM32F4xx_HAL_Driver/Src/stm32f4xx_hal_can.o
                0x080037bc                HAL_CAN_Start
 .text.HAL_CAN_AddTxMessage
                0x08003844      0x1a0 ./Drivers/STM32F4xx_HAL_Driver/Src/stm32f4xx_hal_can.o
                0x08003844                HAL_CAN_AddTxMessage
 .text.HAL_CAN_GetTxMailboxesFreeLevel
                0x080039e4       0x6a ./Drivers/STM32F4xx_HAL_Driver/Src/stm32f4xx_hal_can.o
                0x080039e4                HAL_CAN_GetTxMailboxesFreeLevel
 .text.HAL_CAN_GetRxMessage
                0x08003a4e      0x244 ./Drivers/STM32F4xx_HAL_Driver/Src/stm32f4xx_hal_can.o
                0x08003a4e                HAL_CAN_GetRxMessage
 .text.HAL_CAN_GetRxFifoFillLevel
                0x08003c92       0x50 ./Drivers/STM32F4xx_HAL_Driver/Src/stm32f4xx_hal_can.o
                0x08003c92                HAL_CAN_GetRxFifoFillLevel
 .text.HAL_CAN_ActivateNotification
                0x08003ce2       0x4c ./Drivers/STM32F4xx_HAL_Driver/Src/stm32f4xx_hal_can.o
                0x08003ce2                HAL_CAN_ActivateNotification
 .text.HAL_CAN_IRQHandler
                0x08003d2e      0x36e ./Drivers/STM32F4xx_HAL_Driver/Src/stm32f4xx_hal_can.o
                0x08003d2e                HAL_CAN_IRQHandler
 .text.HAL_CAN_TxMailbox0CompleteCallback
                0x0800409c       0x14 ./Drivers/STM32F4xx_HAL_Driver/Src/stm32f4xx_hal_can.o
                0x0800409c                HAL_CAN_TxMailbox0CompleteCallback
 .text.HAL_CAN_TxMailbox1CompleteCallback
                0x080040b0       0x14 ./Drivers/STM32F4xx_HAL_Driver/Src/stm32f4xx_hal_can.o
                0x080040b0                HAL_CAN_TxMailbox1CompleteCallback
 .text.HAL_CAN_TxMailbox2CompleteCallback
                0x080040c4       0x14 ./Drivers/STM32F4xx_HAL_Driver/Src/stm32f4xx_hal_can.o
                0x080040c4                HAL_CAN_TxMailbox2CompleteCallback
 .text.HAL_CAN_TxMailbox0AbortCallback
                0x080040d8       0x14 ./Drivers/STM32F4xx_HAL_Driver/Src/stm32f4xx_hal_can.o
                0x080040d8                HAL_CAN_TxMailbox0AbortCallback
 .text.HAL_CAN_TxMailbox1AbortCallback
                0x080040ec       0x14 ./Drivers/STM32F4xx_HAL_Driver/Src/stm32f4xx_hal_can.o
                0x080040ec                HAL_CAN_TxMailbox1AbortCallback
 .text.HAL_CAN_TxMailbox2AbortCallback
                0x08004100       0x14 ./Drivers/STM32F4xx_HAL_Driver/Src/stm32f4xx_hal_can.o
                0x08004100                HAL_CAN_TxMailbox2AbortCallback
 .text.HAL_CAN_RxFifo0FullCallback
                0x08004114       0x14 ./Drivers/STM32F4xx_HAL_Driver/Src/stm32f4xx_hal_can.o
                0x08004114                HAL_CAN_RxFifo0FullCallback
 .text.HAL_CAN_RxFifo1MsgPendingCallback
                0x08004128       0x14 ./Drivers/STM32F4xx_HAL_Driver/Src/stm32f4xx_hal_can.o
                0x08004128                HAL_CAN_RxFifo1MsgPendingCallback
 .text.HAL_CAN_RxFifo1FullCallback
                0x0800413c       0x14 ./Drivers/STM32F4xx_HAL_Driver/Src/stm32f4xx_hal_can.o
                0x0800413c                HAL_CAN_RxFifo1FullCallback
 .text.HAL_CAN_SleepCallback
                0x08004150       0x14 ./Drivers/STM32F4xx_HAL_Driver/Src/stm32f4xx_hal_can.o
                0x08004150                HAL_CAN_SleepCallback
 .text.HAL_CAN_WakeUpFromRxMsgCallback
                0x08004164       0x14 ./Drivers/STM32F4xx_HAL_Driver/Src/stm32f4xx_hal_can.o
                0x08004164                HAL_CAN_WakeUpFromRxMsgCallback
 .text.HAL_CAN_GetError
                0x08004178       0x18 ./Drivers/STM32F4xx_HAL_Driver/Src/stm32f4xx_hal_can.o
                0x08004178                HAL_CAN_GetError
 .text.__NVIC_SetPriorityGrouping
                0x08004190       0x48 ./Drivers/STM32F4xx_HAL_Driver/Src/stm32f4xx_hal_cortex.o
 .text.__NVIC_GetPriorityGrouping
                0x080041d8       0x1c ./Drivers/STM32F4xx_HAL_Driver/Src/stm32f4xx_hal_cortex.o
 .text.__NVIC_EnableIRQ
                0x080041f4       0x3c ./Drivers/STM32F4xx_HAL_Driver/Src/stm32f4xx_hal_cortex.o
 .text.__NVIC_DisableIRQ
                0x08004230       0x48 ./Drivers/STM32F4xx_HAL_Driver/Src/stm32f4xx_hal_cortex.o
 .text.__NVIC_ClearPendingIRQ
                0x08004278       0x3c ./Drivers/STM32F4xx_HAL_Driver/Src/stm32f4xx_hal_cortex.o
 .text.__NVIC_SetPriority
                0x080042b4       0x54 ./Drivers/STM32F4xx_HAL_Driver/Src/stm32f4xx_hal_cortex.o
 .text.NVIC_EncodePriority
                0x08004308       0x66 ./Drivers/STM32F4xx_HAL_Driver/Src/stm32f4xx_hal_cortex.o
 *fill*         0x0800436e        0x2 
 .text.SysTick_Config
                0x08004370       0x44 ./Drivers/STM32F4xx_HAL_Driver/Src/stm32f4xx_hal_cortex.o
 .text.HAL_NVIC_SetPriorityGrouping
                0x080043b4       0x16 ./Drivers/STM32F4xx_HAL_Driver/Src/stm32f4xx_hal_cortex.o
                0x080043b4                HAL_NVIC_SetPriorityGrouping
 .text.HAL_NVIC_SetPriority
                0x080043ca       0x38 ./Drivers/STM32F4xx_HAL_Driver/Src/stm32f4xx_hal_cortex.o
                0x080043ca                HAL_NVIC_SetPriority
 .text.HAL_NVIC_EnableIRQ
                0x08004402       0x1c ./Drivers/STM32F4xx_HAL_Driver/Src/stm32f4xx_hal_cortex.o
                0x08004402                HAL_NVIC_EnableIRQ
 .text.HAL_NVIC_DisableIRQ
                0x0800441e       0x1c ./Drivers/STM32F4xx_HAL_Driver/Src/stm32f4xx_hal_cortex.o
                0x0800441e                HAL_NVIC_DisableIRQ
 .text.HAL_SYSTICK_Config
                0x0800443a       0x18 ./Drivers/STM32F4xx_HAL_Driver/Src/stm32f4xx_hal_cortex.o
                0x0800443a                HAL_SYSTICK_Config
 .text.HAL_NVIC_ClearPendingIRQ
                0x08004452       0x1c ./Drivers/STM32F4xx_HAL_Driver/Src/stm32f4xx_hal_cortex.o
                0x08004452                HAL_NVIC_ClearPendingIRQ
 *fill*         0x0800446e        0x2 
 .text.HAL_DMA_Init
                0x08004470      0x15c ./Drivers/STM32F4xx_HAL_Driver/Src/stm32f4xx_hal_dma.o
                0x08004470                HAL_DMA_Init
 .text.HAL_DMA_Start_IT
                0x080045cc       0xb0 ./Drivers/STM32F4xx_HAL_Driver/Src/stm32f4xx_hal_dma.o
                0x080045cc                HAL_DMA_Start_IT
 .text.HAL_DMA_IRQHandler
                0x0800467c      0x314 ./Drivers/STM32F4xx_HAL_Driver/Src/stm32f4xx_hal_dma.o
                0x0800467c                HAL_DMA_IRQHandler
 .text.DMA_SetConfig
                0x08004990       0x5c ./Drivers/STM32F4xx_HAL_Driver/Src/stm32f4xx_hal_dma.o
 .text.DMA_CalcBaseAndBitshift
                0x080049ec       0x6c ./Drivers/STM32F4xx_HAL_Driver/Src/stm32f4xx_hal_dma.o
 .text.DMA_CheckFifoParam
                0x08004a58       0xf8 ./Drivers/STM32F4xx_HAL_Driver/Src/stm32f4xx_hal_dma.o
 .text.HAL_GPIO_Init
                0x08004b50      0x338 ./Drivers/STM32F4xx_HAL_Driver/Src/stm32f4xx_hal_gpio.o
                0x08004b50                HAL_GPIO_Init
 .text.HAL_GPIO_ReadPin
                0x08004e88       0x30 ./Drivers/STM32F4xx_HAL_Driver/Src/stm32f4xx_hal_gpio.o
                0x08004e88                HAL_GPIO_ReadPin
 .text.HAL_GPIO_WritePin
                0x08004eb8       0x32 ./Drivers/STM32F4xx_HAL_Driver/Src/stm32f4xx_hal_gpio.o
                0x08004eb8                HAL_GPIO_WritePin
 .text.HAL_HCD_Init
                0x08004eea       0xce ./Drivers/STM32F4xx_HAL_Driver/Src/stm32f4xx_hal_hcd.o
                0x08004eea                HAL_HCD_Init
 .text.HAL_HCD_HC_Init
                0x08004fb8      0x170 ./Drivers/STM32F4xx_HAL_Driver/Src/stm32f4xx_hal_hcd.o
                0x08004fb8                HAL_HCD_HC_Init
 .text.HAL_HCD_HC_SubmitRequest
                0x08005128      0x33c ./Drivers/STM32F4xx_HAL_Driver/Src/stm32f4xx_hal_hcd.o
                0x08005128                HAL_HCD_HC_SubmitRequest
 .text.HAL_HCD_IRQHandler
                0x08005464      0x220 ./Drivers/STM32F4xx_HAL_Driver/Src/stm32f4xx_hal_hcd.o
                0x08005464                HAL_HCD_IRQHandler
 .text.HAL_HCD_Start
                0x08005684       0x46 ./Drivers/STM32F4xx_HAL_Driver/Src/stm32f4xx_hal_hcd.o
                0x08005684                HAL_HCD_Start
 .text.HAL_HCD_Stop
                0x080056ca       0x3a ./Drivers/STM32F4xx_HAL_Driver/Src/stm32f4xx_hal_hcd.o
                0x080056ca                HAL_HCD_Stop
 .text.HAL_HCD_ResetPort
                0x08005704       0x1c ./Drivers/STM32F4xx_HAL_Driver/Src/stm32f4xx_hal_hcd.o
                0x08005704                HAL_HCD_ResetPort
 .text.HAL_HCD_HC_GetURBState
                0x08005720       0x2a ./Drivers/STM32F4xx_HAL_Driver/Src/stm32f4xx_hal_hcd.o
                0x08005720                HAL_HCD_HC_GetURBState
 .text.HAL_HCD_HC_GetXferCount
                0x0800574a       0x2a ./Drivers/STM32F4xx_HAL_Driver/Src/stm32f4xx_hal_hcd.o
                0x0800574a                HAL_HCD_HC_GetXferCount
 .text.HAL_HCD_GetCurrentFrame
                0x08005774       0x1c ./Drivers/STM32F4xx_HAL_Driver/Src/stm32f4xx_hal_hcd.o
                0x08005774                HAL_HCD_GetCurrentFrame
 .text.HAL_HCD_GetCurrentSpeed
                0x08005790       0x1c ./Drivers/STM32F4xx_HAL_Driver/Src/stm32f4xx_hal_hcd.o
                0x08005790                HAL_HCD_GetCurrentSpeed
 .text.HAL_HCD_HC_ClearHubInfo
                0x080057ac       0x6a ./Drivers/STM32F4xx_HAL_Driver/Src/stm32f4xx_hal_hcd.o
                0x080057ac                HAL_HCD_HC_ClearHubInfo
 .text.HCD_HC_IN_IRQHandler
                0x08005816      0xcd2 ./Drivers/STM32F4xx_HAL_Driver/Src/stm32f4xx_hal_hcd.o
 .text.HCD_HC_OUT_IRQHandler
                0x080064e8      0x97e ./Drivers/STM32F4xx_HAL_Driver/Src/stm32f4xx_hal_hcd.o
 .text.HCD_RXQLVL_IRQHandler
                0x08006e66      0x1be ./Drivers/STM32F4xx_HAL_Driver/Src/stm32f4xx_hal_hcd.o
 .text.HCD_Port_IRQHandler
                0x08007024       0xe6 ./Drivers/STM32F4xx_HAL_Driver/Src/stm32f4xx_hal_hcd.o
 *fill*         0x0800710a        0x2 
 .text.HAL_I2C_Init
                0x0800710c      0x288 ./Drivers/STM32F4xx_HAL_Driver/Src/stm32f4xx_hal_i2c.o
                0x0800710c                HAL_I2C_Init
 .text.HAL_I2S_Init
                0x08007394      0x280 ./Drivers/STM32F4xx_HAL_Driver/Src/stm32f4xx_hal_i2s.o
                0x08007394                HAL_I2S_Init
 .text.HAL_I2S_TxCpltCallback
                0x08007614       0x14 ./Drivers/STM32F4xx_HAL_Driver/Src/stm32f4xx_hal_i2s.o
                0x08007614                HAL_I2S_TxCpltCallback
 .text.HAL_I2S_RxCpltCallback
                0x08007628       0x14 ./Drivers/STM32F4xx_HAL_Driver/Src/stm32f4xx_hal_i2s.o
                0x08007628                HAL_I2S_RxCpltCallback
 .text.HAL_I2S_ErrorCallback
                0x0800763c       0x14 ./Drivers/STM32F4xx_HAL_Driver/Src/stm32f4xx_hal_i2s.o
                0x0800763c                HAL_I2S_ErrorCallback
 .text.I2S_Transmit_IT
                0x08007650       0x5c ./Drivers/STM32F4xx_HAL_Driver/Src/stm32f4xx_hal_i2s.o
 .text.I2S_Receive_IT
                0x080076ac       0x5e ./Drivers/STM32F4xx_HAL_Driver/Src/stm32f4xx_hal_i2s.o
 .text.I2S_IRQHandler
                0x0800770a      0x114 ./Drivers/STM32F4xx_HAL_Driver/Src/stm32f4xx_hal_i2s.o
 *fill*         0x0800781e        0x2 
 .text.HAL_I2SEx_FullDuplex_IRQHandler
                0x08007820      0x2a8 ./Drivers/STM32F4xx_HAL_Driver/Src/stm32f4xx_hal_i2s_ex.o
                0x08007820                HAL_I2SEx_FullDuplex_IRQHandler
 .text.HAL_I2SEx_TxRxCpltCallback
                0x08007ac8       0x14 ./Drivers/STM32F4xx_HAL_Driver/Src/stm32f4xx_hal_i2s_ex.o
                0x08007ac8                HAL_I2SEx_TxRxCpltCallback
 .text.I2SEx_TxISR_I2S
                0x08007adc       0x62 ./Drivers/STM32F4xx_HAL_Driver/Src/stm32f4xx_hal_i2s_ex.o
 *fill*         0x08007b3e        0x2 
 .text.I2SEx_TxISR_I2SExt
                0x08007b40       0x98 ./Drivers/STM32F4xx_HAL_Driver/Src/stm32f4xx_hal_i2s_ex.o
 .text.I2SEx_RxISR_I2S
                0x08007bd8       0x64 ./Drivers/STM32F4xx_HAL_Driver/Src/stm32f4xx_hal_i2s_ex.o
 .text.I2SEx_RxISR_I2SExt
                0x08007c3c       0x98 ./Drivers/STM32F4xx_HAL_Driver/Src/stm32f4xx_hal_i2s_ex.o
 .text.HAL_RCC_OscConfig
                0x08007cd4      0x4f0 ./Drivers/STM32F4xx_HAL_Driver/Src/stm32f4xx_hal_rcc.o
                0x08007cd4                HAL_RCC_OscConfig
 .text.HAL_RCC_ClockConfig
                0x080081c4      0x1cc ./Drivers/STM32F4xx_HAL_Driver/Src/stm32f4xx_hal_rcc.o
                0x080081c4                HAL_RCC_ClockConfig
 .text.HAL_RCC_GetSysClockFreq
                0x08008390      0x20c ./Drivers/STM32F4xx_HAL_Driver/Src/stm32f4xx_hal_rcc.o
                0x08008390                HAL_RCC_GetSysClockFreq
 .text.HAL_RCC_GetHCLKFreq
                0x0800859c       0x18 ./Drivers/STM32F4xx_HAL_Driver/Src/stm32f4xx_hal_rcc.o
                0x0800859c                HAL_RCC_GetHCLKFreq
 .text.HAL_RCC_GetPCLK1Freq
                0x080085b4       0x28 ./Drivers/STM32F4xx_HAL_Driver/Src/stm32f4xx_hal_rcc.o
                0x080085b4                HAL_RCC_GetPCLK1Freq
 .text.HAL_RCCEx_PeriphCLKConfig
                0x080085dc      0x1c4 ./Drivers/STM32F4xx_HAL_Driver/Src/stm32f4xx_hal_rcc_ex.o
                0x080085dc                HAL_RCCEx_PeriphCLKConfig
 .text.HAL_RCCEx_GetPeriphCLKFreq
                0x080087a0       0xc0 ./Drivers/STM32F4xx_HAL_Driver/Src/stm32f4xx_hal_rcc_ex.o
                0x080087a0                HAL_RCCEx_GetPeriphCLKFreq
 .text.HAL_SPI_Init
                0x08008860      0x112 ./Drivers/STM32F4xx_HAL_Driver/Src/stm32f4xx_hal_spi.o
                0x08008860                HAL_SPI_Init
 .text.HAL_TIM_Base_Init
                0x08008972       0x9e ./Drivers/STM32F4xx_HAL_Driver/Src/stm32f4xx_hal_tim.o
                0x08008972                HAL_TIM_Base_Init
 .text.HAL_TIM_Base_Start_IT
                0x08008a10       0xe0 ./Drivers/STM32F4xx_HAL_Driver/Src/stm32f4xx_hal_tim.o
                0x08008a10                HAL_TIM_Base_Start_IT
 .text.HAL_TIM_IRQHandler
                0x08008af0      0x1e0 ./Drivers/STM32F4xx_HAL_Driver/Src/stm32f4xx_hal_tim.o
                0x08008af0                HAL_TIM_IRQHandler
 .text.HAL_TIM_OC_DelayElapsedCallback
                0x08008cd0       0x14 ./Drivers/STM32F4xx_HAL_Driver/Src/stm32f4xx_hal_tim.o
                0x08008cd0                HAL_TIM_OC_DelayElapsedCallback
 .text.HAL_TIM_IC_CaptureCallback
                0x08008ce4       0x14 ./Drivers/STM32F4xx_HAL_Driver/Src/stm32f4xx_hal_tim.o
                0x08008ce4                HAL_TIM_IC_CaptureCallback
 .text.HAL_TIM_PWM_PulseFinishedCallback
                0x08008cf8       0x14 ./Drivers/STM32F4xx_HAL_Driver/Src/stm32f4xx_hal_tim.o
                0x08008cf8                HAL_TIM_PWM_PulseFinishedCallback
 .text.HAL_TIM_TriggerCallback
                0x08008d0c       0x14 ./Drivers/STM32F4xx_HAL_Driver/Src/stm32f4xx_hal_tim.o
                0x08008d0c                HAL_TIM_TriggerCallback
 .text.TIM_Base_SetConfig
                0x08008d20      0x14c ./Drivers/STM32F4xx_HAL_Driver/Src/stm32f4xx_hal_tim.o
                0x08008d20                TIM_Base_SetConfig
 .text.HAL_TIMEx_MasterConfigSynchronization
                0x08008e6c       0xf8 ./Drivers/STM32F4xx_HAL_Driver/Src/stm32f4xx_hal_tim_ex.o
                0x08008e6c                HAL_TIMEx_MasterConfigSynchronization
 .text.HAL_TIMEx_CommutCallback
                0x08008f64       0x14 ./Drivers/STM32F4xx_HAL_Driver/Src/stm32f4xx_hal_tim_ex.o
                0x08008f64                HAL_TIMEx_CommutCallback
 .text.HAL_TIMEx_BreakCallback
                0x08008f78       0x14 ./Drivers/STM32F4xx_HAL_Driver/Src/stm32f4xx_hal_tim_ex.o
                0x08008f78                HAL_TIMEx_BreakCallback
 .text.USB_CoreInit
                0x08008f8c       0xc8 ./Drivers/STM32F4xx_HAL_Driver/Src/stm32f4xx_ll_usb.o
                0x08008f8c                USB_CoreInit
 .text.USB_EnableGlobalInt
                0x08009054       0x22 ./Drivers/STM32F4xx_HAL_Driver/Src/stm32f4xx_ll_usb.o
                0x08009054                USB_EnableGlobalInt
 .text.USB_DisableGlobalInt
                0x08009076       0x22 ./Drivers/STM32F4xx_HAL_Driver/Src/stm32f4xx_ll_usb.o
                0x08009076                USB_DisableGlobalInt
 .text.USB_SetCurrentMode
                0x08009098       0x98 ./Drivers/STM32F4xx_HAL_Driver/Src/stm32f4xx_ll_usb.o
                0x08009098                USB_SetCurrentMode
 .text.USB_FlushTxFifo
                0x08009130       0x64 ./Drivers/STM32F4xx_HAL_Driver/Src/stm32f4xx_ll_usb.o
                0x08009130                USB_FlushTxFifo
 .text.USB_FlushRxFifo
                0x08009194       0x5c ./Drivers/STM32F4xx_HAL_Driver/Src/stm32f4xx_ll_usb.o
                0x08009194                USB_FlushRxFifo
 .text.USB_WritePacket
                0x080091f0       0x7c ./Drivers/STM32F4xx_HAL_Driver/Src/stm32f4xx_ll_usb.o
                0x080091f0                USB_WritePacket
 .text.USB_ReadPacket
                0x0800926c       0xb0 ./Drivers/STM32F4xx_HAL_Driver/Src/stm32f4xx_ll_usb.o
                0x0800926c                USB_ReadPacket
 .text.USB_ReadInterrupts
                0x0800931c       0x26 ./Drivers/STM32F4xx_HAL_Driver/Src/stm32f4xx_ll_usb.o
                0x0800931c                USB_ReadInterrupts
 .text.USB_ReadChInterrupts
                0x08009342       0x42 ./Drivers/STM32F4xx_HAL_Driver/Src/stm32f4xx_ll_usb.o
                0x08009342                USB_ReadChInterrupts
 .text.USB_GetMode
                0x08009384       0x1c ./Drivers/STM32F4xx_HAL_Driver/Src/stm32f4xx_ll_usb.o
                0x08009384                USB_GetMode
 .text.USB_CoreReset
                0x080093a0       0x70 ./Drivers/STM32F4xx_HAL_Driver/Src/stm32f4xx_ll_usb.o
 .text.USB_HostInit
                0x08009410      0x188 ./Drivers/STM32F4xx_HAL_Driver/Src/stm32f4xx_ll_usb.o
                0x08009410                USB_HostInit
 .text.USB_InitFSLSPClkSel
                0x08009598       0x7a ./Drivers/STM32F4xx_HAL_Driver/Src/stm32f4xx_ll_usb.o
                0x08009598                USB_InitFSLSPClkSel
 .text.USB_ResetPort
                0x08009612       0x54 ./Drivers/STM32F4xx_HAL_Driver/Src/stm32f4xx_ll_usb.o
                0x08009612                USB_ResetPort
 .text.USB_DriveVbus
                0x08009666       0x72 ./Drivers/STM32F4xx_HAL_Driver/Src/stm32f4xx_ll_usb.o
                0x08009666                USB_DriveVbus
 .text.USB_GetHostSpeed
                0x080096d8       0x2e ./Drivers/STM32F4xx_HAL_Driver/Src/stm32f4xx_ll_usb.o
                0x080096d8                USB_GetHostSpeed
 .text.USB_GetCurrentFrame
                0x08009706       0x22 ./Drivers/STM32F4xx_HAL_Driver/Src/stm32f4xx_ll_usb.o
                0x08009706                USB_GetCurrentFrame
 .text.USB_HC_Init
                0x08009728      0x258 ./Drivers/STM32F4xx_HAL_Driver/Src/stm32f4xx_ll_usb.o
                0x08009728                USB_HC_Init
 .text.USB_HC_StartXfer
                0x08009980      0x4f4 ./Drivers/STM32F4xx_HAL_Driver/Src/stm32f4xx_ll_usb.o
                0x08009980                USB_HC_StartXfer
 .text.USB_HC_ReadInterrupt
                0x08009e74       0x22 ./Drivers/STM32F4xx_HAL_Driver/Src/stm32f4xx_ll_usb.o
                0x08009e74                USB_HC_ReadInterrupt
 .text.USB_HC_Halt
                0x08009e96      0x240 ./Drivers/STM32F4xx_HAL_Driver/Src/stm32f4xx_ll_usb.o
                0x08009e96                USB_HC_Halt
 *fill*         0x0800a0d6        0x2 
 .text.USB_DoPing
                0x0800a0d8       0x78 ./Drivers/STM32F4xx_HAL_Driver/Src/stm32f4xx_ll_usb.o
                0x0800a0d8                USB_DoPing
 .text.USB_StopHost
                0x0800a150      0x124 ./Drivers/STM32F4xx_HAL_Driver/Src/stm32f4xx_ll_usb.o
                0x0800a150                USB_StopHost
 .text.USBH_CDC_InterfaceInit
                0x0800a274      0x2ac ./Middlewares/ST/STM32_USB_Host_Library/Class/CDC/Src/usbh_cdc.o
 .text.USBH_CDC_InterfaceDeInit
                0x0800a520       0xb2 ./Middlewares/ST/STM32_USB_Host_Library/Class/CDC/Src/usbh_cdc.o
 .text.USBH_CDC_ClassRequest
                0x0800a5d2       0x3e ./Middlewares/ST/STM32_USB_Host_Library/Class/CDC/Src/usbh_cdc.o
 .text.USBH_CDC_Process
                0x0800a610      0x12c ./Middlewares/ST/STM32_USB_Host_Library/Class/CDC/Src/usbh_cdc.o
 .text.USBH_CDC_SOFProcess
                0x0800a73c       0x16 ./Middlewares/ST/STM32_USB_Host_Library/Class/CDC/Src/usbh_cdc.o
 .text.GetLineCoding
                0x0800a752       0x3e ./Middlewares/ST/STM32_USB_Host_Library/Class/CDC/Src/usbh_cdc.o
 .text.SetLineCoding
                0x0800a790       0x3e ./Middlewares/ST/STM32_USB_Host_Library/Class/CDC/Src/usbh_cdc.o
 .text.CDC_ProcessTransmission
                0x0800a7ce       0xec ./Middlewares/ST/STM32_USB_Host_Library/Class/CDC/Src/usbh_cdc.o
 .text.CDC_ProcessReception
                0x0800a8ba       0xb6 ./Middlewares/ST/STM32_USB_Host_Library/Class/CDC/Src/usbh_cdc.o
 .text.USBH_CDC_TransmitCallback
                0x0800a970       0x14 ./Middlewares/ST/STM32_USB_Host_Library/Class/CDC/Src/usbh_cdc.o
                0x0800a970                USBH_CDC_TransmitCallback
 .text.USBH_CDC_ReceiveCallback
                0x0800a984       0x14 ./Middlewares/ST/STM32_USB_Host_Library/Class/CDC/Src/usbh_cdc.o
                0x0800a984                USBH_CDC_ReceiveCallback
 .text.USBH_CDC_LineCodingChanged
                0x0800a998       0x14 ./Middlewares/ST/STM32_USB_Host_Library/Class/CDC/Src/usbh_cdc.o
                0x0800a998                USBH_CDC_LineCodingChanged
 .text.USBH_Init
                0x0800a9ac       0x74 ./Middlewares/ST/STM32_USB_Host_Library/Core/Src/usbh_core.o
                0x0800a9ac                USBH_Init
 .text.DeInitStateMachine
                0x0800aa20       0xe2 ./Middlewares/ST/STM32_USB_Host_Library/Core/Src/usbh_core.o
 .text.USBH_RegisterClass
                0x0800ab02       0x54 ./Middlewares/ST/STM32_USB_Host_Library/Core/Src/usbh_core.o
                0x0800ab02                USBH_RegisterClass
 .text.USBH_SelectInterface
                0x0800ab56       0x38 ./Middlewares/ST/STM32_USB_Host_Library/Core/Src/usbh_core.o
                0x0800ab56                USBH_SelectInterface
 .text.USBH_FindInterface
                0x0800ab8e       0x8c ./Middlewares/ST/STM32_USB_Host_Library/Core/Src/usbh_core.o
                0x0800ab8e                USBH_FindInterface
 .text.USBH_Start
                0x0800ac1a       0x20 ./Middlewares/ST/STM32_USB_Host_Library/Core/Src/usbh_core.o
                0x0800ac1a                USBH_Start
 *fill*         0x0800ac3a        0x2 
 .text.USBH_Process
                0x0800ac3c      0x3d4 ./Middlewares/ST/STM32_USB_Host_Library/Core/Src/usbh_core.o
                0x0800ac3c                USBH_Process
 .text.USBH_HandleEnum
                0x0800b010      0x3c0 ./Middlewares/ST/STM32_USB_Host_Library/Core/Src/usbh_core.o
 .text.USBH_LL_SetTimer
                0x0800b3d0       0x1e ./Middlewares/ST/STM32_USB_Host_Library/Core/Src/usbh_core.o
                0x0800b3d0                USBH_LL_SetTimer
 .text.USBH_LL_IncTimer
                0x0800b3ee       0x24 ./Middlewares/ST/STM32_USB_Host_Library/Core/Src/usbh_core.o
                0x0800b3ee                USBH_LL_IncTimer
 .text.USBH_HandleSof
                0x0800b412       0x30 ./Middlewares/ST/STM32_USB_Host_Library/Core/Src/usbh_core.o
 .text.USBH_LL_PortEnabled
                0x0800b442       0x1c ./Middlewares/ST/STM32_USB_Host_Library/Core/Src/usbh_core.o
                0x0800b442                USBH_LL_PortEnabled
 .text.USBH_LL_PortDisabled
                0x0800b45e       0x24 ./Middlewares/ST/STM32_USB_Host_Library/Core/Src/usbh_core.o
                0x0800b45e                USBH_LL_PortDisabled
 .text.USBH_LL_Connect
                0x0800b482       0x2e ./Middlewares/ST/STM32_USB_Host_Library/Core/Src/usbh_core.o
                0x0800b482                USBH_LL_Connect
 .text.USBH_LL_Disconnect
                0x0800b4b0       0x48 ./Middlewares/ST/STM32_USB_Host_Library/Core/Src/usbh_core.o
                0x0800b4b0                USBH_LL_Disconnect
 .text.USBH_Get_DevDesc
                0x0800b4f8       0x58 ./Middlewares/ST/STM32_USB_Host_Library/Core/Src/usbh_ctlreq.o
                0x0800b4f8                USBH_Get_DevDesc
 .text.USBH_Get_CfgDesc
                0x0800b550       0x54 ./Middlewares/ST/STM32_USB_Host_Library/Core/Src/usbh_ctlreq.o
                0x0800b550                USBH_Get_CfgDesc
 .text.USBH_Get_StringDesc
                0x0800b5a4       0x68 ./Middlewares/ST/STM32_USB_Host_Library/Core/Src/usbh_ctlreq.o
                0x0800b5a4                USBH_Get_StringDesc
 .text.USBH_GetDescriptor
                0x0800b60c       0x6a ./Middlewares/ST/STM32_USB_Host_Library/Core/Src/usbh_ctlreq.o
                0x0800b60c                USBH_GetDescriptor
 .text.USBH_SetAddress
                0x0800b676       0x48 ./Middlewares/ST/STM32_USB_Host_Library/Core/Src/usbh_ctlreq.o
                0x0800b676                USBH_SetAddress
 .text.USBH_SetCfg
                0x0800b6be       0x46 ./Middlewares/ST/STM32_USB_Host_Library/Core/Src/usbh_ctlreq.o
                0x0800b6be                USBH_SetCfg
 .text.USBH_SetFeature
                0x0800b704       0x48 ./Middlewares/ST/STM32_USB_Host_Library/Core/Src/usbh_ctlreq.o
                0x0800b704                USBH_SetFeature
 .text.USBH_ClrFeature
                0x0800b74c       0x48 ./Middlewares/ST/STM32_USB_Host_Library/Core/Src/usbh_ctlreq.o
                0x0800b74c                USBH_ClrFeature
 .text.USBH_ParseDevDesc
                0x0800b794      0x160 ./Middlewares/ST/STM32_USB_Host_Library/Core/Src/usbh_ctlreq.o
 .text.USBH_ParseCfgDesc
                0x0800b8f4      0x1f8 ./Middlewares/ST/STM32_USB_Host_Library/Core/Src/usbh_ctlreq.o
 .text.USBH_ParseInterfaceDesc
                0x0800baec       0x5e ./Middlewares/ST/STM32_USB_Host_Library/Core/Src/usbh_ctlreq.o
 .text.USBH_ParseEPDesc
                0x0800bb4a      0x1d0 ./Middlewares/ST/STM32_USB_Host_Library/Core/Src/usbh_ctlreq.o
 .text.USBH_ParseStringDesc
                0x0800bd1a       0x66 ./Middlewares/ST/STM32_USB_Host_Library/Core/Src/usbh_ctlreq.o
 .text.USBH_GetNextDesc
                0x0800bd80       0x34 ./Middlewares/ST/STM32_USB_Host_Library/Core/Src/usbh_ctlreq.o
                0x0800bd80                USBH_GetNextDesc
 .text.USBH_CtlReq
                0x0800bdb4       0x7a ./Middlewares/ST/STM32_USB_Host_Library/Core/Src/usbh_ctlreq.o
                0x0800bdb4                USBH_CtlReq
 *fill*         0x0800be2e        0x2 
 .text.USBH_HandleControl
                0x0800be30      0x2ec ./Middlewares/ST/STM32_USB_Host_Library/Core/Src/usbh_ctlreq.o
 .text.USBH_CtlSendSetup
                0x0800c11c       0x34 ./Middlewares/ST/STM32_USB_Host_Library/Core/Src/usbh_ioreq.o
                0x0800c11c                USBH_CtlSendSetup
 .text.USBH_CtlSendData
                0x0800c150       0x4a ./Middlewares/ST/STM32_USB_Host_Library/Core/Src/usbh_ioreq.o
                0x0800c150                USBH_CtlSendData
 .text.USBH_CtlReceiveData
                0x0800c19a       0x3c ./Middlewares/ST/STM32_USB_Host_Library/Core/Src/usbh_ioreq.o
                0x0800c19a                USBH_CtlReceiveData
 .text.USBH_BulkSendData
                0x0800c1d6       0x4a ./Middlewares/ST/STM32_USB_Host_Library/Core/Src/usbh_ioreq.o
                0x0800c1d6                USBH_BulkSendData
 .text.USBH_BulkReceiveData
                0x0800c220       0x3c ./Middlewares/ST/STM32_USB_Host_Library/Core/Src/usbh_ioreq.o
                0x0800c220                USBH_BulkReceiveData
 .text.USBH_OpenPipe
                0x0800c25c       0x3e ./Middlewares/ST/STM32_USB_Host_Library/Core/Src/usbh_pipes.o
                0x0800c25c                USBH_OpenPipe
 .text.USBH_ClosePipe
                0x0800c29a       0x20 ./Middlewares/ST/STM32_USB_Host_Library/Core/Src/usbh_pipes.o
                0x0800c29a                USBH_ClosePipe
 .text.USBH_AllocPipe
                0x0800c2ba       0x42 ./Middlewares/ST/STM32_USB_Host_Library/Core/Src/usbh_pipes.o
                0x0800c2ba                USBH_AllocPipe
 .text.USBH_FreePipe
                0x0800c2fc       0x3c ./Middlewares/ST/STM32_USB_Host_Library/Core/Src/usbh_pipes.o
                0x0800c2fc                USBH_FreePipe
 .text.USBH_GetFreePipe
                0x0800c338       0x48 ./Middlewares/ST/STM32_USB_Host_Library/Core/Src/usbh_pipes.o
 .text.MX_USB_HOST_Init
                0x0800c380       0x4c ./USB_HOST/App/usb_host.o
                0x0800c380                MX_USB_HOST_Init
 .text.MX_USB_HOST_Process
                0x0800c3cc       0x14 ./USB_HOST/App/usb_host.o
                0x0800c3cc                MX_USB_HOST_Process
 .text.USBH_UserProcess
                0x0800c3e0       0x5c ./USB_HOST/App/usb_host.o
 .text.HAL_HCD_MspInit
                0x0800c43c       0xc4 ./USB_HOST/Target/usbh_conf.o
                0x0800c43c                HAL_HCD_MspInit
 .text.HAL_HCD_SOF_Callback
                0x0800c500       0x1c ./USB_HOST/Target/usbh_conf.o
                0x0800c500                HAL_HCD_SOF_Callback
 .text.HAL_HCD_Connect_Callback
                0x0800c51c       0x1c ./USB_HOST/Target/usbh_conf.o
                0x0800c51c                HAL_HCD_Connect_Callback
 .text.HAL_HCD_Disconnect_Callback
                0x0800c538       0x1c ./USB_HOST/Target/usbh_conf.o
                0x0800c538                HAL_HCD_Disconnect_Callback
 .text.HAL_HCD_HC_NotifyURBChange_Callback
                0x0800c554       0x1c ./USB_HOST/Target/usbh_conf.o
                0x0800c554                HAL_HCD_HC_NotifyURBChange_Callback
 .text.HAL_HCD_PortEnabled_Callback
                0x0800c570       0x1c ./USB_HOST/Target/usbh_conf.o
                0x0800c570                HAL_HCD_PortEnabled_Callback
 .text.HAL_HCD_PortDisabled_Callback
                0x0800c58c       0x1c ./USB_HOST/Target/usbh_conf.o
                0x0800c58c                HAL_HCD_PortDisabled_Callback
 .text.USBH_LL_Init
                0x0800c5a8       0x78 ./USB_HOST/Target/usbh_conf.o
                0x0800c5a8                USBH_LL_Init
 .text.USBH_LL_Start
                0x0800c620       0x36 ./USB_HOST/Target/usbh_conf.o
                0x0800c620                USBH_LL_Start
 .text.USBH_LL_Stop
                0x0800c656       0x36 ./USB_HOST/Target/usbh_conf.o
                0x0800c656                USBH_LL_Stop
 .text.USBH_LL_GetSpeed
                0x0800c68c       0x4e ./USB_HOST/Target/usbh_conf.o
                0x0800c68c                USBH_LL_GetSpeed
 .text.USBH_LL_ResetPort
                0x0800c6da       0x36 ./USB_HOST/Target/usbh_conf.o
                0x0800c6da                USBH_LL_ResetPort
 .text.USBH_LL_GetLastXferSize
                0x0800c710       0x26 ./USB_HOST/Target/usbh_conf.o
                0x0800c710                USBH_LL_GetLastXferSize
 .text.USBH_LL_OpenPipe
                0x0800c736       0x5e ./USB_HOST/Target/usbh_conf.o
                0x0800c736                USBH_LL_OpenPipe
 .text.USBH_LL_ClosePipe
                0x0800c794       0x1a ./USB_HOST/Target/usbh_conf.o
                0x0800c794                USBH_LL_ClosePipe
 .text.USBH_LL_SubmitURB
                0x0800c7ae       0x62 ./USB_HOST/Target/usbh_conf.o
                0x0800c7ae                USBH_LL_SubmitURB
 .text.USBH_LL_GetURBState
                0x0800c810       0x26 ./USB_HOST/Target/usbh_conf.o
                0x0800c810                USBH_LL_GetURBState
 .text.USBH_LL_DriverVBUS
                0x0800c836       0x2e ./USB_HOST/Target/usbh_conf.o
                0x0800c836                USBH_LL_DriverVBUS
 .text.USBH_LL_SetToggle
                0x0800c864       0x66 ./USB_HOST/Target/usbh_conf.o
                0x0800c864                USBH_LL_SetToggle
 .text.USBH_Delay
                0x0800c8ca       0x16 ./USB_HOST/Target/usbh_conf.o
                0x0800c8ca                USBH_Delay
 .text.USBH_Get_USB_Status
                0x0800c8e0       0x58 ./USB_HOST/Target/usbh_conf.o
                0x0800c8e0                USBH_Get_USB_Status
 .text.MX_DriverVbusFS
                0x0800c938       0x38 ./USB_HOST/Target/usbh_platform.o
                0x0800c938                MX_DriverVbusFS
 .text.malloc   0x0800c970       0x10 C:/ST/STM32CubeIDE_2.2.0/STM32CubeIDE/plugins/com.st.stm32cube.ide.mcu.externaltools.gnu-tools-for-stm32.14.3.rel1.win32_1.0.100.202602081740/tools/bin/../lib/gcc/arm-none-eabi/14.3.1/../../../../arm-none-eabi/lib/thumb/v7e-m+fp/hard\libc_nano.a(libc_a-malloc.o)
                0x0800c970                malloc
 .text.free     0x0800c980       0x10 C:/ST/STM32CubeIDE_2.2.0/STM32CubeIDE/plugins/com.st.stm32cube.ide.mcu.externaltools.gnu-tools-for-stm32.14.3.rel1.win32_1.0.100.202602081740/tools/bin/../lib/gcc/arm-none-eabi/14.3.1/../../../../arm-none-eabi/lib/thumb/v7e-m+fp/hard\libc_nano.a(libc_a-malloc.o)
                0x0800c980                free
 .text.sbrk_aligned
                0x0800c990       0x44 C:/ST/STM32CubeIDE_2.2.0/STM32CubeIDE/plugins/com.st.stm32cube.ide.mcu.externaltools.gnu-tools-for-stm32.14.3.rel1.win32_1.0.100.202602081740/tools/bin/../lib/gcc/arm-none-eabi/14.3.1/../../../../arm-none-eabi/lib/thumb/v7e-m+fp/hard\libc_nano.a(libc_a-mallocr.o)
 .text._malloc_r
                0x0800c9d4      0x100 C:/ST/STM32CubeIDE_2.2.0/STM32CubeIDE/plugins/com.st.stm32cube.ide.mcu.externaltools.gnu-tools-for-stm32.14.3.rel1.win32_1.0.100.202602081740/tools/bin/../lib/gcc/arm-none-eabi/14.3.1/../../../../arm-none-eabi/lib/thumb/v7e-m+fp/hard\libc_nano.a(libc_a-mallocr.o)
                0x0800c9d4                _malloc_r
 .text.__malloc_lock
                0x0800cad4        0xc C:/ST/STM32CubeIDE_2.2.0/STM32CubeIDE/plugins/com.st.stm32cube.ide.mcu.externaltools.gnu-tools-for-stm32.14.3.rel1.win32_1.0.100.202602081740/tools/bin/../lib/gcc/arm-none-eabi/14.3.1/../../../../arm-none-eabi/lib/thumb/v7e-m+fp/hard\libc_nano.a(libc_a-mlock.o)
                0x0800cad4                __malloc_lock
 .text.__malloc_unlock
                0x0800cae0        0xc C:/ST/STM32CubeIDE_2.2.0/STM32CubeIDE/plugins/com.st.stm32cube.ide.mcu.externaltools.gnu-tools-for-stm32.14.3.rel1.win32_1.0.100.202602081740/tools/bin/../lib/gcc/arm-none-eabi/14.3.1/../../../../arm-none-eabi/lib/thumb/v7e-m+fp/hard\libc_nano.a(libc_a-mlock.o)
                0x0800cae0                __malloc_unlock
 .text.memset   0x0800caec       0x10 C:/ST/STM32CubeIDE_2.2.0/STM32CubeIDE/plugins/com.st.stm32cube.ide.mcu.externaltools.gnu-tools-for-stm32.14.3.rel1.win32_1.0.100.202602081740/tools/bin/../lib/gcc/arm-none-eabi/14.3.1/../../../../arm-none-eabi/lib/thumb/v7e-m+fp/hard\libc_nano.a(libc_a-memset.o)
                0x0800caec                memset
 .text._sbrk_r  0x0800cafc       0x20 C:/ST/STM32CubeIDE_2.2.0/STM32CubeIDE/plugins/com.st.stm32cube.ide.mcu.externaltools.gnu-tools-for-stm32.14.3.rel1.win32_1.0.100.202602081740/tools/bin/../lib/gcc/arm-none-eabi/14.3.1/../../../../arm-none-eabi/lib/thumb/v7e-m+fp/hard\libc_nano.a(libc_a-sbrkr.o)
                0x0800cafc                _sbrk_r
 .text.__errno  0x0800cb1c        0xc C:/ST/STM32CubeIDE_2.2.0/STM32CubeIDE/plugins/com.st.stm32cube.ide.mcu.externaltools.gnu-tools-for-stm32.14.3.rel1.win32_1.0.100.202602081740/tools/bin/../lib/gcc/arm-none-eabi/14.3.1/../../../../arm-none-eabi/lib/thumb/v7e-m+fp/hard\libc_nano.a(libc_a-errno.o)
                0x0800cb1c                __errno
 .text.__libc_init_array
                0x0800cb28       0x48 C:/ST/STM32CubeIDE_2.2.0/STM32CubeIDE/plugins/com.st.stm32cube.ide.mcu.externaltools.gnu-tools-for-stm32.14.3.rel1.win32_1.0.100.202602081740/tools/bin/../lib/gcc/arm-none-eabi/14.3.1/../../../../arm-none-eabi/lib/thumb/v7e-m+fp/hard\libc_nano.a(libc_a-init.o)
                0x0800cb28                __libc_init_array
 .text.__retarget_lock_acquire_recursive
                0x0800cb70        0x2 C:/ST/STM32CubeIDE_2.2.0/STM32CubeIDE/plugins/com.st.stm32cube.ide.mcu.externaltools.gnu-tools-for-stm32.14.3.rel1.win32_1.0.100.202602081740/tools/bin/../lib/gcc/arm-none-eabi/14.3.1/../../../../arm-none-eabi/lib/thumb/v7e-m+fp/hard\libc_nano.a(libc_a-lock.o)
                0x0800cb70                __retarget_lock_acquire_recursive
 .text.__retarget_lock_release_recursive
                0x0800cb72        0x2 C:/ST/STM32CubeIDE_2.2.0/STM32CubeIDE/plugins/com.st.stm32cube.ide.mcu.externaltools.gnu-tools-for-stm32.14.3.rel1.win32_1.0.100.202602081740/tools/bin/../lib/gcc/arm-none-eabi/14.3.1/../../../../arm-none-eabi/lib/thumb/v7e-m+fp/hard\libc_nano.a(libc_a-lock.o)
                0x0800cb72                __retarget_lock_release_recursive
 .text._free_r  0x0800cb74       0x94 C:/ST/STM32CubeIDE_2.2.0/STM32CubeIDE/plugins/com.st.stm32cube.ide.mcu.externaltools.gnu-tools-for-stm32.14.3.rel1.win32_1.0.100.202602081740/tools/bin/../lib/gcc/arm-none-eabi/14.3.1/../../../../arm-none-eabi/lib/thumb/v7e-m+fp/hard\libc_nano.a(libc_a-freer.o)
                0x0800cb74                _free_r
 *(.glue_7)
 .glue_7        0x0800cc08        0x0 linker stubs
 *(.glue_7t)
 .glue_7t       0x0800cc08        0x0 linker stubs
 *(.eh_frame)
 .eh_frame      0x0800cc08        0x0 C:/ST/STM32CubeIDE_2.2.0/STM32CubeIDE/plugins/com.st.stm32cube.ide.mcu.externaltools.gnu-tools-for-stm32.14.3.rel1.win32_1.0.100.202602081740/tools/bin/../lib/gcc/arm-none-eabi/14.3.1/thumb/v7e-m+fp/hard/crtbegin.o
 *(.init)
 .init          0x0800cc08        0x4 C:/ST/STM32CubeIDE_2.2.0/STM32CubeIDE/plugins/com.st.stm32cube.ide.mcu.externaltools.gnu-tools-for-stm32.14.3.rel1.win32_1.0.100.202602081740/tools/bin/../lib/gcc/arm-none-eabi/14.3.1/thumb/v7e-m+fp/hard/crti.o
                0x0800cc08                _init
 .init          0x0800cc0c        0x8 C:/ST/STM32CubeIDE_2.2.0/STM32CubeIDE/plugins/com.st.stm32cube.ide.mcu.externaltools.gnu-tools-for-stm32.14.3.rel1.win32_1.0.100.202602081740/tools/bin/../lib/gcc/arm-none-eabi/14.3.1/thumb/v7e-m+fp/hard/crtn.o
 *(.fini)
 .fini          0x0800cc14        0x4 C:/ST/STM32CubeIDE_2.2.0/STM32CubeIDE/plugins/com.st.stm32cube.ide.mcu.externaltools.gnu-tools-for-stm32.14.3.rel1.win32_1.0.100.202602081740/tools/bin/../lib/gcc/arm-none-eabi/14.3.1/thumb/v7e-m+fp/hard/crti.o
                0x0800cc14                _fini
 .fini          0x0800cc18        0x8 C:/ST/STM32CubeIDE_2.2.0/STM32CubeIDE/plugins/com.st.stm32cube.ide.mcu.externaltools.gnu-tools-for-stm32.14.3.rel1.win32_1.0.100.202602081740/tools/bin/../lib/gcc/arm-none-eabi/14.3.1/thumb/v7e-m+fp/hard/crtn.o
                0x0800cc20                        . = ALIGN (0x4)
                0x0800cc20                        _etext = .

.vfp11_veneer   0x0800cc20        0x0
 .vfp11_veneer  0x0800cc20        0x0 linker stubs

.v4_bx          0x0800cc20        0x0
 .v4_bx         0x0800cc20        0x0 linker stubs

.iplt           0x0800cc20        0x0
 .iplt          0x0800cc20        0x0 C:/ST/STM32CubeIDE_2.2.0/STM32CubeIDE/plugins/com.st.stm32cube.ide.mcu.externaltools.gnu-tools-for-stm32.14.3.rel1.win32_1.0.100.202602081740/tools/bin/../lib/gcc/arm-none-eabi/14.3.1/thumb/v7e-m+fp/hard/crtbegin.o

.rodata         0x0800cc20       0x44
                0x0800cc20                        . = ALIGN (0x4)
 *(.rodata)
 .rodata        0x0800cc20        0x4 ./Middlewares/ST/STM32_USB_Host_Library/Class/CDC/Src/usbh_cdc.o
 *(.rodata*)
 .rodata.actuator_step_sequence
                0x0800cc24       0x20 ./Core/Src/main.o
 .rodata.AHBPrescTable
                0x0800cc44       0x10 ./Core/Src/system_stm32f4xx.o
                0x0800cc44                AHBPrescTable
 .rodata.APBPrescTable
                0x0800cc54        0x8 ./Core/Src/system_stm32f4xx.o
                0x0800cc54                APBPrescTable
 .rodata.flagBitshiftOffset.0
                0x0800cc5c        0x8 ./Drivers/STM32F4xx_HAL_Driver/Src/stm32f4xx_hal_dma.o
                0x0800cc64                        . = ALIGN (0x4)

.ARM.extab      0x0800cc64        0x0
                0x0800cc64                        . = ALIGN (0x4)
 *(.ARM.extab* .gnu.linkonce.armextab.*)
                0x0800cc64                        . = ALIGN (0x4)

.ARM            0x0800cc64        0x8
                0x0800cc64                        . = ALIGN (0x4)
                0x0800cc64                        __exidx_start = .
 *(.ARM.exidx*)
 .ARM.exidx     0x0800cc64        0x8 C:/ST/STM32CubeIDE_2.2.0/STM32CubeIDE/plugins/com.st.stm32cube.ide.mcu.externaltools.gnu-tools-for-stm32.14.3.rel1.win32_1.0.100.202602081740/tools/bin/../lib/gcc/arm-none-eabi/14.3.1/thumb/v7e-m+fp/hard\libgcc.a(_udivmoddi4.o)
                0x0800cc6c                        __exidx_end = .
                0x0800cc6c                        . = ALIGN (0x4)

.preinit_array  0x0800cc6c        0x0
                0x0800cc6c                        . = ALIGN (0x4)
                0x0800cc6c                        PROVIDE (__preinit_array_start = .)
 *(.preinit_array*)
                0x0800cc6c                        PROVIDE (__preinit_array_end = .)
                0x0800cc6c                        . = ALIGN (0x4)

.init_array     0x0800cc6c        0x4
                0x0800cc6c                        . = ALIGN (0x4)
                0x0800cc6c                        PROVIDE (__init_array_start = .)
 *(SORT_BY_NAME(.init_array.*))
 *(.init_array*)
 .init_array    0x0800cc6c        0x4 C:/ST/STM32CubeIDE_2.2.0/STM32CubeIDE/plugins/com.st.stm32cube.ide.mcu.externaltools.gnu-tools-for-stm32.14.3.rel1.win32_1.0.100.202602081740/tools/bin/../lib/gcc/arm-none-eabi/14.3.1/thumb/v7e-m+fp/hard/crtbegin.o
                0x0800cc70                        PROVIDE (__init_array_end = .)
                0x0800cc70                        . = ALIGN (0x4)

.fini_array     0x0800cc70        0x4
                0x0800cc70                        . = ALIGN (0x4)
                [!provide]                        PROVIDE (__fini_array_start = .)
 *(SORT_BY_NAME(.fini_array.*))
 *(.fini_array*)
 .fini_array    0x0800cc70        0x4 C:/ST/STM32CubeIDE_2.2.0/STM32CubeIDE/plugins/com.st.stm32cube.ide.mcu.externaltools.gnu-tools-for-stm32.14.3.rel1.win32_1.0.100.202602081740/tools/bin/../lib/gcc/arm-none-eabi/14.3.1/thumb/v7e-m+fp/hard/crtbegin.o
                [!provide]                        PROVIDE (__fini_array_end = .)
                0x0800cc74                        . = ALIGN (0x4)
                0x0800cc74                        _sidata = LOADADDR (.data)

.rel.dyn        0x0800cc74        0x0
 .rel.iplt      0x0800cc74        0x0 C:/ST/STM32CubeIDE_2.2.0/STM32CubeIDE/plugins/com.st.stm32cube.ide.mcu.externaltools.gnu-tools-for-stm32.14.3.rel1.win32_1.0.100.202602081740/tools/bin/../lib/gcc/arm-none-eabi/14.3.1/thumb/v7e-m+fp/hard/crtbegin.o

.data           0x20000000       0x8c load address 0x0800cc74
                0x20000000                        . = ALIGN (0x4)
                0x20000000                        _sdata = .
 *(.data)
 *(.data*)
 .data.turn_switch_input
                0x20000000        0xc ./Core/Src/main.o
 .data.actuator_local_enable
                0x2000000c        0x1 ./Core/Src/main.o
                0x2000000c                actuator_local_enable
 *fill*         0x2000000d        0x3 
 .data.SystemCoreClock
                0x20000010        0x4 ./Core/Src/system_stm32f4xx.o
                0x20000010                SystemCoreClock
 .data.uwTickPrio
                0x20000014        0x4 ./Drivers/STM32F4xx_HAL_Driver/Src/stm32f4xx_hal.o
                0x20000014                uwTickPrio
 .data.uwTickFreq
                0x20000018        0x1 ./Drivers/STM32F4xx_HAL_Driver/Src/stm32f4xx_hal.o
                0x20000018                uwTickFreq
 *fill*         0x20000019        0x3 
 .data.CDC_Class
                0x2000001c       0x20 ./Middlewares/ST/STM32_USB_Host_Library/Class/CDC/Src/usbh_cdc.o
                0x2000001c                CDC_Class
 .data._impure_ptr
                0x2000003c        0x4 C:/ST/STM32CubeIDE_2.2.0/STM32CubeIDE/plugins/com.st.stm32cube.ide.mcu.externaltools.gnu-tools-for-stm32.14.3.rel1.win32_1.0.100.202602081740/tools/bin/../lib/gcc/arm-none-eabi/14.3.1/../../../../arm-none-eabi/lib/thumb/v7e-m+fp/hard\libc_nano.a(libc_a-impure.o)
                0x2000003c                _impure_ptr
 .data._impure_data
                0x20000040       0x4c C:/ST/STM32CubeIDE_2.2.0/STM32CubeIDE/plugins/com.st.stm32cube.ide.mcu.externaltools.gnu-tools-for-stm32.14.3.rel1.win32_1.0.100.202602081740/tools/bin/../lib/gcc/arm-none-eabi/14.3.1/../../../../arm-none-eabi/lib/thumb/v7e-m+fp/hard\libc_nano.a(libc_a-impure.o)
                0x20000040                _impure_data
 *(.RamFunc)
 *(.RamFunc*)
                0x2000008c                        . = ALIGN (0x4)
                0x2000008c                        _edata = .
                0x0800cd00                        _siccmram = LOADADDR (.ccmram)

.igot.plt       0x2000008c        0x0 load address 0x0800cd00
 .igot.plt      0x2000008c        0x0 C:/ST/STM32CubeIDE_2.2.0/STM32CubeIDE/plugins/com.st.stm32cube.ide.mcu.externaltools.gnu-tools-for-stm32.14.3.rel1.win32_1.0.100.202602081740/tools/bin/../lib/gcc/arm-none-eabi/14.3.1/thumb/v7e-m+fp/hard/crtbegin.o

.ccmram         0x10000000        0x0 load address 0x0800cd00
                0x10000000                        . = ALIGN (0x4)
                0x10000000                        _sccmram = .
 *(.ccmram)
 *(.ccmram*)
                0x10000000                        . = ALIGN (0x4)
                0x10000000                        _eccmram = .
                0x10000000                        . = ALIGN (0x4)

.bss            0x2000008c      0xc94
                0x2000008c                        _sbss = .
                0x2000008c                        __bss_start__ = _sbss
 *(.bss)
 .bss           0x2000008c       0x1c C:/ST/STM32CubeIDE_2.2.0/STM32CubeIDE/plugins/com.st.stm32cube.ide.mcu.externaltools.gnu-tools-for-stm32.14.3.rel1.win32_1.0.100.202602081740/tools/bin/../lib/gcc/arm-none-eabi/14.3.1/thumb/v7e-m+fp/hard/crtbegin.o
 *(.bss*)
 .bss.hadc1     0x200000a8       0x48 ./Core/Src/adc.o
                0x200000a8                hadc1
 .bss.hdma_adc1
                0x200000f0       0x60 ./Core/Src/adc.o
                0x200000f0                hdma_adc1
 .bss.hcan1     0x20000150       0x28 ./Core/Src/can.o
                0x20000150                hcan1
 .bss.hi2c1     0x20000178       0x54 ./Core/Src/i2c.o
                0x20000178                hi2c1
 .bss.hi2s3     0x200001cc       0x48 ./Core/Src/i2s.o
                0x200001cc                hi2s3
 .bss.adc_dma_values
                0x20000214        0x6 ./Core/Src/main.o
                0x20000214                adc_dma_values
 .bss.steering_adc_raw
                0x2000021a        0x2 ./Core/Src/main.o
                0x2000021a                steering_adc_raw
 .bss.steering_adc_filtered
                0x2000021c        0x2 ./Core/Src/main.o
                0x2000021c                steering_adc_filtered
 .bss.brake_adc_raw
                0x2000021e        0x2 ./Core/Src/main.o
                0x2000021e                brake_adc_raw
 .bss.accel_adc_raw
                0x20000220        0x2 ./Core/Src/main.o
                0x20000220                accel_adc_raw
 *fill*         0x20000222        0x2 
 .bss.adc_dma_error_count
                0x20000224        0x4 ./Core/Src/main.o
                0x20000224                adc_dma_error_count
 .bss.steering_filter_accumulator
                0x20000228        0x4 ./Core/Src/main.o
 .bss.steering_filter_initialized
                0x2000022c        0x1 ./Core/Src/main.o
 .bss.turn_switch_pressed
                0x2000022d        0x1 ./Core/Src/main.o
                0x2000022d                turn_switch_pressed
 .bss.turn_mode
                0x2000022e        0x1 ./Core/Src/main.o
                0x2000022e                turn_mode
 .bss.turn_mode_local
                0x2000022f        0x1 ./Core/Src/main.o
                0x2000022f                turn_mode_local
 .bss.can_turn_override_enable
                0x20000230        0x1 ./Core/Src/main.o
                0x20000230                can_turn_override_enable
 .bss.can_turn_mode_command
                0x20000231        0x1 ./Core/Src/main.o
                0x20000231                can_turn_mode_command
 .bss.turn_override_active
                0x20000232        0x1 ./Core/Src/main.o
                0x20000232                turn_override_active
 .bss.turn_left_output_state
                0x20000233        0x1 ./Core/Src/main.o
                0x20000233                turn_left_output_state
 .bss.turn_right_output_state
                0x20000234        0x1 ./Core/Src/main.o
                0x20000234                turn_right_output_state
 .bss.headlamp_output_state
                0x20000235        0x1 ./Core/Src/main.o
                0x20000235                headlamp_output_state
 .bss.turn_switch_previous_pressed
                0x20000236        0x1 ./Core/Src/main.o
 *fill*         0x20000237        0x1 
 .bss.actuator_absolute_position
                0x20000238        0x4 ./Core/Src/main.o
                0x20000238                actuator_absolute_position
 .bss.actuator_target_position
                0x2000023c        0x4 ./Core/Src/main.o
                0x2000023c                actuator_target_position
 .bss.actuator_local_target_position
                0x20000240        0x4 ./Core/Src/main.o
                0x20000240                actuator_local_target_position
 .bss.actuator_step_index
                0x20000244        0x1 ./Core/Src/main.o
                0x20000244                actuator_step_index
 .bss.actuator_output_enable
                0x20000245        0x1 ./Core/Src/main.o
                0x20000245                actuator_output_enable
 *fill*         0x20000246        0x2 
 .bss.actuator_step_count
                0x20000248        0x4 ./Core/Src/main.o
                0x20000248                actuator_step_count
 .bss.actuator_limit_count
                0x2000024c        0x4 ./Core/Src/main.o
                0x2000024c                actuator_limit_count
 .bss.dht11_temperature_x10
                0x20000250        0x2 ./Core/Src/main.o
                0x20000250                dht11_temperature_x10
 .bss.dht11_humidity_x10
                0x20000252        0x2 ./Core/Src/main.o
                0x20000252                dht11_humidity_x10
 .bss.dht11_valid
                0x20000254        0x1 ./Core/Src/main.o
                0x20000254                dht11_valid
 .bss.dht11_last_checksum
                0x20000255        0x1 ./Core/Src/main.o
                0x20000255                dht11_last_checksum
 *fill*         0x20000256        0x2 
 .bss.dht11_ok_count
                0x20000258        0x4 ./Core/Src/main.o
                0x20000258                dht11_ok_count
 .bss.dht11_error_count
                0x2000025c        0x4 ./Core/Src/main.o
                0x2000025c                dht11_error_count
 .bss.can_started
                0x20000260        0x1 ./Core/Src/main.o
                0x20000260                can_started
 *fill*         0x20000261        0x3 
 .bss.can_start_error_step
                0x20000264        0x4 ./Core/Src/main.o
                0x20000264                can_start_error_step
 .bss.can_rx_count
                0x20000268        0x4 ./Core/Src/main.o
                0x20000268                can_rx_count
 .bss.can_ping_rx_count
                0x2000026c        0x4 ./Core/Src/main.o
                0x2000026c                can_ping_rx_count
 .bss.can_echo_tx_count
                0x20000270        0x4 ./Core/Src/main.o
                0x20000270                can_echo_tx_count
 .bss.can_command_rx_count
                0x20000274        0x4 ./Core/Src/main.o
                0x20000274                can_command_rx_count
 .bss.can_unknown_rx_count
                0x20000278        0x4 ./Core/Src/main.o
                0x20000278                can_unknown_rx_count
 .bss.can_tx_busy_count
                0x2000027c        0x4 ./Core/Src/main.o
                0x2000027c                can_tx_busy_count
 .bss.can_tx_error_count
                0x20000280        0x4 ./Core/Src/main.o
                0x20000280                can_tx_error_count
 .bss.can_error_callback_count
                0x20000284        0x4 ./Core/Src/main.o
                0x20000284                can_error_callback_count
 .bss.can_busoff_count
                0x20000288        0x4 ./Core/Src/main.o
                0x20000288                can_busoff_count
 .bss.can_last_error
                0x2000028c        0x4 ./Core/Src/main.o
                0x2000028c                can_last_error
 .bss.can_last_rx_id
                0x20000290        0x4 ./Core/Src/main.o
                0x20000290                can_last_rx_id
 .bss.can_last_rx_dlc
                0x20000294        0x1 ./Core/Src/main.o
                0x20000294                can_last_rx_dlc
 *fill*         0x20000295        0x3 
 .bss.can_last_rx_data
                0x20000298        0x8 ./Core/Src/main.o
                0x20000298                can_last_rx_data
 .bss.can_tx_mailbox_free
                0x200002a0        0x4 ./Core/Src/main.o
                0x200002a0                can_tx_mailbox_free
 .bss.can_esr_register
                0x200002a4        0x4 ./Core/Src/main.o
                0x200002a4                can_esr_register
 .bss.can_tx_error_counter
                0x200002a8        0x1 ./Core/Src/main.o
                0x200002a8                can_tx_error_counter
 .bss.can_rx_error_counter
                0x200002a9        0x1 ./Core/Src/main.o
                0x200002a9                can_rx_error_counter
 .bss.can_last_error_code
                0x200002aa        0x1 ./Core/Src/main.o
                0x200002aa                can_last_error_code
 .bss.can_busoff_state
                0x200002ab        0x1 ./Core/Src/main.o
                0x200002ab                can_busoff_state
 .bss.can_steering_tx_count
                0x200002ac        0x4 ./Core/Src/main.o
                0x200002ac                can_steering_tx_count
 .bss.can_brake_tx_count
                0x200002b0        0x4 ./Core/Src/main.o
                0x200002b0                can_brake_tx_count
 .bss.can_accel_tx_count
                0x200002b4        0x4 ./Core/Src/main.o
                0x200002b4                can_accel_tx_count
 .bss.can_turn_left_tx_count
                0x200002b8        0x4 ./Core/Src/main.o
                0x200002b8                can_turn_left_tx_count
 .bss.can_turn_right_tx_count
                0x200002bc        0x4 ./Core/Src/main.o
                0x200002bc                can_turn_right_tx_count
 .bss.can_turn_switch_tx_count
                0x200002c0        0x4 ./Core/Src/main.o
                0x200002c0                can_turn_switch_tx_count
 .bss.can_headlamp_output_tx_count
                0x200002c4        0x4 ./Core/Src/main.o
                0x200002c4                can_headlamp_output_tx_count
 .bss.can_temperature_tx_count
                0x200002c8        0x4 ./Core/Src/main.o
                0x200002c8                can_temperature_tx_count
 .bss.can_humidity_tx_count
                0x200002cc        0x4 ./Core/Src/main.o
                0x200002cc                can_humidity_tx_count
 .bss.can_dht11_valid_tx_count
                0x200002d0        0x4 ./Core/Src/main.o
                0x200002d0                can_dht11_valid_tx_count
 .bss.can_actuator_position_tx_count
                0x200002d4        0x4 ./Core/Src/main.o
                0x200002d4                can_actuator_position_tx_count
 .bss.can_actuator_enable_tx_count
                0x200002d8        0x4 ./Core/Src/main.o
                0x200002d8                can_actuator_enable_tx_count
 .bss.can_steering_override_tx_count
                0x200002dc        0x4 ./Core/Src/main.o
                0x200002dc                can_steering_override_tx_count
 .bss.can_headlamp_override_tx_count
                0x200002e0        0x4 ./Core/Src/main.o
                0x200002e0                can_headlamp_override_tx_count
 .bss.can_busoff_signal_tx_count
                0x200002e4        0x4 ./Core/Src/main.o
                0x200002e4                can_busoff_signal_tx_count
 .bss.can_steering_override_rx_count
                0x200002e8        0x4 ./Core/Src/main.o
                0x200002e8                can_steering_override_rx_count
 .bss.can_actuator_enable_rx_count
                0x200002ec        0x4 ./Core/Src/main.o
                0x200002ec                can_actuator_enable_rx_count
 .bss.can_actuator_target_rx_count
                0x200002f0        0x4 ./Core/Src/main.o
                0x200002f0                can_actuator_target_rx_count
 .bss.can_headlamp_override_rx_count
                0x200002f4        0x4 ./Core/Src/main.o
                0x200002f4                can_headlamp_override_rx_count
 .bss.can_headlamp_command_rx_count
                0x200002f8        0x4 ./Core/Src/main.o
                0x200002f8                can_headlamp_command_rx_count
 .bss.can_turn_override_rx_count
                0x200002fc        0x4 ./Core/Src/main.o
                0x200002fc                can_turn_override_rx_count
 .bss.can_turn_mode_rx_count
                0x20000300        0x4 ./Core/Src/main.o
                0x20000300                can_turn_mode_rx_count
 .bss.can_echo_pending
                0x20000304        0x1 ./Core/Src/main.o
                0x20000304                can_echo_pending
 *fill*         0x20000305        0x3 
 .bss.can_echo_data
                0x20000308        0x8 ./Core/Src/main.o
 .bss.can_steering_override_enable
                0x20000310        0x1 ./Core/Src/main.o
                0x20000310                can_steering_override_enable
 .bss.can_actuator_enable_command
                0x20000311        0x1 ./Core/Src/main.o
                0x20000311                can_actuator_enable_command
 .bss.can_headlamp_override_enable
                0x20000312        0x1 ./Core/Src/main.o
                0x20000312                can_headlamp_override_enable
 .bss.can_headlamp_command
                0x20000313        0x1 ./Core/Src/main.o
                0x20000313                can_headlamp_command
 .bss.can_actuator_target_command
                0x20000314        0x2 ./Core/Src/main.o
                0x20000314                can_actuator_target_command
 *fill*         0x20000316        0x2 
 .bss.can_steering_override_last_tick
                0x20000318        0x4 ./Core/Src/main.o
                0x20000318                can_steering_override_last_tick
 .bss.can_actuator_enable_last_tick
                0x2000031c        0x4 ./Core/Src/main.o
                0x2000031c                can_actuator_enable_last_tick
 .bss.can_actuator_target_last_tick
                0x20000320        0x4 ./Core/Src/main.o
                0x20000320                can_actuator_target_last_tick
 .bss.can_headlamp_override_last_tick
                0x20000324        0x4 ./Core/Src/main.o
                0x20000324                can_headlamp_override_last_tick
 .bss.can_headlamp_command_last_tick
                0x20000328        0x4 ./Core/Src/main.o
                0x20000328                can_headlamp_command_last_tick
 .bss.can_turn_override_last_tick
                0x2000032c        0x4 ./Core/Src/main.o
                0x2000032c                can_turn_override_last_tick
 .bss.can_turn_mode_last_tick
                0x20000330        0x4 ./Core/Src/main.o
                0x20000330                can_turn_mode_last_tick
 .bss.can_signal_scheduler_index
                0x20000334        0x1 ./Core/Src/main.o
 *fill*         0x20000335        0x3 
 .bss.can_steering_last_tx_tick
                0x20000338        0x4 ./Core/Src/main.o
 .bss.can_brake_last_tx_tick
                0x2000033c        0x4 ./Core/Src/main.o
 .bss.can_accel_last_tx_tick
                0x20000340        0x4 ./Core/Src/main.o
 .bss.can_turn_left_last_tx_tick
                0x20000344        0x4 ./Core/Src/main.o
 .bss.can_turn_right_last_tx_tick
                0x20000348        0x4 ./Core/Src/main.o
 .bss.can_turn_switch_last_tx_tick
                0x2000034c        0x4 ./Core/Src/main.o
 .bss.can_headlamp_output_last_tx_tick
                0x20000350        0x4 ./Core/Src/main.o
 .bss.can_temperature_last_tx_tick
                0x20000354        0x4 ./Core/Src/main.o
 .bss.can_humidity_last_tx_tick
                0x20000358        0x4 ./Core/Src/main.o
 .bss.can_dht11_valid_last_tx_tick
                0x2000035c        0x4 ./Core/Src/main.o
 .bss.can_actuator_position_last_tx_tick
                0x20000360        0x4 ./Core/Src/main.o
 .bss.can_actuator_enable_last_tx_tick
                0x20000364        0x4 ./Core/Src/main.o
 .bss.can_steering_override_last_tx_tick
                0x20000368        0x4 ./Core/Src/main.o
 .bss.can_headlamp_override_last_tx_tick
                0x2000036c        0x4 ./Core/Src/main.o
 .bss.can_busoff_signal_last_tx_tick
                0x20000370        0x4 ./Core/Src/main.o
 .bss.hspi1     0x20000374       0x58 ./Core/Src/spi.o
                0x20000374                hspi1
 .bss.__sbrk_heap_end
                0x200003cc        0x4 ./Core/Src/sysmem.o
 .bss.htim6     0x200003d0       0x48 ./Core/Src/tim.o
                0x200003d0                htim6
 .bss.uwTick    0x20000418        0x4 ./Drivers/STM32F4xx_HAL_Driver/Src/stm32f4xx_hal.o
                0x20000418                uwTick
 .bss.hUsbHostFS
                0x2000041c      0x3d8 ./USB_HOST/App/usb_host.o
                0x2000041c                hUsbHostFS
 .bss.Appli_state
                0x200007f4        0x1 ./USB_HOST/App/usb_host.o
                0x200007f4                Appli_state
 *fill*         0x200007f5        0x3 
 .bss.hhcd_USB_OTG_FS
                0x200007f8      0x3e0 ./USB_HOST/Target/usbh_conf.o
                0x200007f8                hhcd_USB_OTG_FS
 .bss.__malloc_sbrk_start
                0x20000bd8        0x4 C:/ST/STM32CubeIDE_2.2.0/STM32CubeIDE/plugins/com.st.stm32cube.ide.mcu.externaltools.gnu-tools-for-stm32.14.3.rel1.win32_1.0.100.202602081740/tools/bin/../lib/gcc/arm-none-eabi/14.3.1/../../../../arm-none-eabi/lib/thumb/v7e-m+fp/hard\libc_nano.a(libc_a-mallocr.o)
                0x20000bd8                __malloc_sbrk_start
 .bss.__malloc_free_list
                0x20000bdc        0x4 C:/ST/STM32CubeIDE_2.2.0/STM32CubeIDE/plugins/com.st.stm32cube.ide.mcu.externaltools.gnu-tools-for-stm32.14.3.rel1.win32_1.0.100.202602081740/tools/bin/../lib/gcc/arm-none-eabi/14.3.1/../../../../arm-none-eabi/lib/thumb/v7e-m+fp/hard\libc_nano.a(libc_a-mallocr.o)
                0x20000bdc                __malloc_free_list
 .bss.__sf      0x20000be0      0x138 C:/ST/STM32CubeIDE_2.2.0/STM32CubeIDE/plugins/com.st.stm32cube.ide.mcu.externaltools.gnu-tools-for-stm32.14.3.rel1.win32_1.0.100.202602081740/tools/bin/../lib/gcc/arm-none-eabi/14.3.1/../../../../arm-none-eabi/lib/thumb/v7e-m+fp/hard\libc_nano.a(libc_a-findfp.o)
                0x20000be0                __sf
 .bss.errno     0x20000d18        0x4 C:/ST/STM32CubeIDE_2.2.0/STM32CubeIDE/plugins/com.st.stm32cube.ide.mcu.externaltools.gnu-tools-for-stm32.14.3.rel1.win32_1.0.100.202602081740/tools/bin/../lib/gcc/arm-none-eabi/14.3.1/../../../../arm-none-eabi/lib/thumb/v7e-m+fp/hard\libc_nano.a(libc_a-reent.o)
                0x20000d18                errno
 .bss.__lock___malloc_recursive_mutex
                0x20000d1c        0x1 C:/ST/STM32CubeIDE_2.2.0/STM32CubeIDE/plugins/com.st.stm32cube.ide.mcu.externaltools.gnu-tools-for-stm32.14.3.rel1.win32_1.0.100.202602081740/tools/bin/../lib/gcc/arm-none-eabi/14.3.1/../../../../arm-none-eabi/lib/thumb/v7e-m+fp/hard\libc_nano.a(libc_a-lock.o)
                0x20000d1c                __lock___malloc_recursive_mutex
 *(COMMON)
                0x20000d20                        . = ALIGN (0x4)
 *fill*         0x20000d1d        0x3 
                0x20000d20                        _ebss = .
                0x20000d20                        __bss_end__ = _ebss

._user_heap_stack
                0x20000d20      0x600
                0x20000d20                        . = ALIGN (0x8)
                [!provide]                        PROVIDE (end = .)
                0x20000d20                        PROVIDE (_end = .)
                0x20000f20                        . = (. + _Min_Heap_Size)
 *fill*         0x20000d20      0x200 
                0x20001320                        . = (. + _Min_Stack_Size)
 *fill*         0x20000f20      0x400 
                0x20001320                        . = ALIGN (0x8)

/DISCARD/
 libc.a(*)
 libm.a(*)
 libgcc.a(*)

.ARM.attributes
                0x00000000       0x30
 *(.ARM.attributes)
 .ARM.attributes
                0x00000000       0x22 C:/ST/STM32CubeIDE_2.2.0/STM32CubeIDE/plugins/com.st.stm32cube.ide.mcu.externaltools.gnu-tools-for-stm32.14.3.rel1.win32_1.0.100.202602081740/tools/bin/../lib/gcc/arm-none-eabi/14.3.1/thumb/v7e-m+fp/hard/crti.o
 .ARM.attributes
                0x00000022       0x34 C:/ST/STM32CubeIDE_2.2.0/STM32CubeIDE/plugins/com.st.stm32cube.ide.mcu.externaltools.gnu-tools-for-stm32.14.3.rel1.win32_1.0.100.202602081740/tools/bin/../lib/gcc/arm-none-eabi/14.3.1/thumb/v7e-m+fp/hard/crtbegin.o
 .ARM.attributes
                0x00000056       0x34 ./Core/Src/adc.o
 .ARM.attributes
                0x0000008a       0x34 ./Core/Src/can.o
 .ARM.attributes
                0x000000be       0x34 ./Core/Src/dma.o
 .ARM.attributes
                0x000000f2       0x34 ./Core/Src/gpio.o
 .ARM.attributes
                0x00000126       0x34 ./Core/Src/i2c.o
 .ARM.attributes
                0x0000015a       0x34 ./Core/Src/i2s.o
 .ARM.attributes
                0x0000018e       0x34 ./Core/Src/main.o
 .ARM.attributes
                0x000001c2       0x34 ./Core/Src/spi.o
 .ARM.attributes
                0x000001f6       0x34 ./Core/Src/stm32f4xx_hal_msp.o
 .ARM.attributes
                0x0000022a       0x34 ./Core/Src/stm32f4xx_it.o
 .ARM.attributes
                0x0000025e       0x34 ./Core/Src/sysmem.o
 .ARM.attributes
                0x00000292       0x34 ./Core/Src/system_stm32f4xx.o
 .ARM.attributes
                0x000002c6       0x34 ./Core/Src/tim.o
 .ARM.attributes
                0x000002fa       0x21 ./Core/Startup/startup_stm32f407vgtx.o
 .ARM.attributes
                0x0000031b       0x34 ./Drivers/STM32F4xx_HAL_Driver/Src/stm32f4xx_hal.o
 .ARM.attributes
                0x0000034f       0x34 ./Drivers/STM32F4xx_HAL_Driver/Src/stm32f4xx_hal_adc.o
 .ARM.attributes
                0x00000383       0x34 ./Drivers/STM32F4xx_HAL_Driver/Src/stm32f4xx_hal_can.o
 .ARM.attributes
                0x000003b7       0x34 ./Drivers/STM32F4xx_HAL_Driver/Src/stm32f4xx_hal_cortex.o
 .ARM.attributes
                0x000003eb       0x34 ./Drivers/STM32F4xx_HAL_Driver/Src/stm32f4xx_hal_dma.o
 .ARM.attributes
                0x0000041f       0x34 ./Drivers/STM32F4xx_HAL_Driver/Src/stm32f4xx_hal_gpio.o
 .ARM.attributes
                0x00000453       0x34 ./Drivers/STM32F4xx_HAL_Driver/Src/stm32f4xx_hal_hcd.o
 .ARM.attributes
                0x00000487       0x34 ./Drivers/STM32F4xx_HAL_Driver/Src/stm32f4xx_hal_i2c.o
 .ARM.attributes
                0x000004bb       0x34 ./Drivers/STM32F4xx_HAL_Driver/Src/stm32f4xx_hal_i2s.o
 .ARM.attributes
                0x000004ef       0x34 ./Drivers/STM32F4xx_HAL_Driver/Src/stm32f4xx_hal_i2s_ex.o
 .ARM.attributes
                0x00000523       0x34 ./Drivers/STM32F4xx_HAL_Driver/Src/stm32f4xx_hal_rcc.o
 .ARM.attributes
                0x00000557       0x34 ./Drivers/STM32F4xx_HAL_Driver/Src/stm32f4xx_hal_rcc_ex.o
 .ARM.attributes
                0x0000058b       0x34 ./Drivers/STM32F4xx_HAL_Driver/Src/stm32f4xx_hal_spi.o
 .ARM.attributes
                0x000005bf       0x34 ./Drivers/STM32F4xx_HAL_Driver/Src/stm32f4xx_hal_tim.o
 .ARM.attributes
                0x000005f3       0x34 ./Drivers/STM32F4xx_HAL_Driver/Src/stm32f4xx_hal_tim_ex.o
 .ARM.attributes
                0x00000627       0x34 ./Drivers/STM32F4xx_HAL_Driver/Src/stm32f4xx_ll_usb.o
 .ARM.attributes
                0x0000065b       0x34 ./Middlewares/ST/STM32_USB_Host_Library/Class/CDC/Src/usbh_cdc.o
 .ARM.attributes
                0x0000068f       0x34 ./Middlewares/ST/STM32_USB_Host_Library/Core/Src/usbh_core.o
 .ARM.attributes
                0x000006c3       0x34 ./Middlewares/ST/STM32_USB_Host_Library/Core/Src/usbh_ctlreq.o
 .ARM.attributes
                0x000006f7       0x34 ./Middlewares/ST/STM32_USB_Host_Library/Core/Src/usbh_ioreq.o
 .ARM.attributes
                0x0000072b       0x34 ./Middlewares/ST/STM32_USB_Host_Library/Core/Src/usbh_pipes.o
 .ARM.attributes
                0x0000075f       0x34 ./USB_HOST/App/usb_host.o
 .ARM.attributes
                0x00000793       0x34 ./USB_HOST/Target/usbh_conf.o
 .ARM.attributes
                0x000007c7       0x34 ./USB_HOST/Target/usbh_platform.o
 .ARM.attributes
                0x000007fb       0x34 C:/ST/STM32CubeIDE_2.2.0/STM32CubeIDE/plugins/com.st.stm32cube.ide.mcu.externaltools.gnu-tools-for-stm32.14.3.rel1.win32_1.0.100.202602081740/tools/bin/../lib/gcc/arm-none-eabi/14.3.1/../../../../arm-none-eabi/lib/thumb/v7e-m+fp/hard\libc_nano.a(libc_a-malloc.o)
 .ARM.attributes
                0x0000082f       0x34 C:/ST/STM32CubeIDE_2.2.0/STM32CubeIDE/plugins/com.st.stm32cube.ide.mcu.externaltools.gnu-tools-for-stm32.14.3.rel1.win32_1.0.100.202602081740/tools/bin/../lib/gcc/arm-none-eabi/14.3.1/../../../../arm-none-eabi/lib/thumb/v7e-m+fp/hard\libc_nano.a(libc_a-mallocr.o)
 .ARM.attributes
                0x00000863       0x34 C:/ST/STM32CubeIDE_2.2.0/STM32CubeIDE/plugins/com.st.stm32cube.ide.mcu.externaltools.gnu-tools-for-stm32.14.3.rel1.win32_1.0.100.202602081740/tools/bin/../lib/gcc/arm-none-eabi/14.3.1/../../../../arm-none-eabi/lib/thumb/v7e-m+fp/hard\libc_nano.a(libc_a-mlock.o)
 .ARM.attributes
                0x00000897       0x34 C:/ST/STM32CubeIDE_2.2.0/STM32CubeIDE/plugins/com.st.stm32cube.ide.mcu.externaltools.gnu-tools-for-stm32.14.3.rel1.win32_1.0.100.202602081740/tools/bin/../lib/gcc/arm-none-eabi/14.3.1/../../../../arm-none-eabi/lib/thumb/v7e-m+fp/hard\libc_nano.a(libc_a-findfp.o)
 .ARM.attributes
                0x000008cb       0x34 C:/ST/STM32CubeIDE_2.2.0/STM32CubeIDE/plugins/com.st.stm32cube.ide.mcu.externaltools.gnu-tools-for-stm32.14.3.rel1.win32_1.0.100.202602081740/tools/bin/../lib/gcc/arm-none-eabi/14.3.1/../../../../arm-none-eabi/lib/thumb/v7e-m+fp/hard\libc_nano.a(libc_a-memset.o)
 .ARM.attributes
                0x000008ff       0x34 C:/ST/STM32CubeIDE_2.2.0/STM32CubeIDE/plugins/com.st.stm32cube.ide.mcu.externaltools.gnu-tools-for-stm32.14.3.rel1.win32_1.0.100.202602081740/tools/bin/../lib/gcc/arm-none-eabi/14.3.1/../../../../arm-none-eabi/lib/thumb/v7e-m+fp/hard\libc_nano.a(libc_a-reent.o)
 .ARM.attributes
                0x00000933       0x34 C:/ST/STM32CubeIDE_2.2.0/STM32CubeIDE/plugins/com.st.stm32cube.ide.mcu.externaltools.gnu-tools-for-stm32.14.3.rel1.win32_1.0.100.202602081740/tools/bin/../lib/gcc/arm-none-eabi/14.3.1/../../../../arm-none-eabi/lib/thumb/v7e-m+fp/hard\libc_nano.a(libc_a-impure.o)
 .ARM.attributes