../Core/Src/main.c:82:13:CAN_WriteU32LE	16	static
../Core/Src/main.c:90:17:CAN_ReadU32LE	16	static
../Core/Src/main.c:103:5:main	48	static
../Core/Src/main.c:190:6:SystemClock_Config	88	static
../Core/Src/main.c:236:13:MX_CAN1_Init	8	static
../Core/Src/main.c:273:13:MX_I2C1_Init	8	static
../Core/Src/main.c:307:13:MX_I2S3_Init	8	static
../Core/Src/main.c:341:13:MX_SPI1_Init	8	static
../Core/Src/main.c:379:13:MX_GPIO_Init	56	static
../Core/Src/main.c:473:6:HAL_CAN_RxFifo0MsgPendingCallback	16	static
../Core/Src/main.c:512:6:Error_Handler	16	static,ignoring_inline_asm
