Archive member included to satisfy reference by file (symbol)

C:/ST/STM32CubeIDE_2.2.0/STM32CubeIDE/plugins/com.st.stm32cube.ide.mcu.externaltools.gnu-tools-for-stm32.14.3.rel1.win32_1.0.100.202602081740/tools/bin/../lib/gcc/arm-none-eabi/14.3.1/../../../../arm-none-eabi/lib/thumb/v7e-m+dp/hard\libc_nano.a(libc_a-atoi.o)
                              ./Middlewares/Third_Party/LwIP/src/core/netif.o (atoi)
C:/ST/STM32CubeIDE_2.2.0/STM32CubeIDE/plugins/com.st.stm32cube.ide.mcu.externaltools.gnu-tools-for-stm32.14.3.rel1.win32_1.0.100.202602081740/tools/bin/../lib/gcc/arm-none-eabi/14.3.1/../../../../arm-none-eabi/lib/thumb/v7e-m+dp/hard\libc_nano.a(libc_a-exit.o)
                              C:/ST/STM32CubeIDE_2.2.0/STM32CubeIDE/plugins/com.st.stm32cube.ide.mcu.externaltools.gnu-tools-for-stm32.14.3.rel1.win32_1.0.100.202602081740/tools/bin/../lib/gcc/arm-none-eabi/14.3.1/../../../../arm-none-eabi/lib/thumb/v7e-m+dp/hard/crt0.o (exit)
C:/ST/STM32CubeIDE_2.2.0/STM32CubeIDE/plugins/com.st.stm32cube.ide.mcu.externaltools.gnu-tools-for-stm32.14.3.rel1.win32_1.0.100.202602081740/tools/bin/../lib/gcc/arm-none-eabi/14.3.1/../../../../arm-none-eabi/lib/thumb/v7e-m+dp/hard\libc_nano.a(libc_a-rand.o)
                              ./Middlewares/Third_Party/LwIP/src/core/tcp.o (rand)
C:/ST/STM32CubeIDE_2.2.0/STM32CubeIDE/plugins/com.st.stm32cube.ide.mcu.externaltools.gnu-tools-for-stm32.14.3.rel1.win32_1.0.100.202602081740/tools/bin/../lib/gcc/arm-none-eabi/14.3.1/../../../../arm-none-eabi/lib/thumb/v7e-m+dp/hard\libc_nano.a(libc_a-strtol.o)
                              C:/ST/STM32CubeIDE_2.2.0/STM32CubeIDE/plugins/com.st.stm32cube.ide.mcu.externaltools.gnu-tools-for-stm32.14.3.rel1.win32_1.0.100.202602081740/tools/bin/../lib/gcc/arm-none-eabi/14.3.1/../../../../arm-none-eabi/lib/thumb/v7e-m+dp/hard\libc_nano.a(libc_a-atoi.o) (_strtol_r)
C:/ST/STM32CubeIDE_2.2.0/STM32CubeIDE/plugins/com.st.stm32cube.ide.mcu.externaltools.gnu-tools-for-stm32.14.3.rel1.win32_1.0.100.202602081740/tools/bin/../lib/gcc/arm-none-eabi/14.3.1/../../../../arm-none-eabi/lib/thumb/v7e-m+dp/hard\libc_nano.a(libc_a-ctype_.o)
                              ./Middlewares/Third_Party/LwIP/src/core/ipv4/ip4_addr.o (_ctype_)
C:/ST/STM32CubeIDE_2.2.0/STM32CubeIDE/plugins/com.st.stm32cube.ide.mcu.externaltools.gnu-tools-for-stm32.14.3.rel1.win32_1.0.100.202602081740/tools/bin/../lib/gcc/arm-none-eabi/14.3.1/../../../../arm-none-eabi/lib/thumb/v7e-m+dp/hard\libc_nano.a(libc_a-findfp.o)
                              C:/ST/STM32CubeIDE_2.2.0/STM32CubeIDE/plugins/com.st.stm32cube.ide.mcu.externaltools.gnu-tools-for-stm32.14.3.rel1.win32_1.0.100.202602081740/tools/bin/../lib/gcc/arm-none-eabi/14.3.1/../../../../arm-none-eabi/lib/thumb/v7e-m+dp/hard\libc_nano.a(libc_a-exit.o) (__stdio_exit_handler)
C:/ST/STM32CubeIDE_2.2.0/STM32CubeIDE/plugins/com.st.stm32cube.ide.mcu.externaltools.gnu-tools-for-stm32.14.3.rel1.win32_1.0.100.202602081740/tools/bin/../lib/gcc/arm-none-eabi/14.3.1/../../../../arm-none-eabi/lib/thumb/v7e-m+dp/hard\libc_nano.a(libc_a-fwalk.o)
                              C:/ST/STM32CubeIDE_2.2.0/STM32CubeIDE/plugins/com.st.stm32cube.ide.mcu.externaltools.gnu-tools-for-stm32.14.3.rel1.win32_1.0.100.202602081740/tools/bin/../lib/gcc/arm-none-eabi/14.3.1/../../../../arm-none-eabi/lib/thumb/v7e-m+dp/hard\libc_nano.a(libc_a-findfp.o) (_fwalk_sglue)
C:/ST/STM32CubeIDE_2.2.0/STM32CubeIDE/plugins/com.st.stm32cube.ide.mcu.externaltools.gnu-tools-for-stm32.14.3.rel1.win32_1.0.100.202602081740/tools/bin/../lib/gcc/arm-none-eabi/14.3.1/../../../../arm-none-eabi/lib/thumb/v7e-m+dp/hard\libc_nano.a(libc_a-printf.o)
                              ./LWIP/Target/ethernetif.o (printf)
C:/ST/STM32CubeIDE_2.2.0/STM32CubeIDE/plugins/com.st.stm32cube.ide.mcu.externaltools.gnu-tools-for-stm32.14.3.rel1.win32_1.0.100.202602081740/tools/bin/../lib/gcc/arm-none-eabi/14.3.1/../../../../arm-none-eabi/lib/thumb/v7e-m+dp/hard\libc_nano.a(libc_a-stdio.o)
                              C:/ST/STM32CubeIDE_2.2.0/STM32CubeIDE/plugins/com.st.stm32cube.ide.mcu.externaltools.gnu-tools-for-stm32.14.3.rel1.win32_1.0.100.202602081740/tools/bin/../lib/gcc/arm-none-eabi/14.3.1/../../../../arm-none-eabi/lib/thumb/v7e-m+dp/hard\libc_nano.a(libc_a-findfp.o) (__sread)
C:/ST/STM32CubeIDE_2.2.0/STM32CubeIDE/plugins/com.st.stm32cube.ide.mcu.externaltools.gnu-tools-for-stm32.14.3.rel1.win32_1.0.100.202602081740/tools/bin/../lib/gcc/arm-none-eabi/14.3.1/../../../../arm-none-eabi/lib/thumb/v7e-m+dp/hard\libc_nano.a(libc_a-memcmp.o)
                              ./Middlewares/Third_Party/LwIP/src/netif/bridgeif_fdb.o (memcmp)
C:/ST/STM32CubeIDE_2.2.0/STM32CubeIDE/plugins/com.st.stm32cube.ide.mcu.externaltools.gnu-tools-for-stm32.14.3.rel1.win32_1.0.100.202602081740/tools/bin/../lib/gcc/arm-none-eabi/14.3.1/../../../../arm-none-eabi/lib/thumb/v7e-m+dp/hard\libc_nano.a(libc_a-memmove.o)
                              ./Middlewares/Third_Party/LwIP/src/core/def.o (memmove)
[...]
Memory Configuration

Name             Origin             Length             Attributes
ITCMRAM          0x00000000         0x00010000         xrw
DTCMRAM          0x20000000         0x00020000         xrw
FLASH            0x08000000         0x00100000         xr
RAM_D1           0x24000000         0x00050000         xrw
RAM_D2           0x30000000         0x00008000         xrw
RAM_D3           0x38000000         0x00004000         xrw
*default*        0x00000000         0xffffffff

Linker script and memory map

LOAD C:/ST/STM32CubeIDE_2.2.0/STM32CubeIDE/plugins/com.st.stm32cube.ide.mcu.externaltools.gnu-tools-for-stm32.14.3.rel1.win32_1.0.100.202602081740/tools/bin/../lib/gcc/arm-none-eabi/14.3.1/thumb/v7e-m+dp/hard/crti.o
LOAD C:/ST/STM32CubeIDE_2.2.0/STM32CubeIDE/plugins/com.st.stm32cube.ide.mcu.externaltools.gnu-tools-for-stm32.14.3.rel1.win32_1.0.100.202602081740/tools/bin/../lib/gcc/arm-none-eabi/14.3.1/thumb/v7e-m+dp/hard/crtbegin.o
LOAD C:/ST/STM32CubeIDE_2.2.0/STM32CubeIDE/plugins/com.st.stm32cube.ide.mcu.externaltools.gnu-tools-for-stm32.14.3.rel1.win32_1.0.100.202602081740/tools/bin/../lib/gcc/arm-none-eabi/14.3.1/../../../../arm-none-eabi/lib/thumb/v7e-m+dp/hard/crt0.o
LOAD ./Core/Src/fdcan.o
LOAD ./Core/Src/gpio.o
LOAD ./Core/Src/main.o
LOAD ./Core/Src/rear_telemetry.o
LOAD ./Core/Src/rear_zone_network.o
LOAD ./Core/Src/stm32h7xx_hal_msp.o
LOAD ./Core/Src/stm32h7xx_it.o
LOAD ./Core/Src/syscalls.o
LOAD ./Core/Src/sysmem.o
LOAD ./Core/Src/system_stm32h7xx.o
LOAD ./Core/Src/udp_echo.o
LOAD ./Core/Startup/startup_stm32h723zgtx.o
LOAD ./Drivers/BSP/Components/lan8742/lan8742.o
LOAD ./Drivers/STM32H7xx_HAL_Driver/Src/stm32h7xx_hal.o
LOAD ./Drivers/STM32H7xx_HAL_Driver/Src/stm32h7xx_hal_cortex.o
LOAD ./Drivers/STM32H7xx_HAL_Driver/Src/stm32h7xx_hal_dma.o
LOAD ./Drivers/STM32H7xx_HAL_Driver/Src/stm32h7xx_hal_dma_ex.o
LOAD ./Drivers/STM32H7xx_HAL_Driver/Src/stm32h7xx_hal_eth.o
LOAD ./Drivers/STM32H7xx_HAL_Driver/Src/stm32h7xx_hal_eth_ex.o
LOAD ./Drivers/STM32H7xx_HAL_Driver/Src/stm32h7xx_hal_exti.o
LOAD ./Drivers/STM32H7xx_HAL_Driver/Src/stm32h7xx_hal_fdcan.o
LOAD ./Drivers/STM32H7xx_HAL_Driver/Src/stm32h7xx_hal_flash.o
LOAD ./Drivers/STM32H7xx_HAL_Driver/Src/stm32h7xx_hal_flash_ex.o
LOAD ./Drivers/STM32H7xx_HAL_Driver/Src/stm32h7xx_hal_gpio.o
LOAD ./Drivers/STM32H7xx_HAL_Driver/Src/stm32h7xx_hal_hsem.o
LOAD ./Drivers/STM32H7xx_HAL_Driver/Src/stm32h7xx_hal_i2c.o
LOAD ./Drivers/STM32H7xx_HAL_Driver/Src/stm32h7xx_hal_i2c_ex.o
LOAD ./Drivers/STM32H7xx_HAL_Driver/Src/stm32h7xx_hal_mdma.o
LOAD ./Drivers/STM32H7xx_HAL_Driver/Src/stm32h7xx_hal_pwr.o
LOAD ./Drivers/STM32H7xx_HAL_Driver/Src/stm32h7xx_hal_pwr_ex.o
LOAD ./Drivers/STM32H7xx_HAL_Driver/Src/stm32h7xx_hal_rcc.o
LOAD ./Drivers/STM32H7xx_HAL_Driver/Src/stm32h7xx_hal_rcc_ex.o
LOAD ./Drivers/STM32H7xx_HAL_Driver/Src/stm32h7xx_hal_tim.o
LOAD ./Drivers/STM32H7xx_HAL_Driver/Src/stm32h7xx_hal_tim_ex.o
LOAD ./LWIP/App/lwip.o
LOAD ./LWIP/Target/ethernetif.o
LOAD ./Middlewares/Third_Party/LwIP/src/api/api_lib.o
LOAD ./Middlewares/Third_Party/LwIP/src/api/api_msg.o
LOAD ./Middlewares/Third_Party/LwIP/src/api/err.o
LOAD ./Middlewares/Third_Party/LwIP/src/api/if_api.o
LOAD ./Middlewares/Third_Party/LwIP/src/api/netbuf.o
LOAD ./Middlewares/Third_Party/LwIP/src/api/netdb.o
LOAD ./Middlewares/Third_Party/LwIP/src/api/netifapi.o
LOAD ./Middlewares/Third_Party/LwIP/src/api/sockets.o
LOAD ./Middlewares/Third_Party/LwIP/src/api/tcpip.o
LOAD ./Middlewares/Third_Party/LwIP/src/apps/mqtt/mqtt.o
LOAD ./Middlewares/Third_Party/LwIP/src/core/altcp.o
LOAD ./Middlewares/Third_Party/LwIP/src/core/altcp_alloc.o
LOAD ./Middlewares/Third_Party/LwIP/src/core/altcp_tcp.o
LOAD ./Middlewares/Third_Party/LwIP/src/core/def.o
LOAD ./Middlewares/Third_Party/LwIP/src/core/dns.o
LOAD ./Middlewares/Third_Party/LwIP/src/core/inet_chksum.o
LOAD ./Middlewares/Third_Party/LwIP/src/core/init.o
LOAD ./Middlewares/Third_Party/LwIP/src/core/ip.o
LOAD ./Middlewares/Third_Party/LwIP/src/core/mem.o
LOAD ./Middlewares/Third_Party/LwIP/src/core/memp.o
LOAD ./Middlewares/Third_Party/LwIP/src/core/netif.o
LOAD ./Middlewares/Third_Party/LwIP/src/core/pbuf.o
LOAD ./Middlewares/Third_Party/LwIP/src/core/raw.o
LOAD ./Middlewares/Third_Party/LwIP/src/core/stats.o
LOAD ./Middlewares/Third_Party/LwIP/src/core/sys.o
LOAD ./Middlewares/Third_Party/LwIP/src/core/tcp.o
LOAD ./Middlewares/Third_Party/LwIP/src/core/tcp_in.o
LOAD ./Middlewares/Third_Party/LwIP/src/core/tcp_out.o
LOAD ./Middlewares/Third_Party/LwIP/src/core/timeouts.o
LOAD ./Middlewares/Third_Party/LwIP/src/core/udp.o
LOAD ./Middlewares/Third_Party/LwIP/src/core/ipv4/acd.o
LOAD ./Middlewares/Third_Party/LwIP/src/core/ipv4/autoip.o
LOAD ./Middlewares/Third_Party/LwIP/src/core/ipv4/dhcp.o
LOAD ./Middlewares/Third_Party/LwIP/src/core/ipv4/etharp.o
LOAD ./Middlewares/Third_Party/LwIP/src/core/ipv4/icmp.o
LOAD ./Middlewares/Third_Party/LwIP/src/core/ipv4/igmp.o
LOAD ./Middlewares/Third_Party/LwIP/src/core/ipv4/ip4.o
LOAD ./Middlewares/Third_Party/LwIP/src/core/ipv4/ip4_addr.o
LOAD ./Middlewares/Third_Party/LwIP/src/core/ipv4/ip4_frag.o
LOAD ./Middlewares/Third_Party/LwIP/src/core/ipv6/dhcp6.o
LOAD ./Middlewares/Third_Party/LwIP/src/core/ipv6/ethip6.o
LOAD ./Middlewares/Third_Party/LwIP/src/core/ipv6/icmp6.o
LOAD ./Middlewares/Third_Party/LwIP/src/core/ipv6/inet6.o
LOAD ./Middlewares/Third_Party/LwIP/src/core/ipv6/ip6.o
LOAD ./Middlewares/Third_Party/LwIP/src/core/ipv6/ip6_addr.o
LOAD ./Middlewares/Third_Party/LwIP/src/core/ipv6/ip6_frag.o
LOAD ./Middlewares/Third_Party/LwIP/src/core/ipv6/mld6.o
LOAD ./Middlewares/Third_Party/LwIP/src/core/ipv6/nd6.o
LOAD ./Middlewares/Third_Party/LwIP/src/netif/bridgeif.o
LOAD ./Middlewares/Third_Party/LwIP/src/netif/bridgeif_fdb.o
LOAD ./Middlewares/Third_Party/LwIP/src/netif/ethernet.o
LOAD ./Middlewares/Third_Party/LwIP/src/netif/lowpan6.o
LOAD ./Middlewares/Third_Party/LwIP/src/netif/lowpan6_ble.o
LOAD ./Middlewares/Third_Party/LwIP/src/netif/lowpan6_common.o
LOAD ./Middlewares/Third_Party/LwIP/src/netif/slipif.o
LOAD ./Middlewares/Third_Party/LwIP/src/netif/zepif.o
LOAD ./Middlewares/Third_Party/LwIP/src/netif/ppp/auth.o
LOAD ./Middlewares/Third_Party/LwIP/src/netif/ppp/ccp.o
LOAD ./Middlewares/Third_Party/LwIP/src/netif/ppp/chap-md5.o
LOAD ./Middlewares/Third_Party/LwIP/src/netif/ppp/chap-new.o
LOAD ./Middlewares/Third_Party/LwIP/src/netif/ppp/chap_ms.o
LOAD ./Middlewares/Third_Party/LwIP/src/netif/ppp/demand.o
LOAD ./Middlewares/Third_Party/LwIP/src/netif/ppp/eap.o
LOAD ./Middlewares/Third_Party/LwIP/src/netif/ppp/ecp.o
LOAD ./Middlewares/Third_Party/LwIP/src/netif/ppp/eui64.o
LOAD ./Middlewares/Third_Party/LwIP/src/netif/ppp/fsm.o
LOAD ./Middlewares/Third_Party/LwIP/src/netif/ppp/ipcp.o
LOAD ./Middlewares/Third_Party/LwIP/src/netif/ppp/ipv6cp.o
LOAD ./Middlewares/Third_Party/LwIP/src/netif/ppp/lcp.o
LOAD ./Middlewares/Third_Party/LwIP/src/netif/ppp/magic.o
LOAD ./Middlewares/Third_Party/LwIP/src/netif/ppp/mppe.o
LOAD ./Middlewares/Third_Party/LwIP/src/netif/ppp/multilink.o
LOAD ./Middlewares/Third_Party/LwIP/src/netif/ppp/ppp.o
LOAD ./Middlewares/Third_Party/LwIP/src/netif/ppp/pppapi.o
LOAD ./Middlewares/Third_Party/LwIP/src/netif/ppp/pppcrypt.o
LOAD ./Middlewares/Third_Party/LwIP/src/netif/ppp/pppoe.o
LOAD ./Middlewares/Third_Party/LwIP/src/netif/ppp/pppol2tp.o
LOAD ./Middlewares/Third_Party/LwIP/src/netif/ppp/pppos.o
LOAD ./Middlewares/Third_Party/LwIP/src/netif/ppp/upap.o
LOAD ./Middlewares/Third_Party/LwIP/src/netif/ppp/utils.o
LOAD ./Middlewares/Third_Party/LwIP/src/netif/ppp/vj.o
START GROUP
LOAD C:/ST/STM32CubeIDE_2.2.0/STM32CubeIDE/plugins/com.st.stm32cube.ide.mcu.externaltools.gnu-tools-for-stm32.14.3.rel1.win32_1.0.100.202602081740/tools/bin/../lib/gcc/arm-none-eabi/14.3.1/../../../../arm-none-eabi/lib/thumb/v7e-m+dp/hard\libc_nano.a
LOAD C:/ST/STM32CubeIDE_2.2.0/STM32CubeIDE/plugins/com.st.stm32cube.ide.mcu.externaltools.gnu-tools-for-stm32.14.3.rel1.win32_1.0.100.202602081740/tools/bin/../lib/gcc/arm-none-eabi/14.3.1/../../../../arm-none-eabi/lib/thumb/v7e-m+dp/hard\libm.a
END GROUP
START GROUP
LOAD C:/ST/STM32CubeIDE_2.2.0/STM32CubeIDE/plugins/com.st.stm32cube.ide.mcu.externaltools.gnu-tools-for-stm32.14.3.rel1.win32_1.0.100.202602081740/tools/bin/../lib/gcc/arm-none-eabi/14.3.1/thumb/v7e-m+dp/hard\libgcc.a
LOAD C:/ST/STM32CubeIDE_2.2.0/STM32CubeIDE/plugins/com.st.stm32cube.ide.mcu.externaltools.gnu-tools-for-stm32.14.3.rel1.win32_1.0.100.202602081740/tools/bin/../lib/gcc/arm-none-eabi/14.3.1/../../../../arm-none-eabi/lib/thumb/v7e-m+dp/hard\libc_nano.a
END GROUP
START GROUP
LOAD C:/ST/STM32CubeIDE_2.2.0/STM32CubeIDE/plugins/com.st.stm32cube.ide.mcu.externaltools.gnu-tools-for-stm32.14.3.rel1.win32_1.0.100.202602081740/tools/bin/../lib/gcc/arm-none-eabi/14.3.1/thumb/v7e-m+dp/hard\libgcc.a
LOAD C:/ST/STM32CubeIDE_2.2.0/STM32CubeIDE/plugins/com.st.stm32cube.ide.mcu.externaltools.gnu-tools-for-stm32.14.3.rel1.win32_1.0.100.202602081740/tools/bin/../lib/gcc/arm-none-eabi/14.3.1/../../../../arm-none-eabi/lib/thumb/v7e-m+dp/hard\libc_nano.a
LOAD C:/ST/STM32CubeIDE_2.2.0/STM32CubeIDE/plugins/com.st.stm32cube.ide.mcu.externaltools.gnu-tools-for-stm32.14.3.rel1.win32_1.0.100.202602081740/tools/bin/../lib/gcc/arm-none-eabi/14.3.1/../../../../arm-none-eabi/lib/thumb/v7e-m+dp/hard\libnosys.a
END GROUP
START GROUP
LOAD C:/ST/STM32CubeIDE_2.2.0/STM32CubeIDE/plugins/com.st.stm32cube.ide.mcu.externaltools.gnu-tools-for-stm32.14.3.rel1.win32_1.0.100.202602081740/tools/bin/../lib/gcc/arm-none-eabi/14.3.1/thumb/v7e-m+dp/hard\libgcc.a
LOAD C:/ST/STM32CubeIDE_2.2.0/STM32CubeIDE/plugins/com.st.stm32cube.ide.mcu.externaltools.gnu-tools-for-stm32.14.3.rel1.win32_1.0.100.202602081740/tools/bin/../lib/gcc/arm-none-eabi/14.3.1/../../../../arm-none-eabi/lib/thumb/v7e-m+dp/hard\libc_nano.a
LOAD C:/ST/STM32CubeIDE_2.2.0/STM32CubeIDE/plugins/com.st.stm32cube.ide.mcu.externaltools.gnu-tools-for-stm32.14.3.rel1.win32_1.0.100.202602081740/tools/bin/../lib/gcc/arm-none-eabi/14.3.1/../../../../arm-none-eabi/lib/thumb/v7e-m+dp/hard\libnosys.a
END GROUP
LOAD C:/ST/STM32CubeIDE_2.2.0/STM32CubeIDE/plugins/com.st.stm32cube.ide.mcu.externaltools.gnu-tools-for-stm32.14.3.rel1.win32_1.0.100.202602081740/tools/bin/../lib/gcc/arm-none-eabi/14.3.1/thumb/v7e-m+dp/hard/crtend.o
LOAD C:/ST/STM32CubeIDE_2.2.0/STM32CubeIDE/plugins/com.st.stm32cube.ide.mcu.externaltools.gnu-tools-for-stm32.14.3.rel1.win32_1.0.100.202602081740/tools/bin/../lib/gcc/arm-none-eabi/14.3.1/thumb/v7e-m+dp/hard/crtn.o
                0x24050000                        _estack = (ORIGIN (RAM_D1) + LENGTH (RAM_D1))
                0x00000200                        _Min_Heap_Size = 0x200
                0x00000400                        _Min_Stack_Size = 0x400

.isr_vector     0x08000000      0x2cc
                0x08000000                        . = ALIGN (0x4)
 *(.isr_vector)
 .isr_vector    0x08000000      0x2cc ./Core/Startup/startup_stm32h723zgtx.o
                0x08000000                g_pfnVectors
                0x080002cc                        . = ALIGN (0x4)

.text           0x080002d0     0xb77c
                0x080002d0                        . = ALIGN (0x4)
 *(.text)
 .text          0x080002d0       0x40 C:/ST/STM32CubeIDE_2.2.0/STM32CubeIDE/plugins/com.st.stm32cube.ide.mcu.externaltools.gnu-tools-for-stm32.14.3.rel1.win32_1.0.100.202602081740/tools/bin/../lib/gcc/arm-none-eabi/14.3.1/thumb/v7e-m+dp/hard/crtbegin.o
 .text          0x08000310       0xa0 C:/ST/STM32CubeIDE_2.2.0/STM32CubeIDE/plugins/com.st.stm32cube.ide.mcu.externaltools.gnu-tools-for-stm32.14.3.rel1.win32_1.0.100.202602081740/tools/bin/../lib/gcc/arm-none-eabi/14.3.1/../../../../arm-none-eabi/lib/thumb/v7e-m+dp/hard\libc_nano.a(libc_a-memchr.o)
                0x08000310                memchr
 *(.text*)
 .text.MX_FDCAN1_Init
                0x080003b0       0x68 ./Core/Src/fdcan.o
                0x080003b0                MX_FDCAN1_Init
 .text.MX_FDCAN2_Init
                0x08000418       0x68 ./Core/Src/fdcan.o
                0x08000418                MX_FDCAN2_Init
 .text.HAL_FDCAN_MspInit
                0x08000480      0x150 ./Core/Src/fdcan.o
                0x08000480                HAL_FDCAN_MspInit
 .text.MX_GPIO_Init
                0x080005d0       0xa8 ./Core/Src/gpio.o
                0x080005d0                MX_GPIO_Init
 .text.LED_CommandSetStep
                0x08000678       0x68 ./Core/Src/main.o
 .text.RearLamp_SendU8
                0x080006e0       0x70 ./Core/Src/main.o
 .text.SystemClock_Config
                0x08000750       0xa4 ./Core/Src/main.o
                0x08000750                SystemClock_Config
 .text.startup.main
                0x080007f4      0x618 ./Core/Src/main.o
                0x080007f4                main
 .text.HAL_FDCAN_RxFifo0Callback
                0x08000e0c      0x204 ./Core/Src/main.o
                0x08000e0c                HAL_FDCAN_RxFifo0Callback
 .text.HAL_FDCAN_ErrorCallback
                0x08001010       0x34 ./Core/Src/main.o
                0x08001010                HAL_FDCAN_ErrorCallback
 .text.Error_Handler
                0x08001044        0x4 ./Core/Src/main.o
                0x08001044                Error_Handler
 .text.RearTelemetry_Init
                0x08001048       0x38 ./Core/Src/rear_telemetry.o
                0x08001048                RearTelemetry_Init
 .text.RearTelemetry_Process
                0x08001080      0x1d4 ./Core/Src/rear_telemetry.o
                0x08001080                RearTelemetry_Process
 .text.RearZone_SendAck
                0x08001254       0x44 ./Core/Src/rear_zone_network.o
 .text.RearZone_CommandCallback
                0x08001298      0x168 ./Core/Src/rear_zone_network.o
 .text.RearZone_FrontStateCallback
                0x08001400       0xf4 ./Core/Src/rear_zone_network.o
 .text.RearZoneNetwork_Init
                0x080014f4       0x88 ./Core/Src/rear_zone_network.o
                0x080014f4                RearZoneNetwork_Init
 .text.RearZoneNetwork_Process
                0x0800157c      0x24c ./Core/Src/rear_zone_network.o
                0x0800157c                RearZoneNetwork_Process
 .text.HAL_MspInit
                0x080017c8       0x24 ./Core/Src/stm32h7xx_hal_msp.o
                0x080017c8                HAL_MspInit
 .text.NMI_Handler
                0x080017ec        0x2 ./Core/Src/stm32h7xx_it.o
                0x080017ec                NMI_Handler
 .text.HardFault_Handler
                0x080017ee        0x2 ./Core/Src/stm32h7xx_it.o
                0x080017ee                HardFault_Handler
 .text.MemManage_Handler
                0x080017f0        0x2 ./Core/Src/stm32h7xx_it.o
                0x080017f0                MemManage_Handler
 .text.BusFault_Handler
                0x080017f2        0x2 ./Core/Src/stm32h7xx_it.o
                0x080017f2                BusFault_Handler
 .text.UsageFault_Handler
                0x080017f4        0x2 ./Core/Src/stm32h7xx_it.o
                0x080017f4                UsageFault_Handler
 .text.SVC_Handler
                0x080017f6        0x2 ./Core/Src/stm32h7xx_it.o
                0x080017f6                SVC_Handler
 .text.DebugMon_Handler
                0x080017f8        0x2 ./Core/Src/stm32h7xx_it.o
                0x080017f8                DebugMon_Handler
 .text.PendSV_Handler
                0x080017fa        0x2 ./Core/Src/stm32h7xx_it.o
                0x080017fa                PendSV_Handler
 .text.SysTick_Handler
                0x080017fc        0x4 ./Core/Src/stm32h7xx_it.o
                0x080017fc                SysTick_Handler
 .text.FDCAN1_IT0_IRQHandler
                0x08001800        0xc ./Core/Src/stm32h7xx_it.o
                0x08001800                FDCAN1_IT0_IRQHandler
 .text.FDCAN2_IT0_IRQHandler
                0x0800180c        0xc ./Core/Src/stm32h7xx_it.o
                0x0800180c                FDCAN2_IT0_IRQHandler
 .text._getpid  0x08001818        0x4 ./Core/Src/syscalls.o
                0x08001818                _getpid
 .text._kill    0x0800181c       0x10 ./Core/Src/syscalls.o
                0x0800181c                _kill
 .text._exit    0x0800182c        0xc ./Core/Src/syscalls.o
                0x0800182c                _exit
 .text._read    0x08001838       0x1c ./Core/Src/syscalls.o
                0x08001838                _read
 .text._write   0x08001854       0x1c ./Core/Src/syscalls.o
                0x08001854                _write
 .text._close   0x08001870        0x6 ./Core/Src/syscalls.o
                0x08001870                _close
 .text._fstat   0x08001876        0xa ./Core/Src/syscalls.o
                0x08001876                _fstat
 .text._isatty  0x08001880        0x4 ./Core/Src/syscalls.o
                0x08001880                _isatty
 .text._lseek   0x08001884        0x4 ./Core/Src/syscalls.o
                0x08001884                _lseek
 .text._sbrk    0x08001888       0x40 ./Core/Src/sysmem.o
                0x08001888                _sbrk
 .text.SystemInit
                0x080018c8       0xc4 ./Core/Src/system_stm32h7xx.o
                0x080018c8                SystemInit
 .text.ExitRun0Mode
                0x0800198c       0x18 ./Core/Src/system_stm32h7xx.o
                0x0800198c                ExitRun0Mode
 .text.Reset_Handler
                0x080019a4       0x54 ./Core/Startup/startup_stm32h723zgtx.o
                0x080019a4                Reset_Handler
 .text.Default_Handler
                0x080019f8        0x2 ./Core/Startup/startup_stm32h723zgtx.o
                0x080019f8                RTC_Alarm_IRQHandler
                0x080019f8                EXTI2_IRQHandler
                0x080019f8                TIM8_CC_IRQHandler
                0x080019f8                UART8_IRQHandler
                0x080019f8                SPI4_IRQHandler
                0x080019f8                FDCAN3_IT0_IRQHandler
                0x080019f8                TIM1_CC_IRQHandler
                0x080019f8                BDMA_Channel6_IRQHandler
                0x080019f8                DMA2_Stream5_IRQHandler
                0x080019f8                DMA1_Stream5_IRQHandler
                0x080019f8                CORDIC_IRQHandler
                0x080019f8                BDMA_Channel1_IRQHandler
                0x080019f8                TAMP_STAMP_IRQHandler
                0x080019f8                EXTI3_IRQHandler
                0x080019f8                LPTIM4_IRQHandler
                0x080019f8                TIM8_TRG_COM_TIM14_IRQHandler
                0x080019f8                LPTIM2_IRQHandler
                0x080019f8                DFSDM1_FLT1_IRQHandler
                0x080019f8                DMAMUX2_OVR_IRQHandler
                0x080019f8                TIM8_UP_TIM13_IRQHandler
                0x080019f8                I2C3_ER_IRQHandler
                0x080019f8                DFSDM1_FLT2_IRQHandler
                0x080019f8                I2C5_EV_IRQHandler
                0x080019f8                USART10_IRQHandler
                0x080019f8                MDMA_IRQHandler
                0x080019f8                LPTIM3_IRQHandler
                0x080019f8                HSEM1_IRQHandler
                0x080019f8                EXTI0_IRQHandler
                0x080019f8                I2C2_EV_IRQHandler
                0x080019f8                DMA1_Stream2_IRQHandler
                0x080019f8                FPU_IRQHandler
                0x080019f8                OTG_HS_WKUP_IRQHandler
                0x080019f8                FDCAN1_IT1_IRQHandler
                0x080019f8                LTDC_ER_IRQHandler
                0x080019f8                DMA2_Stream2_IRQHandler
                0x080019f8                SPI1_IRQHandler
                0x080019f8                OCTOSPI1_IRQHandler
                0x080019f8                TIM6_DAC_IRQHandler
                0x080019f8                DMA2_Stream3_IRQHandler
                0x080019f8                OCTOSPI2_IRQHandler
                0x080019f8                DFSDM1_FLT3_IRQHandler
                0x080019f8                TIM23_IRQHandler
                0x080019f8                USART6_IRQHandler
                0x080019f8                TIM17_IRQHandler
                0x080019f8                USART3_IRQHandler
                0x080019f8                BDMA_Channel7_IRQHandler
                0x080019f8                LPTIM5_IRQHandler
                0x080019f8                UART5_IRQHandler
                0x080019f8                ADC3_IRQHandler
                0x080019f8                DMA2_Stream0_IRQHandler
                0x080019f8                TIM4_IRQHandler
                0x080019f8                BDMA_Channel2_IRQHandler
                0x080019f8                I2C1_EV_IRQHandler
                0x080019f8                DMA1_Stream6_IRQHandler
                0x080019f8                DMAMUX1_OVR_IRQHandler
                0x080019f8                DMA1_Stream1_IRQHandler
                0x080019f8                TIM16_IRQHandler
                0x080019f8                UART4_IRQHandler
                0x080019f8                BDMA_Channel5_IRQHandler
                0x080019f8                TIM3_IRQHandler
                0x080019f8                RCC_IRQHandler
                0x080019f8                UART9_IRQHandler
                0x080019f8                TIM8_BRK_TIM12_IRQHandler
                0x080019f8                TIM1_TRG_COM_IRQHandler
                0x080019f8                Default_Handler
                0x080019f8                ECC_IRQHandler
                0x080019f8                FMAC_IRQHandler
                0x080019f8                CEC_IRQHandler
                0x080019f8                EXTI15_10_IRQHandler
                0x080019f8                BDMA_Channel0_IRQHandler
                0x080019f8                ADC_IRQHandler
                0x080019f8                I2C5_ER_IRQHandler
                0x080019f8                DMA1_Stream7_IRQHandler
                0x080019f8                SPI5_IRQHandler
                0x080019f8                TIM7_IRQHandler
                0x080019f8                FDCAN3_IT1_IRQHandler
                0x080019f8                SDMMC1_IRQHandler
                0x080019f8                TIM5_IRQHandler
                0x080019f8                DMA2_Stream7_IRQHandler
                0x080019f8                TIM15_IRQHandler
                0x080019f8                PVD_AVD_IRQHandler
                0x080019f8                I2C3_EV_IRQHandler
                0x080019f8                EXTI9_5_IRQHandler
                0x080019f8                RTC_WKUP_IRQHandler
                0x080019f8                LTDC_IRQHandler
                0x080019f8                ETH_WKUP_IRQHandler
                0x080019f8                SPDIF_RX_IRQHandler
                0x080019f8                SPI2_IRQHandler
                0x080019f8                OTG_HS_EP1_IN_IRQHandler
                0x080019f8                DMA1_Stream0_IRQHandler
                0x080019f8                TIM24_IRQHandler
                0x080019f8                CRS_IRQHandler
                0x080019f8                EXTI4_IRQHandler
                0x080019f8                RNG_IRQHandler
                0x080019f8                FDCAN2_IT1_IRQHandler
                0x080019f8                ETH_IRQHandler
                0x080019f8                TIM1_UP_IRQHandler
                0x080019f8                BDMA_Channel4_IRQHandler
                0x080019f8                OTG_HS_EP1_OUT_IRQHandler
                0x080019f8                WWDG_IRQHandler
                0x080019f8                SPI6_IRQHandler
                0x080019f8                MDIOS_IRQHandler
                0x080019f8                I2C4_EV_IRQHandler
                0x080019f8                LPUART1_IRQHandler
                0x080019f8                TIM2_IRQHandler
                0x080019f8                OTG_HS_IRQHandler
                0x080019f8                DMA2D_IRQHandler
                0x080019f8                TIM1_BRK_IRQHandler
                0x080019f8                EXTI1_IRQHandler
                0x080019f8                SDMMC2_IRQHandler
                0x080019f8                BDMA_Channel3_IRQHandler
                0x080019f8                DTS_IRQHandler
                0x080019f8                UART7_IRQHandler
                0x080019f8                MDIOS_WKUP_IRQHandler
                0x080019f8                USART2_IRQHandler
                0x080019f8                DFSDM1_FLT0_IRQHandler
                0x080019f8                SAI4_IRQHandler
                0x080019f8                I2C2_ER_IRQHandler
                0x080019f8                DMA2_Stream1_IRQHandler
                0x080019f8                FLASH_IRQHandler
                0x080019f8                DMA2_Stream4_IRQHandler
                0x080019f8                USART1_IRQHandler
                0x080019f8                SPI3_IRQHandler
                0x080019f8                WAKEUP_PIN_IRQHandler
                0x080019f8                DMA1_Stream4_IRQHandler
                0x080019f8                I2C1_ER_IRQHandler
                0x080019f8                FMC_IRQHandler
                0x080019f8                FDCAN_CAL_IRQHandler
                0x080019f8                SWPMI1_IRQHandler
                0x080019f8                COMP1_IRQHandler
                0x080019f8                LPTIM1_IRQHandler
                0x080019f8                DCMI_PSSI_IRQHandler
                0x080019f8                I2C4_ER_IRQHandler
                0x080019f8                DMA2_Stream6_IRQHandler
                0x080019f8                SAI1_IRQHandler
                0x080019f8                DMA1_Stream3_IRQHandler
 .text.LAN8742_RegisterBusIO
                0x080019fa       0x28 ./Drivers/BSP/Components/lan8742/lan8742.o
                0x080019fa                LAN8742_RegisterBusIO
 .text.LAN8742_Init
                0x08001a22       0x5c ./Drivers/BSP/Components/lan8742/lan8742.o
                0x08001a22                LAN8742_Init
 .text.LAN8742_GetLinkState
                0x08001a7e       0x94 ./Drivers/BSP/Components/lan8742/lan8742.o
                0x08001a7e                LAN8742_GetLinkState
 *fill*         0x08001b12        0x2 
 .text.HAL_InitTick
                0x08001b14       0x4c ./Drivers/STM32H7xx_HAL_Driver/Src/stm32h7xx_hal.o
                0x08001b14                HAL_InitTick
 .text.HAL_Init
                0x08001b60       0x5c ./Drivers/STM32H7xx_HAL_Driver/Src/stm32h7xx_hal.o
                0x08001b60                HAL_Init
 .text.HAL_IncTick
                0x08001bbc       0x18 ./Drivers/STM32H7xx_HAL_Driver/Src/stm32h7xx_hal.o
                0x08001bbc                HAL_IncTick
 .text.HAL_GetTick
                0x08001bd4        0xc ./Drivers/STM32H7xx_HAL_Driver/Src/stm32h7xx_hal.o
                0x08001bd4                HAL_GetTick
 .text.HAL_SYSCFG_ETHInterfaceSelect
                0x08001be0       0x14 ./Drivers/STM32H7xx_HAL_Driver/Src/stm32h7xx_hal.o
                0x08001be0                HAL_SYSCFG_ETHInterfaceSelect
 .text.HAL_NVIC_SetPriorityGrouping
                0x08001bf4       0x24 ./Drivers/STM32H7xx_HAL_Driver/Src/stm32h7xx_hal_cortex.o
                0x08001bf4                HAL_NVIC_SetPriorityGrouping
 .text.HAL_NVIC_SetPriority
                0x08001c18       0x64 ./Drivers/STM32H7xx_HAL_Driver/Src/stm32h7xx_hal_cortex.o
                0x08001c18                HAL_NVIC_SetPriority
 .text.HAL_NVIC_EnableIRQ
                0x08001c7c       0x1c ./Drivers/STM32H7xx_HAL_Driver/Src/stm32h7xx_hal_cortex.o
                0x08001c7c                HAL_NVIC_EnableIRQ
 .text.HAL_SYSTICK_Config
                0x08001c98       0x28 ./Drivers/STM32H7xx_HAL_Driver/Src/stm32h7xx_hal_cortex.o
                0x08001c98                HAL_SYSTICK_Config
 .text.HAL_MPU_Disable
                0x08001cc0       0x1c ./Drivers/STM32H7xx_HAL_Driver/Src/stm32h7xx_hal_cortex.o
                0x08001cc0                HAL_MPU_Disable
 .text.HAL_MPU_Enable
                0x08001cdc       0x20 ./Drivers/STM32H7xx_HAL_Driver/Src/stm32h7xx_hal_cortex.o
                0x08001cdc                HAL_MPU_Enable
 .text.HAL_MPU_ConfigRegion
                0x08001cfc       0x58 ./Drivers/STM32H7xx_HAL_Driver/Src/stm32h7xx_hal_cortex.o
                0x08001cfc                HAL_MPU_ConfigRegion
 .text.ETH_SetMACConfig
                0x08001d54      0x182 ./Drivers/STM32H7xx_HAL_Driver/Src/stm32h7xx_hal_eth.o
 *fill*         0x08001ed6        0x2 
 .text.ETH_SetDMAConfig
                0x08001ed8       0x8c ./Drivers/STM32H7xx_HAL_Driver/Src/stm32h7xx_hal_eth.o
 .text.ETH_Prepare_Tx_Descriptors
                0x08001f64      0x308 ./Drivers/STM32H7xx_HAL_Driver/Src/stm32h7xx_hal_eth.o
 .text.ETH_UpdateDescriptor
                0x0800226c       0x7a ./Drivers/STM32H7xx_HAL_Driver/Src/stm32h7xx_hal_eth.o
 .text.HAL_ETH_Start
                0x080022e6       0x6e ./Drivers/STM32H7xx_HAL_Driver/Src/stm32h7xx_hal_eth.o
                0x080022e6                HAL_ETH_Start
 .text.HAL_ETH_Stop
                0x08002354       0x56 ./Drivers/STM32H7xx_HAL_Driver/Src/stm32h7xx_hal_eth.o
                0x08002354                HAL_ETH_Stop
 .text.HAL_ETH_Transmit
                0x080023aa       0xb2 ./Drivers/STM32H7xx_HAL_Driver/Src/stm32h7xx_hal_eth.o
                0x080023aa                HAL_ETH_Transmit
 .text.HAL_ETH_ReadData
                0x0800245c      0x116 ./Drivers/STM32H7xx_HAL_Driver/Src/stm32h7xx_hal_eth.o
                0x0800245c                HAL_ETH_ReadData
 .text.HAL_ETH_ReadPHYRegister
                0x08002572       0x5a ./Drivers/STM32H7xx_HAL_Driver/Src/stm32h7xx_hal_eth.o
                0x08002572                HAL_ETH_ReadPHYRegister
 .text.HAL_ETH_WritePHYRegister
                0x080025cc       0x60 ./Drivers/STM32H7xx_HAL_Driver/Src/stm32h7xx_hal_eth.o
                0x080025cc                HAL_ETH_WritePHYRegister
 .text.HAL_ETH_GetMACConfig
                0x0800262c      0x18c ./Drivers/STM32H7xx_HAL_Driver/Src/stm32h7xx_hal_eth.o
                0x0800262c                HAL_ETH_GetMACConfig
 .text.HAL_ETH_SetMACConfig
                0x080027b8       0x18 ./Drivers/STM32H7xx_HAL_Driver/Src/stm32h7xx_hal_eth.o
                0x080027b8                HAL_ETH_SetMACConfig
 .text.HAL_ETH_SetMDIOClockRange
                0x080027d0       0x68 ./Drivers/STM32H7xx_HAL_Driver/Src/stm32h7xx_hal_eth.o
                0x080027d0                HAL_ETH_SetMDIOClockRange
 .text.HAL_ETH_Init
                0x08002838      0x238 ./Drivers/STM32H7xx_HAL_Driver/Src/stm32h7xx_hal_eth.o
                0x08002838                HAL_ETH_Init
 .text.FDCAN_CopyMessageToRAM
                0x08002a70       0x80 ./Drivers/STM32H7xx_HAL_Driver/Src/stm32h7xx_hal_fdcan.o
 .text.HAL_FDCAN_Init
                0x08002af0      0x3d4 ./Drivers/STM32H7xx_HAL_Driver/Src/stm32h7xx_hal_fdcan.o
                0x08002af0                HAL_FDCAN_Init
 .text.HAL_FDCAN_ConfigFilter
                0x08002ec4       0x78 ./Drivers/STM32H7xx_HAL_Driver/Src/stm32h7xx_hal_fdcan.o
                0x08002ec4                HAL_FDCAN_ConfigFilter
 .text.HAL_FDCAN_ConfigGlobalFilter
                0x08002f3c       0x32 ./Drivers/STM32H7xx_HAL_Driver/Src/stm32h7xx_hal_fdcan.o
                0x08002f3c                HAL_FDCAN_ConfigGlobalFilter
 .text.HAL_FDCAN_Start
                0x08002f6e       0x32 ./Drivers/STM32H7xx_HAL_Driver/Src/stm32h7xx_hal_fdcan.o
                0x08002f6e                HAL_FDCAN_Start
 .text.HAL_FDCAN_AddMessageToTxFifoQ
                0x08002fa0       0x64 ./Drivers/STM32H7xx_HAL_Driver/Src/stm32h7xx_hal_fdcan.o
                0x08002fa0                HAL_FDCAN_AddMessageToTxFifoQ
 .text.HAL_FDCAN_GetRxMessage
                0x08003004      0x184 ./Drivers/STM32H7xx_HAL_Driver/Src/stm32h7xx_hal_fdcan.o
                0x08003004                HAL_FDCAN_GetRxMessage
 .text.HAL_FDCAN_GetProtocolStatus
                0x08003188       0x4a ./Drivers/STM32H7xx_HAL_Driver/Src/stm32h7xx_hal_fdcan.o
                0x08003188                HAL_FDCAN_GetProtocolStatus
 .text.HAL_FDCAN_GetErrorCounters
                0x080031d2       0x1e ./Drivers/STM32H7xx_HAL_Driver/Src/stm32h7xx_hal_fdcan.o
                0x080031d2                HAL_FDCAN_GetErrorCounters
 .text.HAL_FDCAN_GetRxFifoFillLevel
                0x080031f0       0x16 ./Drivers/STM32H7xx_HAL_Driver/Src/stm32h7xx_hal_fdcan.o
                0x080031f0                HAL_FDCAN_GetRxFifoFillLevel
 .text.HAL_FDCAN_GetTxFifoFreeLevel
                0x08003206        0xc ./Drivers/STM32H7xx_HAL_Driver/Src/stm32h7xx_hal_fdcan.o
                0x08003206                HAL_FDCAN_GetTxFifoFreeLevel
 *fill*         0x08003212        0x2 
 .text.HAL_FDCAN_ActivateNotification
                0x08003214       0x7c ./Drivers/STM32H7xx_HAL_Driver/Src/stm32h7xx_hal_fdcan.o
                0x08003214                HAL_FDCAN_ActivateNotification
 .text.HAL_FDCAN_ClockCalibrationCallback
                0x08003290        0x2 ./Drivers/STM32H7xx_HAL_Driver/Src/stm32h7xx_hal_fdcan.o
                0x08003290                HAL_FDCAN_ClockCalibrationCallback
 .text.HAL_FDCAN_TxEventFifoCallback
                0x08003292        0x2 ./Drivers/STM32H7xx_HAL_Driver/Src/stm32h7xx_hal_fdcan.o
                0x08003292                HAL_FDCAN_TxEventFifoCallback
 .text.HAL_FDCAN_RxFifo1Callback
                0x08003294        0x2 ./Drivers/STM32H7xx_HAL_Driver/Src/stm32h7xx_hal_fdcan.o
                0x08003294                HAL_FDCAN_RxFifo1Callback
 .text.HAL_FDCAN_TxFifoEmptyCallback
                0x08003296        0x2 ./Drivers/STM32H7xx_HAL_Driver/Src/stm32h7xx_hal_fdcan.o
                0x08003296                HAL_FDCAN_TxFifoEmptyCallback
 .text.HAL_FDCAN_TxBufferCompleteCallback
                0x08003298        0x2 ./Drivers/STM32H7xx_HAL_Driver/Src/stm32h7xx_hal_fdcan.o
                0x08003298                HAL_FDCAN_TxBufferCompleteCallback
 .text.HAL_FDCAN_TxBufferAbortCallback
                0x0800329a        0x2 ./Drivers/STM32H7xx_HAL_Driver/Src/stm32h7xx_hal_fdcan.o
                0x0800329a                HAL_FDCAN_TxBufferAbortCallback
 .text.HAL_FDCAN_RxBufferNewMessageCallback
                0x0800329c        0x2 ./Drivers/STM32H7xx_HAL_Driver/Src/stm32h7xx_hal_fdcan.o
                0x0800329c                HAL_FDCAN_RxBufferNewMessageCallback
 .text.HAL_FDCAN_TimestampWraparoundCallback
                0x0800329e        0x2 ./Drivers/STM32H7xx_HAL_Driver/Src/stm32h7xx_hal_fdcan.o
                0x0800329e                HAL_FDCAN_TimestampWraparoundCallback
 .text.HAL_FDCAN_TimeoutOccurredCallback
                0x080032a0        0x2 ./Drivers/STM32H7xx_HAL_Driver/Src/stm32h7xx_hal_fdcan.o
                0x080032a0                HAL_FDCAN_TimeoutOccurredCallback
 .text.HAL_FDCAN_HighPriorityMessageCallback
                0x080032a2        0x2 ./Drivers/STM32H7xx_HAL_Driver/Src/stm32h7xx_hal_fdcan.o
                0x080032a2                HAL_FDCAN_HighPriorityMessageCallback
 .text.HAL_FDCAN_ErrorStatusCallback
                0x080032a4        0x2 ./Drivers/STM32H7xx_HAL_Driver/Src/stm32h7xx_hal_fdcan.o
                0x080032a4                HAL_FDCAN_ErrorStatusCallback
 .text.HAL_FDCAN_TT_ScheduleSyncCallback
                0x080032a6        0x2 ./Drivers/STM32H7xx_HAL_Driver/Src/stm32h7xx_hal_fdcan.o
                0x080032a6                HAL_FDCAN_TT_ScheduleSyncCallback
 .text.HAL_FDCAN_TT_TimeMarkCallback
                0x080032a8        0x2 ./Drivers/STM32H7xx_HAL_Driver/Src/stm32h7xx_hal_fdcan.o
                0x080032a8                HAL_FDCAN_TT_TimeMarkCallback
 .text.HAL_FDCAN_TT_StopWatchCallback
                0x080032aa        0x2 ./Drivers/STM32H7xx_HAL_Driver/Src/stm32h7xx_hal_fdcan.o
                0x080032aa                HAL_FDCAN_TT_StopWatchCallback
 .text.HAL_FDCAN_TT_GlobalTimeCallback
                0x080032ac        0x2 ./Drivers/STM32H7xx_HAL_Driver/Src/stm32h7xx_hal_fdcan.o
                0x080032ac                HAL_FDCAN_TT_GlobalTimeCallback
 *fill*         0x080032ae        0x2 
 .text.HAL_FDCAN_IRQHandler
                0x080032b0      0x2d4 ./Drivers/STM32H7xx_HAL_Driver/Src/stm32h7xx_hal_fdcan.o
                0x080032b0                HAL_FDCAN_IRQHandler
 .text.HAL_FDCAN_GetError
                0x08003584        0x6 ./Drivers/STM32H7xx_HAL_Driver/Src/stm32h7xx_hal_fdcan.o
                0x08003584                HAL_FDCAN_GetError
 *fill*         0x0800358a        0x2 
 .text.HAL_GPIO_Init
                0x0800358c      0x1cc ./Drivers/STM32H7xx_HAL_Driver/Src/stm32h7xx_hal_gpio.o
                0x0800358c                HAL_GPIO_Init
 .text.HAL_PWREx_ConfigSupply
                0x08003758       0x48 ./Drivers/STM32H7xx_HAL_Driver/Src/stm32h7xx_hal_pwr_ex.o
                0x08003758                HAL_PWREx_ConfigSupply
 .text.HAL_RCC_OscConfig
                0x080037a0      0x4ec ./Drivers/STM32H7xx_HAL_Driver/Src/stm32h7xx_hal_rcc.o
                0x080037a0                HAL_RCC_OscConfig
 .text.HAL_RCC_GetSysClockFreq
                0x08003c8c      0x144 ./Drivers/STM32H7xx_HAL_Driver/Src/stm32h7xx_hal_rcc.o
                0x08003c8c                HAL_RCC_GetSysClockFreq
 .text.HAL_RCC_ClockConfig
                0x08003dd0      0x24c ./Drivers/STM32H7xx_HAL_Driver/Src/stm32h7xx_hal_rcc.o
                0x08003dd0                HAL_RCC_ClockConfig
 .text.HAL_RCC_GetHCLKFreq
                0x0800401c       0x44 ./Drivers/STM32H7xx_HAL_Driver/Src/stm32h7xx_hal_rcc.o
                0x0800401c                HAL_RCC_GetHCLKFreq
 .text.RCCEx_PLL2_Config
                0x08004060       0xec ./Drivers/STM32H7xx_HAL_Driver/Src/stm32h7xx_hal_rcc_ex.o
 .text.RCCEx_PLL3_Config
                0x0800414c       0xec ./Drivers/STM32H7xx_HAL_Driver/Src/stm32h7xx_hal_rcc_ex.o
 .text.HAL_RCCEx_PeriphCLKConfig
                0x08004238      0x954 ./Drivers/STM32H7xx_HAL_Driver/Src/stm32h7xx_hal_rcc_ex.o
                0x08004238                HAL_RCCEx_PeriphCLKConfig
 .text.ethernet_link_status_updated
                0x08004b8c        0x2 ./LWIP/App/lwip.o
 *fill*         0x08004b8e        0x2 
 .text.MX_LWIP_Init
                0x08004b90       0xa0 ./LWIP/App/lwip.o
                0x08004b90                MX_LWIP_Init
 .text.MX_LWIP_Process
                0x08004c30       0x34 ./LWIP/App/lwip.o
                0x08004c30                MX_LWIP_Process
 .text.ETH_PHY_IO_DeInit
                0x08004c64        0x4 ./LWIP/Target/ethernetif.o
                0x08004c64                ETH_PHY_IO_DeInit
 .text.low_level_output
                0x08004c68       0x60 ./LWIP/Target/ethernetif.o
 .text.pbuf_free_custom
                0x08004cc8       0x20 ./LWIP/Target/ethernetif.o
                0x08004cc8                pbuf_free_custom
 .text.ETH_PHY_IO_GetTick
                0x08004ce8        0x4 ./LWIP/Target/ethernetif.o
                0x08004ce8                ETH_PHY_IO_GetTick
 .text.ETH_PHY_IO_Init
                0x08004cec       0x10 ./LWIP/Target/ethernetif.o
                0x08004cec                ETH_PHY_IO_Init
 .text.ETH_PHY_IO_ReadReg
                0x08004cfc       0x1c ./LWIP/Target/ethernetif.o
                0x08004cfc                ETH_PHY_IO_ReadReg
 .text.ETH_PHY_IO_WriteReg
                0x08004d18       0x1c ./LWIP/Target/ethernetif.o
                0x08004d18                ETH_PHY_IO_WriteReg
 .text.ethernetif_input
                0x08004d34       0x3c ./LWIP/Target/ethernetif.o
                0x08004d34                ethernetif_input
 .text.sys_now  0x08004d70        0x4 ./LWIP/Target/ethernetif.o
                0x08004d70                sys_now
 .text.HAL_ETH_MspInit
                0x08004d74      0x138 ./LWIP/Target/ethernetif.o
                0x08004d74                HAL_ETH_MspInit
 .text.ethernet_link_check_state
                0x08004eac       0x8c ./LWIP/Target/ethernetif.o
                0x08004eac                ethernet_link_check_state
 .text.ethernetif_init
                0x08004f38      0x118 ./LWIP/Target/ethernetif.o
                0x08004f38                ethernetif_init
 .text.HAL_ETH_RxAllocateCallback
                0x08005050       0x44 ./LWIP/Target/ethernetif.o
                0x08005050                HAL_ETH_RxAllocateCallback
 .text.HAL_ETH_RxLinkCallback
                0x08005094       0x5c ./LWIP/Target/ethernetif.o
                0x08005094                HAL_ETH_RxLinkCallback
 .text.lwip_htons
                0x080050f0        0x6 ./Middlewares/Third_Party/LwIP/src/core/def.o
                0x080050f0                lwip_htons
 .text.lwip_htonl
                0x080050f6        0x4 ./Middlewares/Third_Party/LwIP/src/core/def.o
                0x080050f6                lwip_htonl
 .text.lwip_standard_chksum
                0x080050fa       0x50 ./Middlewares/Third_Party/LwIP/src/core/inet_chksum.o
                0x080050fa                lwip_standard_chksum
 .text.inet_chksum
                0x0800514a        0xc ./Middlewares/Third_Party/LwIP/src/core/inet_chksum.o
                0x0800514a                inet_chksum
 .text.inet_chksum_pbuf
                0x08005156       0x3c ./Middlewares/Third_Party/LwIP/src/core/inet_chksum.o
                0x08005156                inet_chksum_pbuf
 .text.lwip_init
                0x08005192       0x1e ./Middlewares/Third_Party/LwIP/src/core/init.o
                0x08005192                lwip_init
 .text.mem_init
                0x080051b0       0x44 ./Middlewares/Third_Party/LwIP/src/core/mem.o
                0x080051b0                mem_init
 .text.mem_free
                0x080051f4      0x16c ./Middlewares/Third_Party/LwIP/src/core/mem.o
                0x080051f4                mem_free
 .text.mem_trim
                0x08005360      0x14c ./Middlewares/Third_Party/LwIP/src/core/mem.o
                0x08005360                mem_trim
 .text.mem_malloc
                0x080054ac      0x130 ./Middlewares/Third_Party/LwIP/src/core/mem.o
                0x080054ac                mem_malloc
 .text.do_memp_free_pool
                0x080055dc       0x30 ./Middlewares/Third_Party/LwIP/src/core/memp.o
 .text.do_memp_malloc_pool.isra.0
                0x0800560c       0x2c ./Middlewares/Third_Party/LwIP/src/core/memp.o
 .text.memp_init_pool
                0x08005638       0x26 ./Middlewares/Third_Party/LwIP/src/core/memp.o
                0x08005638                memp_init_pool
 *fill*         0x0800565e        0x2 
 .text.memp_init
                0x08005660       0x1c ./Middlewares/Third_Party/LwIP/src/core/memp.o
                0x08005660                memp_init
 .text.memp_malloc_pool
                0x0800567c       0x30 ./Middlewares/Third_Party/LwIP/src/core/memp.o
                0x0800567c                memp_malloc_pool
 .text.memp_malloc
                0x080056ac       0x18 ./Middlewares/Third_Party/LwIP/src/core/memp.o
                0x080056ac                memp_malloc
 .text.memp_free_pool
                0x080056c4       0x24 ./Middlewares/Third_Party/LwIP/src/core/memp.o
                0x080056c4                memp_free_pool
 .text.memp_free
                0x080056e8       0x18 ./Middlewares/Third_Party/LwIP/src/core/memp.o
                0x080056e8                memp_free
 .text.netif_null_output_ip4
                0x08005700        0x6 ./Middlewares/Third_Party/LwIP/src/core/netif.o
 *fill*         0x08005706        0x2 
 .text.netif_issue_reports
                0x08005708       0x44 ./Middlewares/Third_Party/LwIP/src/core/netif.o
 .text.netif_do_set_ipaddr.isra.0
                0x0800574c       0x50 ./Middlewares/Third_Party/LwIP/src/core/netif.o
 .text.netif_init
                0x0800579c        0x2 ./Middlewares/Third_Party/LwIP/src/core/netif.o
                0x0800579c                netif_init
 *fill*         0x0800579e        0x2 
 .text.netif_set_addr
                0x080057a0       0x58 ./Middlewares/Third_Party/LwIP/src/core/netif.o
                0x080057a0                netif_set_addr
 .text.netif_add
                0x080057f8       0xec ./Middlewares/Third_Party/LwIP/src/core/netif.o
                0x080057f8                netif_add
 .text.netif_set_default
                0x080058e4        0xc ./Middlewares/Third_Party/LwIP/src/core/netif.o
                0x080058e4                netif_set_default
 .text.netif_set_up
                0x080058f0       0x1a ./Middlewares/Third_Party/LwIP/src/core/netif.o
                0x080058f0                netif_set_up
 .text.netif_set_down
                0x0800590a       0x1c ./Middlewares/Third_Party/LwIP/src/core/netif.o
                0x0800590a                netif_set_down
 .text.netif_set_link_up
                0x08005926       0x2a ./Middlewares/Third_Party/LwIP/src/core/netif.o
                0x08005926                netif_set_link_up
 .text.netif_set_link_down
                0x08005950       0x1a ./Middlewares/Third_Party/LwIP/src/core/netif.o
                0x08005950                netif_set_link_down
 .text.netif_set_link_callback
                0x0800596a        0x6 ./Middlewares/Third_Party/LwIP/src/core/netif.o
                0x0800596a                netif_set_link_callback
 .text.netif_get_by_index
                0x08005970       0x24 ./Middlewares/Third_Party/LwIP/src/core/netif.o
                0x08005970                netif_get_by_index
 .text.pbuf_add_header_impl
                0x08005994       0x68 ./Middlewares/Third_Party/LwIP/src/core/pbuf.o
 .text.pbuf_free_ooseq
                0x080059fc       0x24 ./Middlewares/Third_Party/LwIP/src/core/pbuf.o
                0x080059fc                pbuf_free_ooseq
 .text.pbuf_alloc_reference
                0x08005a20       0x48 ./Middlewares/Third_Party/LwIP/src/core/pbuf.o
                0x08005a20                pbuf_alloc_reference
 .text.pbuf_alloced_custom
                0x08005a68       0x32 ./Middlewares/Third_Party/LwIP/src/core/pbuf.o
                0x08005a68                pbuf_alloced_custom
 .text.pbuf_add_header
                0x08005a9a        0x6 ./Middlewares/Third_Party/LwIP/src/core/pbuf.o
                0x08005a9a                pbuf_add_header
 .text.pbuf_remove_header
                0x08005aa0       0x48 ./Middlewares/Third_Party/LwIP/src/core/pbuf.o
                0x08005aa0                pbuf_remove_header
 .text.pbuf_header_force
                0x08005ae8       0x10 ./Middlewares/Third_Party/LwIP/src/core/pbuf.o
                0x08005ae8                pbuf_header_force
 .text.pbuf_free
                0x08005af8       0xb8 ./Middlewares/Third_Party/LwIP/src/core/pbuf.o
                0x08005af8                pbuf_free
 .text.pbuf_alloc
                0x08005bb0       0xf8 ./Middlewares/Third_Party/LwIP/src/core/pbuf.o
                0x08005bb0                pbuf_alloc
 .text.pbuf_realloc
                0x08005ca8       0xb4 ./Middlewares/Third_Party/LwIP/src/core/pbuf.o
                0x08005ca8                pbuf_realloc
 .text.pbuf_clen
                0x08005d5c       0x10 ./Middlewares/Third_Party/LwIP/src/core/pbuf.o
                0x08005d5c                pbuf_clen
 .text.pbuf_ref
                0x08005d6c       0x28 ./Middlewares/Third_Party/LwIP/src/core/pbuf.o
                0x08005d6c                pbuf_ref
 .text.pbuf_cat
                0x08005d94       0x74 ./Middlewares/Third_Party/LwIP/src/core/pbuf.o
                0x08005d94                pbuf_cat
 .text.pbuf_chain
                0x08005e08       0x12 ./Middlewares/Third_Party/LwIP/src/core/pbuf.o
                0x08005e08                pbuf_chain
 *fill*         0x08005e1a        0x2 
 .text.pbuf_copy_partial_pbuf
                0x08005e1c       0xf0 ./Middlewares/Third_Party/LwIP/src/core/pbuf.o
                0x08005e1c                pbuf_copy_partial_pbuf
 .text.pbuf_copy
                0x08005f0c       0x10 ./Middlewares/Third_Party/LwIP/src/core/pbuf.o
                0x08005f0c                pbuf_copy
 .text.pbuf_copy_partial
                0x08005f1c       0x60 ./Middlewares/Third_Party/LwIP/src/core/pbuf.o
                0x08005f1c                pbuf_copy_partial
 .text.pbuf_take
                0x08005f7c       0x80 ./Middlewares/Third_Party/LwIP/src/core/pbuf.o
                0x08005f7c                pbuf_take
 .text.pbuf_clone
                0x08005ffc       0x38 ./Middlewares/Third_Party/LwIP/src/core/pbuf.o
                0x08005ffc                pbuf_clone
 .text.tcp_close_shutdown_fin
                0x08006034       0x60 ./Middlewares/Third_Party/LwIP/src/core/tcp.o
 .text.tcp_init
                0x08006094       0x18 ./Middlewares/Third_Party/LwIP/src/core/tcp.o
                0x08006094                tcp_init
 .text.tcp_free
                0x080060ac       0x30 ./Middlewares/Third_Party/LwIP/src/core/tcp.o
                0x080060ac                tcp_free
 .text.tcp_update_rcv_ann_wnd
                0x080060dc       0x68 ./Middlewares/Third_Party/LwIP/src/core/tcp.o
                0x080060dc                tcp_update_rcv_ann_wnd
 .text.tcp_recved
                0x08006144       0x64 ./Middlewares/Third_Party/LwIP/src/core/tcp.o
                0x08006144                tcp_recved
 .text.tcp_seg_free
                0x080061a8       0x1c ./Middlewares/Third_Party/LwIP/src/core/tcp.o
                0x080061a8                tcp_seg_free
 .text.tcp_segs_free
                0x080061c4       0x10 ./Middlewares/Third_Party/LwIP/src/core/tcp.o
                0x080061c4                tcp_segs_free
 .text.tcp_seg_copy
                0x080061d4       0x48 ./Middlewares/Third_Party/LwIP/src/core/tcp.o
                0x080061d4                tcp_seg_copy
 .text.tcp_next_iss
                0x0800621c       0x34 ./Middlewares/Third_Party/LwIP/src/core/tcp.o
                0x0800621c                tcp_next_iss
 .text.tcp_eff_send_mss_netif
                0x08006250       0x3c ./Middlewares/Third_Party/LwIP/src/core/tcp.o
                0x08006250                tcp_eff_send_mss_netif
 .text.tcp_free_ooseq
                0x0800628c       0x12 ./Middlewares/Third_Party/LwIP/src/core/tcp.o
                0x0800628c                tcp_free_ooseq
 .text.tcp_pcb_purge
                0x0800629e       0x44 ./Middlewares/Third_Party/LwIP/src/core/tcp.o
                0x0800629e                tcp_pcb_purge
 *fill*         0x080062e2        0x2 
 .text.tcp_pcb_remove
                0x080062e4       0xcc ./Middlewares/Third_Party/LwIP/src/core/tcp.o
                0x080062e4                tcp_pcb_remove
 .text.tcp_abandon
                0x080063b0       0xf4 ./Middlewares/Third_Party/LwIP/src/core/tcp.o
                0x080063b0                tcp_abandon
 .text.tcp_abort
                0x080064a4        0x6 ./Middlewares/Third_Party/LwIP/src/core/tcp.o
                0x080064a4                tcp_abort
 *fill*         0x080064aa        0x2 
 .text.tcp_netif_ip_addr_changed
                0x080064ac       0x68 ./Middlewares/Third_Party/LwIP/src/core/tcp.o
                0x080064ac                tcp_netif_ip_addr_changed
 .text.tcp_kill_state
                0x08006514       0x3c ./Middlewares/Third_Party/LwIP/src/core/tcp.o
 .text.tcp_alloc
                0x08006550      0x134 ./Middlewares/Third_Party/LwIP/src/core/tcp.o
                0x08006550                tcp_alloc
 .text.tcp_close_shutdown
                0x08006684      0x164 ./Middlewares/Third_Party/LwIP/src/core/tcp.o
 .text.tcp_close
                0x080067e8       0x1c ./Middlewares/Third_Party/LwIP/src/core/tcp.o
                0x080067e8                tcp_close
 .text.tcp_recv_null
                0x08006804       0x2c ./Middlewares/Third_Party/LwIP/src/core/tcp.o
                0x08006804                tcp_recv_null
 .text.tcp_process_refused_data
                0x08006830       0x6c ./Middlewares/Third_Party/LwIP/src/core/tcp.o
                0x08006830                tcp_process_refused_data
 .text.tcp_fasttmr
                0x0800689c       0x80 ./Middlewares/Third_Party/LwIP/src/core/tcp.o
                0x0800689c                tcp_fasttmr
 .text.tcp_slowtmr
                0x0800691c      0x41c ./Middlewares/Third_Party/LwIP/src/core/tcp.o
                0x0800691c                tcp_slowtmr
 .text.tcp_tmr  0x08006d38       0x24 ./Middlewares/Third_Party/LwIP/src/core/tcp.o
                0x08006d38                tcp_tmr
 .text.tcp_get_next_optbyte
                0x08006d5c       0x38 ./Middlewares/Third_Party/LwIP/src/core/tcp_in.o
 .text.tcp_oos_insert_segment
                0x08006d94       0x7c ./Middlewares/Third_Party/LwIP/src/core/tcp_in.o
 .text.tcp_parseopt
                0x08006e10       0x70 ./Middlewares/Third_Party/LwIP/src/core/tcp_in.o
 .text.tcp_input_delayed_close
                0x08006e80       0x3c ./Middlewares/Third_Party/LwIP/src/core/tcp_in.o
 .text.tcp_free_acked_segments.isra.0
                0x08006ebc       0xc4 ./Middlewares/Third_Party/LwIP/src/core/tcp_in.o
 .text.tcp_receive
                0x08006f80      0x824 ./Middlewares/Third_Party/LwIP/src/core/tcp_in.o
 .text.tcp_input
                0x080077a4      0xb08 ./Middlewares/Third_Party/LwIP/src/core/tcp_in.o
                0x080077a4                tcp_input
 .text.tcp_trigger_input_pcb_close
                0x080082ac       0x10 ./Middlewares/Third_Party/LwIP/src/core/tcp_in.o
                0x080082ac                tcp_trigger_input_pcb_close
 .text.tcp_output_segment_busy
                0x080082bc       0x2c ./Middlewares/Third_Party/LwIP/src/core/tcp_out.o
 .text.tcp_create_segment
                0x080082e8       0xcc ./Middlewares/Third_Party/LwIP/src/core/tcp_out.o
 .text.tcp_output_alloc_header_common.constprop.0
                0x080083b4       0x84 ./Middlewares/Third_Party/LwIP/src/core/tcp_out.o
 .text.tcp_output_alloc_header.constprop.0
                0x08008438       0x4c ./Middlewares/Third_Party/LwIP/src/core/tcp_out.o
 .text.tcp_rst_common.isra.0
                0x08008484       0x60 ./Middlewares/Third_Party/LwIP/src/core/tcp_out.o
 .text.tcp_output_control_segment
                0x080084e4       0x58 ./Middlewares/Third_Party/LwIP/src/core/tcp_out.o
 .text.tcp_split_unsent_seg
                0x0800853c      0x198 ./Middlewares/Third_Party/LwIP/src/core/tcp_out.o
                0x0800853c                tcp_split_unsent_seg
 .text.tcp_enqueue_flags
                0x080086d4      0x128 ./Middlewares/Third_Party/LwIP/src/core/tcp_out.o
                0x080086d4                tcp_enqueue_flags
 .text.tcp_send_fin
                0x080087fc       0x60 ./Middlewares/Third_Party/LwIP/src/core/tcp_out.o
                0x080087fc                tcp_send_fin
 .text.tcp_rexmit_rto_prepare
                0x0800885c       0x88 ./Middlewares/Third_Party/LwIP/src/core/tcp_out.o
                0x0800885c                tcp_rexmit_rto_prepare
 .text.tcp_rexmit
                0x080088e4       0x80 ./Middlewares/Third_Party/LwIP/src/core/tcp_out.o
                0x080088e4                tcp_rexmit
 .text.tcp_rexmit_fast
                0x08008964       0x70 ./Middlewares/Third_Party/LwIP/src/core/tcp_out.o
                0x08008964                tcp_rexmit_fast
 .text.tcp_rst  0x080089d4       0x38 ./Middlewares/Third_Party/LwIP/src/core/tcp_out.o
                0x080089d4                tcp_rst
 .text.tcp_rst_netif
                0x08008a0c       0x4c ./Middlewares/Third_Party/LwIP/src/core/tcp_out.o
                0x08008a0c                tcp_rst_netif
 .text.tcp_send_empty_ack
                0x08008a58       0x60 ./Middlewares/Third_Party/LwIP/src/core/tcp_out.o
                0x08008a58                tcp_send_empty_ack
 .text.tcp_output
                0x08008ab8      0x32c ./Middlewares/Third_Party/LwIP/src/core/tcp_out.o
                0x08008ab8                tcp_output
 .text.tcp_rexmit_rto_commit
                0x08008de4       0x38 ./Middlewares/Third_Party/LwIP/src/core/tcp_out.o
                0x08008de4                tcp_rexmit_rto_commit
 .text.tcp_rexmit_rto
                0x08008e1c       0x34 ./Middlewares/Third_Party/LwIP/src/core/tcp_out.o
                0x08008e1c                tcp_rexmit_rto
 .text.tcp_keepalive
                0x08008e50       0x4c ./Middlewares/Third_Party/LwIP/src/core/tcp_out.o
                0x08008e50                tcp_keepalive
 .text.tcp_zero_window_probe
                0x08008e9c       0xc4 ./Middlewares/Third_Party/LwIP/src/core/tcp_out.o
                0x08008e9c                tcp_zero_window_probe
 .text.sys_timeout_abs
                0x08008f60       0x64 ./Middlewares/Third_Party/LwIP/src/core/timeouts.o
 .text.lwip_cyclic_timer
                0x08008fc4       0x34 ./Middlewares/Third_Party/LwIP/src/core/timeouts.o
 .text.sys_timeout
                0x08008ff8       0x3c ./Middlewares/Third_Party/LwIP/src/core/timeouts.o
                0x08008ff8                sys_timeout
 .text.tcp_timer_needed
                0x08009034       0x34 ./Middlewares/Third_Party/LwIP/src/core/timeouts.o
                0x08009034                tcp_timer_needed
 .text.tcpip_tcp_timer
                0x08009068       0x38 ./Middlewares/Third_Party/LwIP/src/core/timeouts.o
 .text.sys_timeouts_init
                0x080090a0       0x2c ./Middlewares/Third_Party/LwIP/src/core/timeouts.o
                0x080090a0                sys_timeouts_init
 .text.sys_check_timeouts
                0x080090cc       0x58 ./Middlewares/Third_Party/LwIP/src/core/timeouts.o
                0x080090cc                sys_check_timeouts
 .text.udp_init
                0x08009124       0x18 ./Middlewares/Third_Party/LwIP/src/core/udp.o
                0x08009124                udp_init
 .text.udp_input
                0x0800913c      0x1ac ./Middlewares/Third_Party/LwIP/src/core/udp.o
                0x0800913c                udp_input
 .text.udp_bind
                0x080092e8       0xbc ./Middlewares/Third_Party/LwIP/src/core/udp.o
                0x080092e8                udp_bind
 .text.udp_sendto_if_src
                0x080093a4       0xec ./Middlewares/Third_Party/LwIP/src/core/udp.o
                0x080093a4                udp_sendto_if_src
 .text.udp_sendto_if
                0x08009490       0x3c ./Middlewares/Third_Party/LwIP/src/core/udp.o
                0x08009490                udp_sendto_if
 .text.udp_sendto
                0x080094cc       0x40 ./Middlewares/Third_Party/LwIP/src/core/udp.o
                0x080094cc                udp_sendto
 .text.udp_recv
                0x0800950c        0x8 ./Middlewares/Third_Party/LwIP/src/core/udp.o
                0x0800950c                udp_recv
 .text.udp_new  0x08009514       0x1c ./Middlewares/Third_Party/LwIP/src/core/udp.o
                0x08009514                udp_new
 .text.udp_netif_ip_addr_changed
                0x08009530       0x2c ./Middlewares/Third_Party/LwIP/src/core/udp.o
                0x08009530                udp_netif_ip_addr_changed
 .text.etharp_free_entry
                0x0800955c       0x28 ./Middlewares/Third_Party/LwIP/src/core/ipv4/etharp.o
 .text.etharp_find_entry
                0x08009584      0x11c ./Middlewares/Third_Party/LwIP/src/core/ipv4/etharp.o
 .text.etharp_raw
                0x080096a0       0xdc ./Middlewares/Third_Party/LwIP/src/core/ipv4/etharp.o
 .text.etharp_cleanup_netif
                0x0800977c       0x28 ./Middlewares/Third_Party/LwIP/src/core/ipv4/etharp.o
                0x0800977c                etharp_cleanup_netif
 .text.etharp_input
                0x080097a4      0x134 ./Middlewares/Third_Party/LwIP/src/core/ipv4/etharp.o
                0x080097a4                etharp_input
 .text.etharp_request
                0x080098d8       0x2c ./Middlewares/Third_Party/LwIP/src/core/ipv4/etharp.o
                0x080098d8                etharp_request
 .text.etharp_tmr
                0x08009904       0x50 ./Middlewares/Third_Party/LwIP/src/core/ipv4/etharp.o
                0x08009904                etharp_tmr
 .text.etharp_output_to_arp_index
                0x08009954       0xac ./Middlewares/Third_Party/LwIP/src/core/ipv4/etharp.o
 .text.etharp_query
                0x08009a00      0x128 ./Middlewares/Third_Party/LwIP/src/core/ipv4/etharp.o
                0x08009a00                etharp_query
 .text.etharp_output
                0x08009b28      0x134 ./Middlewares/Third_Party/LwIP/src/core/ipv4/etharp.o
                0x08009b28                etharp_output
 .text.icmp_send_response
                0x08009c5c       0xb4 ./Middlewares/Third_Party/LwIP/src/core/ipv4/icmp.o
 .text.icmp_input
                0x08009d10      0x154 ./Middlewares/Third_Party/LwIP/src/core/ipv4/icmp.o
                0x08009d10                icmp_input
 .text.icmp_dest_unreach
                0x08009e64        0x8 ./Middlewares/Third_Party/LwIP/src/core/ipv4/icmp.o
                0x08009e64                icmp_dest_unreach
 .text.icmp_time_exceeded
                0x08009e6c        0x8 ./Middlewares/Third_Party/LwIP/src/core/ipv4/icmp.o
                0x08009e6c                icmp_time_exceeded
 .text.ip4_input_accept
                0x08009e74       0x34 ./Middlewares/Third_Party/LwIP/src/core/ipv4/ip4.o
 .text.ip4_route
                0x08009ea8       0x5c ./Middlewares/Third_Party/LwIP/src/core/ipv4/ip4.o
                0x08009ea8                ip4_route
 .text.ip4_input
                0x08009f04      0x16c ./Middlewares/Third_Party/LwIP/src/core/ipv4/ip4.o
                0x08009f04                ip4_input
 .text.ip4_output_if_src
                0x0800a070       0xf8 ./Middlewares/Third_Party/LwIP/src/core/ipv4/ip4.o
                0x0800a070                ip4_output_if_src
 .text.ip4_output_if
                0x0800a168       0x22 ./Middlewares/Third_Party/LwIP/src/core/ipv4/ip4.o
                0x0800a168                ip4_output_if
 .text.ip4_addr_isbroadcast_u32
                0x0800a18a       0x36 ./Middlewares/Third_Party/LwIP/src/core/ipv4/ip4_addr.o
                0x0800a18a                ip4_addr_isbroadcast_u32
 .text.ip_reass_dequeue_datagram
                0x0800a1c0       0x44 ./Middlewares/Third_Party/LwIP/src/core/ipv4/ip4_frag.o
 .text.ip_reass_free_complete_datagram
                0x0800a204       0xe0 ./Middlewares/Third_Party/LwIP/src/core/ipv4/ip4_frag.o
 .text.ip_reass_remove_oldest_datagram
                0x0800a2e4       0x7c ./Middlewares/Third_Party/LwIP/src/core/ipv4/ip4_frag.o
 .text.ipfrag_free_pbuf_custom
                0x0800a360       0x34 ./Middlewares/Third_Party/LwIP/src/core/ipv4/ip4_frag.o
 .text.ip_reass_tmr
                0x0800a394       0x2c ./Middlewares/Third_Party/LwIP/src/core/ipv4/ip4_frag.o
                0x0800a394                ip_reass_tmr
 .text.ip4_reass
                0x0800a3c0      0x398 ./Middlewares/Third_Party/LwIP/src/core/ipv4/ip4_frag.o
                0x0800a3c0                ip4_reass
 .text.ip4_frag
                0x0800a758      0x1c4 ./Middlewares/Third_Party/LwIP/src/core/ipv4/ip4_frag.o
                0x0800a758                ip4_frag
 .text.ethernet_input
                0x0800a91c       0xa0 ./Middlewares/Third_Party/LwIP/src/netif/ethernet.o
                0x0800a91c                ethernet_input
 .text.ethernet_output
                0x0800a9bc       0x70 ./Middlewares/Third_Party/LwIP/src/netif/ethernet.o
                0x0800a9bc                ethernet_output
 .text.rand     0x0800aa2c       0x7c C:/ST/STM32CubeIDE_2.2.0/STM32CubeIDE/plugins/com.st.stm32cube.ide.mcu.externaltools.gnu-tools-for-stm32.14.3.rel1.win32_1.0.100.202602081740/tools/bin/../lib/gcc/arm-none-eabi/14.3.1/../../../../arm-none-eabi/lib/thumb/v7e-m+dp/hard\libc_nano.a(libc_a-rand.o)
                0x0800aa2c                rand
 .text.std      0x0800aaa8       0x6c C:/ST/STM32CubeIDE_2.2.0/STM32CubeIDE/plugins/com.st.stm32cube.ide.mcu.externaltools.gnu-tools-for-stm32.14.3.rel1.win32_1.0.100.202602081740/tools/bin/../lib/gcc/arm-none-eabi/14.3.1/../../../../arm-none-eabi/lib/thumb/v7e-m+dp/hard\libc_nano.a(libc_a-findfp.o)
 .text.stdio_exit_handler
                0x0800ab14       0x18 C:/ST/STM32CubeIDE_2.2.0/STM32CubeIDE/plugins/com.st.stm32cube.ide.mcu.externaltools.gnu-tools-for-stm32.14.3.rel1.win32_1.0.100.202602081740/tools/bin/../lib/gcc/arm-none-eabi/14.3.1/../../../../arm-none-eabi/lib/thumb/v7e-m+dp/hard\libc_nano.a(libc_a-findfp.o)
 .text.cleanup_stdio
                0x0800ab2c       0x40 C:/ST/STM32CubeIDE_2.2.0/STM32CubeIDE/plugins/com.st.stm32cube.ide.mcu.externaltools.gnu-tools-for-stm32.14.3.rel1.win32_1.0.100.202602081740/tools/bin/../lib/gcc/arm-none-eabi/14.3.1/../../../../arm-none-eabi/lib/thumb/v7e-m+dp/hard\libc_nano.a(libc_a-findfp.o)
 .text.global_stdio_init.part.0
                0x0800ab6c       0x40 C:/ST/STM32CubeIDE_2.2.0/STM32CubeIDE/plugins/com.st.stm32cube.ide.mcu.externaltools.gnu-tools-for-stm32.14.3.rel1.win32_1.0.100.202602081740/tools/bin/../lib/gcc/arm-none-eabi/14.3.1/../../../../arm-none-eabi/lib/thumb/v7e-m+dp/hard\libc_nano.a(libc_a-findfp.o)
 .text.__sfp_lock_acquire
                0x0800abac        0xc C:/ST/STM32CubeIDE_2.2.0/STM32CubeIDE/plugins/com.st.stm32cube.ide.mcu.externaltools.gnu-tools-for-stm32.14.3.rel1.win32_1.0.100.202602081740/tools/bin/../lib/gcc/arm-none-eabi/14.3.1/../../../../arm-none-eabi/lib/thumb/v7e-m+dp/hard\libc_nano.a(libc_a-findfp.o)
                0x0800abac                __sfp_lock_acquire
 .text.__sfp_lock_release
                0x0800abb8        0xc C:/ST/STM32CubeIDE_2.2.0/STM32CubeIDE/plugins/com.st.stm32cube.ide.mcu.externaltools.gnu-tools-for-stm32.14.3.rel1.win32_1.0.100.202602081740/tools/bin/../lib/gcc/arm-none-eabi/14.3.1/../../../../arm-none-eabi/lib/thumb/v7e-m+dp/hard\libc_nano.a(libc_a-findfp.o)
                0x0800abb8                __sfp_lock_release
 .text.__sinit  0x0800abc4       0x30 C:/ST/STM32CubeIDE_2.2.0/STM32CubeIDE/plugins/com.st.stm32cube.ide.mcu.externaltools.gnu-tools-for-stm32.14.3.rel1.win32_1.0.100.202602081740/tools/bin/../lib/gcc/arm-none-eabi/14.3.1/../../../../arm-none-eabi/lib/thumb/v7e-m+dp/hard\libc_nano.a(libc_a-findfp.o)
                0x0800abc4                __sinit
 .text._fwalk_sglue
                0x0800abf4       0x3c C:/ST/STM32CubeIDE_2.2.0/STM32CubeIDE/plugins/com.st.stm32cube.ide.mcu.externaltools.gnu-tools-for-stm32.14.3.rel1.win32_1.0.100.202602081740/tools/bin/../lib/gcc/arm-none-eabi/14.3.1/../../../../arm-none-eabi/lib/thumb/v7e-m+dp/hard\libc_nano.a(libc_a-fwalk.o)
                0x0800abf4                _fwalk_sglue
 .text.printf   0x0800ac30       0x24 C:/ST/STM32CubeIDE_2.2.0/STM32CubeIDE/plugins/com.st.stm32cube.ide.mcu.externaltools.gnu-tools-for-stm32.14.3.rel1.win32_1.0.100.202602081740/tools/bin/../lib/gcc/arm-none-eabi/14.3.1/../../../../arm-none-eabi/lib/thumb/v7e-m+dp/hard\libc_nano.a(libc_a-printf.o)
                0x0800ac30                iprintf
                0x0800ac30                printf
 .text.__sread  0x0800ac54       0x22 C:/ST/STM32CubeIDE_2.2.0/STM32CubeIDE/plugins/com.st.stm32cube.ide.mcu.externaltools.gnu-tools-for-stm32.14.3.rel1.win32_1.0.100.202602081740/tools/bin/../lib/gcc/arm-none-eabi/14.3.1/../../../../arm-none-eabi/lib/thumb/v7e-m+dp/hard\libc_nano.a(libc_a-stdio.o)
                0x0800ac54                __sread
 .text.__swrite
                0x0800ac76       0x38 C:/ST/STM32CubeIDE_2.2.0/STM32CubeIDE/plugins/com.st.stm32cube.ide.mcu.externaltools.gnu-tools-for-stm32.14.3.rel1.win32_1.0.100.202602081740/tools/bin/../lib/gcc/arm-none-eabi/14.3.1/../../../../arm-none-eabi/lib/thumb/v7e-m+dp/hard\libc_nano.a(libc_a-stdio.o)
                0x0800ac76                __swrite
 .text.__sseek  0x0800acae       0x26 C:/ST/STM32CubeIDE_2.2.0/STM32CubeIDE/plugins/com.st.stm32cube.ide.mcu.externaltools.gnu-tools-for-stm32.14.3.rel1.win32_1.0.100.202602081740/tools/bin/../lib/gcc/arm-none-eabi/14.3.1/../../../../arm-none-eabi/lib/thumb/v7e-m+dp/hard\libc_nano.a(libc_a-stdio.o)
                0x0800acae                __sseek
 .text.__sclose
                0x0800acd4        0x8 C:/ST/STM32CubeIDE_2.2.0/STM32CubeIDE/plugins/com.st.stm32cube.ide.mcu.externaltools.gnu-tools-for-stm32.14.3.rel1.win32_1.0.100.202602081740/tools/bin/../lib/gcc/arm-none-eabi/14.3.1/../../../../arm-none-eabi/lib/thumb/v7e-m+dp/hard\libc_nano.a(libc_a-stdio.o)
                0x0800acd4                __sclose
 .text.memcmp   0x0800acdc       0x20 C:/ST/STM32CubeIDE_2.2.0/STM32CubeIDE/plugins/com.st.stm32cube.ide.mcu.externaltools.gnu-tools-for-stm32.14.3.rel1.win32_1.0.100.202602081740/tools/bin/../lib/gcc/arm-none-eabi/14.3.1/../../../../arm-none-eabi/lib/thumb/v7e-m+dp/hard\libc_nano.a(libc_a-memcmp.o)
                0x0800acdc                memcmp
 .text.memset   0x0800acfc       0x10 C:/ST/STM32CubeIDE_2.2.0/STM32CubeIDE/plugins/com.st.stm32cube.ide.mcu.externaltools.gnu-tools-for-stm32.14.3.rel1.win32_1.0.100.202602081740/tools/bin/../lib/gcc/arm-none-eabi/14.3.1/../../../../arm-none-eabi/lib/thumb/v7e-m+dp/hard\libc_nano.a(libc_a-memset.o)
                0x0800acfc                memset
 .text._close_r
                0x0800ad0c       0x20 C:/ST/STM32CubeIDE_2.2.0/STM32CubeIDE/plugins/com.st.stm32cube.ide.mcu.externaltools.gnu-tools-for-stm32.14.3.rel1.win32_1.0.100.202602081740/tools/bin/../lib/gcc/arm-none-eabi/14.3.1/../../../../arm-none-eabi/lib/thumb/v7e-m+dp/hard\libc_nano.a(libc_a-closer.o)
                0x0800ad0c                _close_r
 .text._lseek_r
                0x0800ad2c       0x24 C:/ST/STM32CubeIDE_2.2.0/STM32CubeIDE/plugins/com.st.stm32cube.ide.mcu.externaltools.gnu-tools-for-stm32.14.3.rel1.win32_1.0.100.202602081740/tools/bin/../lib/gcc/arm-none-eabi/14.3.1/../../../../arm-none-eabi/lib/thumb/v7e-m+dp/hard\libc_nano.a(libc_a-lseekr.o)
                0x0800ad2c                _lseek_r
 .text._read_r  0x0800ad50       0x24 C:/ST/STM32CubeIDE_2.2.0/STM32CubeIDE/plugins/com.st.stm32cube.ide.mcu.externaltools.gnu-tools-for-stm32.14.3.rel1.win32_1.0.100.202602081740/tools/bin/../lib/gcc/arm-none-eabi/14.3.1/../../../../arm-none-eabi/lib/thumb/v7e-m+dp/hard\libc_nano.a(libc_a-readr.o)
                0x0800ad50                _read_r
 .text._write_r
                0x0800ad74       0x24 C:/ST/STM32CubeIDE_2.2.0/STM32CubeIDE/plugins/com.st.stm32cube.ide.mcu.externaltools.gnu-tools-for-stm32.14.3.rel1.win32_1.0.100.202602081740/tools/bin/../lib/gcc/arm-none-eabi/14.3.1/../../../../arm-none-eabi/lib/thumb/v7e-m+dp/hard\libc_nano.a(libc_a-writer.o)
                0x0800ad74                _write_r
 .text.__libc_init_array
                0x0800ad98       0x48 C:/ST/STM32CubeIDE_2.2.0/STM32CubeIDE/plugins/com.st.stm32cube.ide.mcu.externaltools.gnu-tools-for-stm32.14.3.rel1.win32_1.0.100.202602081740/tools/bin/../lib/gcc/arm-none-eabi/14.3.1/../../../../arm-none-eabi/lib/thumb/v7e-m+dp/hard\libc_nano.a(libc_a-init.o)
                0x0800ad98                __libc_init_array
 .text.__retarget_lock_init_recursive
                0x0800ade0        0x2 C:/ST/STM32CubeIDE_2.2.0/STM32CubeIDE/plugins/com.st.stm32cube.ide.mcu.externaltools.gnu-tools-for-stm32.14.3.rel1.win32_1.0.100.202602081740/tools/bin/../lib/gcc/arm-none-eabi/14.3.1/../../../../arm-none-eabi/lib/thumb/v7e-m+dp/hard\libc_nano.a(libc_a-lock.o)
                0x0800ade0                __retarget_lock_init_recursive
 .text.__retarget_lock_acquire_recursive
                0x0800ade2        0x2 C:/ST/STM32CubeIDE_2.2.0/STM32CubeIDE/plugins/com.st.stm32cube.ide.mcu.externaltools.gnu-tools-for-stm32.14.3.rel1.win32_1.0.100.202602081740/tools/bin/../lib/gcc/arm-none-eabi/14.3.1/../../../../arm-none-eabi/lib/thumb/v7e-m+dp/hard\libc_nano.a(libc_a-lock.o)
                0x0800ade2                __retarget_lock_acquire_recursive
 .text.__retarget_lock_release_recursive
                0x0800ade4        0x2 C:/ST/STM32CubeIDE_2.2.0/STM32CubeIDE/plugins/com.st.stm32cube.ide.mcu.externaltools.gnu-tools-for-stm32.14.3.rel1.win32_1.0.100.202602081740/tools/bin/../lib/gcc/arm-none-eabi/14.3.1/../../../../arm-none-eabi/lib/thumb/v7e-m+dp/hard\libc_nano.a(libc_a-lock.o)
                0x0800ade4                __retarget_lock_release_recursive
 .text.memcpy   0x0800ade6       0x1c C:/ST/STM32CubeIDE_2.2.0/STM32CubeIDE/plugins/com.st.stm32cube.ide.mcu.externaltools.gnu-tools-for-stm32.14.3.rel1.win32_1.0.100.202602081740/tools/bin/../lib/gcc/arm-none-eabi/14.3.1/../../../../arm-none-eabi/lib/thumb/v7e-m+dp/hard\libc_nano.a(libc_a-memcpy-stub.o)
                0x0800ade6                memcpy
 *fill*         0x0800ae02        0x2 
 .text.__assert_func
                0x0800ae04       0x3c C:/ST/STM32CubeIDE_2.2.0/STM32CubeIDE/plugins/com.st.stm32cube.ide.mcu.externaltools.gnu-tools-for-stm32.14.3.rel1.win32_1.0.100.202602081740/tools/bin/../lib/gcc/arm-none-eabi/14.3.1/../../../../arm-none-eabi/lib/thumb/v7e-m+dp/hard\libc_nano.a(libc_a-assert.o)
                0x0800ae04                __assert_func
 .text._free_r  0x0800ae40       0x94 C:/ST/STM32CubeIDE_2.2.0/STM32CubeIDE/plugins/com.st.stm32cube.ide.mcu.externaltools.gnu-tools-for-stm32.14.3.rel1.win32_1.0.100.202602081740/tools/bin/../lib/gcc/arm-none-eabi/14.3.1/../../../../arm-none-eabi/lib/thumb/v7e-m+dp/hard\libc_nano.a(libc_a-freer.o)
                0x0800ae40                _free_r
 .text.malloc   0x0800aed4       0x10 C:/ST/STM32CubeIDE_2.2.0/STM32CubeIDE/plugins/com.st.stm32cube.ide.mcu.externaltools.gnu-tools-for-stm32.14.3.rel1.win32_1.0.100.202602081740/tools/bin/../lib/gcc/arm-none-eabi/14.3.1/../../../../arm-none-eabi/lib/thumb/v7e-m+dp/hard\libc_nano.a(libc_a-malloc.o)
                0x0800aed4                malloc
 .text.sbrk_aligned
                0x0800aee4       0x44 C:/ST/STM32CubeIDE_2.2.0/STM32CubeIDE/plugins/com.st.stm32cube.ide.mcu.externaltools.gnu-tools-for-stm32.14.3.rel1.win32_1.0.100.202602081740/tools/bin/../lib/gcc/arm-none-eabi/14.3.1/../../../../arm-none-eabi/lib/thumb/v7e-m+dp/hard\libc_nano.a(libc_a-mallocr.o)
 .text._malloc_r
                0x0800af28      0x100 C:/ST/STM32CubeIDE_2.2.0/STM32CubeIDE/plugins/com.st.stm32cube.ide.mcu.externaltools.gnu-tools-for-stm32.14.3.rel1.win32_1.0.100.202602081740/tools/bin/../lib/gcc/arm-none-eabi/14.3.1/../../../../arm-none-eabi/lib/thumb/v7e-m+dp/hard\libc_nano.a(libc_a-mallocr.o)
                0x0800af28                _malloc_r
 .text.__malloc_lock
                0x0800b028        0xc C:/ST/STM32CubeIDE_2.2.0/STM32CubeIDE/plugins/com.st.stm32cube.ide.mcu.externaltools.gnu-tools-for-stm32.14.3.rel1.win32_1.0.100.202602081740/tools/bin/../lib/gcc/arm-none-eabi/14.3.1/../../../../arm-none-eabi/lib/thumb/v7e-m+dp/hard\libc_nano.a(libc_a-mlock.o)
                0x0800b028                __malloc_lock
 .text.__malloc_unlock
                0x0800b034        0xc C:/ST/STM32CubeIDE_2.2.0/STM32CubeIDE/plugins/com.st.stm32cube.ide.mcu.externaltools.gnu-tools-for-stm32.14.3.rel1.win32_1.0.100.202602081740/tools/bin/../lib/gcc/arm-none-eabi/14.3.1/../../../../arm-none-eabi/lib/thumb/v7e-m+dp/hard\libc_nano.a(libc_a-mlock.o)
                0x0800b034                __malloc_unlock
 .text.__sfputc_r
                0x0800b040       0x2e C:/ST/STM32CubeIDE_2.2.0/STM32CubeIDE/plugins/com.st.stm32cube.ide.mcu.externaltools.gnu-tools-for-stm32.14.3.rel1.win32_1.0.100.202602081740/tools/bin/../lib/gcc/arm-none-eabi/14.3.1/../../../../arm-none-eabi/lib/thumb/v7e-m+dp/hard\libc_nano.a(libc_a-nano-vfprintf.o)
 .text.__sfputs_r
                0x0800b06e       0x24 C:/ST/STM32CubeIDE_2.2.0/STM32CubeIDE/plugins/com.st.stm32cube.ide.mcu.externaltools.gnu-tools-for-stm32.14.3.rel1.win32_1.0.100.202602081740/tools/bin/../lib/gcc/arm-none-eabi/14.3.1/../../../../arm-none-eabi/lib/thumb/v7e-m+dp/hard\libc_nano.a(libc_a-nano-vfprintf.o)
                0x0800b06e                __sfputs_r
 *fill*         0x0800b092        0x2 
 .text._vfprintf_r
                0x0800b094      0x228 C:/ST/STM32CubeIDE_2.2.0/STM32CubeIDE/plugins/com.st.stm32cube.ide.mcu.externaltools.gnu-tools-for-stm32.14.3.rel1.win32_1.0.100.202602081740/tools/bin/../lib/gcc/arm-none-eabi/14.3.1/../../../../arm-none-eabi/lib/thumb/v7e-m+dp/hard\libc_nano.a(libc_a-nano-vfprintf.o)
                0x0800b094                _vfprintf_r
                0x0800b094                _vfiprintf_r
 .text._printf_common
                0x0800b2bc       0xda C:/ST/STM32CubeIDE_2.2.0/STM32CubeIDE/plugins/com.st.stm32cube.ide.mcu.externaltools.gnu-tools-for-stm32.14.3.rel1.win32_1.0.100.202602081740/tools/bin/../lib/gcc/arm-none-eabi/14.3.1/../../../../arm-none-eabi/lib/thumb/v7e-m+dp/hard\libc_nano.a(libc_a-nano-vfprintf_i.o)
                0x0800b2bc                _printf_common
 *fill*         0x0800b396        0x2 
 .text._printf_i
                0x0800b398      0x24c C:/ST/STM32CubeIDE_2.2.0/STM32CubeIDE/plugins/com.st.stm32cube.ide.mcu.externaltools.gnu-tools-for-stm32.14.3.rel1.win32_1.0.100.202602081740/tools/bin/../lib/gcc/arm-none-eabi/14.3.1/../../../../arm-none-eabi/lib/thumb/v7e-m+dp/hard\libc_nano.a(libc_a-nano-vfprintf_i.o)
                0x0800b398                _printf_i
 .text.__sflush_r
                0x0800b5e4      0x104 C:/ST/STM32CubeIDE_2.2.0/STM32CubeIDE/plugins/com.st.stm32cube.ide.mcu.externaltools.gnu-tools-for-stm32.14.3.rel1.win32_1.0.100.202602081740/tools/bin/../lib/gcc/arm-none-eabi/14.3.1/../../../../arm-none-eabi/lib/thumb/v7e-m+dp/hard\libc_nano.a(libc_a-fflush.o)
                0x0800b5e4                __sflush_r
 .text._fflush_r
                0x0800b6e8       0x50 C:/ST/STM32CubeIDE_2.2.0/STM32CubeIDE/plugins/com.st.stm32cube.ide.mcu.externaltools.gnu-tools-for-stm32.14.3.rel1.win32_1.0.100.202602081740/tools/bin/../lib/gcc/arm-none-eabi/14.3.1/../../../../arm-none-eabi/lib/thumb/v7e-m+dp/hard\libc_nano.a(libc_a-fflush.o)
                0x0800b6e8                _fflush_r
 .text.fprintf  0x0800b738       0x24 C:/ST/STM32CubeIDE_2.2.0/STM32CubeIDE/plugins/com.st.stm32cube.ide.mcu.externaltools.gnu-tools-for-stm32.14.3.rel1.win32_1.0.100.202602081740/tools/bin/../lib/gcc/arm-none-eabi/14.3.1/../../../../arm-none-eabi/lib/thumb/v7e-m+dp/hard\libc_nano.a(libc_a-fprintf.o)
                0x0800b738                fiprintf
                0x0800b738                fprintf
 .text.__swbuf_r
                0x0800b75c       0x7c C:/ST/STM32CubeIDE_2.2.0/STM32CubeIDE/plugins/com.st.stm32cube.ide.mcu.externaltools.gnu-tools-for-stm32.14.3.rel1.win32_1.0.100.202602081740/tools/bin/../lib/gcc/arm-none-eabi/14.3.1/../../../../arm-none-eabi/lib/thumb/v7e-m+dp/hard\libc_nano.a(libc_a-wbuf.o)
                0x0800b75c                __swbuf_r
 .text.__swsetup_r
                0x0800b7d8       0xa8 C:/ST/STM32CubeIDE_2.2.0/STM32CubeIDE/plugins/com.st.stm32cube.ide.mcu.externaltools.gnu-tools-for-stm32.14.3.rel1.win32_1.0.100.202602081740/tools/bin/../lib/gcc/arm-none-eabi/14.3.1/../../../../arm-none-eabi/lib/thumb/v7e-m+dp/hard\libc_nano.a(libc_a-wsetup.o)
                0x0800b7d8                __swsetup_r
 .text._sbrk_r  0x0800b880       0x20 C:/ST/STM32CubeIDE_2.2.0/STM32CubeIDE/plugins/com.st.stm32cube.ide.mcu.externaltools.gnu-tools-for-stm32.14.3.rel1.win32_1.0.100.202602081740/tools/bin/../lib/gcc/arm-none-eabi/14.3.1/../../../../arm-none-eabi/lib/thumb/v7e-m+dp/hard\libc_nano.a(libc_a-sbrkr.o)
                0x0800b880                _sbrk_r
 .text.abort    0x0800b8a0        0xe C:/ST/STM32CubeIDE_2.2.0/STM32CubeIDE/plugins/com.st.stm32cube.ide.mcu.externaltools.gnu-tools-for-stm32.14.3.rel1.win32_1.0.100.202602081740/tools/bin/../lib/gcc/arm-none-eabi/14.3.1/../../../../arm-none-eabi/lib/thumb/v7e-m+dp/hard\libc_nano.a(libc_a-abort.o)
                0x0800b8a0                abort
 .text.__swhatbuf_r
                0x0800b8ae       0x48 C:/ST/STM32CubeIDE_2.2.0/STM32CubeIDE/plugins/com.st.stm32cube.ide.mcu.externaltools.gnu-tools-for-stm32.14.3.rel1.win32_1.0.100.202602081740/tools/bin/../lib/gcc/arm-none-eabi/14.3.1/../../../../arm-none-eabi/lib/thumb/v7e-m+dp/hard\libc_nano.a(libc_a-makebuf.o)
                0x0800b8ae                __swhatbuf_r
 .text.__smakebuf_r
                0x0800b8f6       0x72 C:/ST/STM32CubeIDE_2.2.0/STM32CubeIDE/plugins/com.st.stm32cube.ide.mcu.externaltools.gnu-tools-for-stm32.14.3.rel1.win32_1.0.100.202602081740/tools/bin/../lib/gcc/arm-none-eabi/14.3.1/../../../../arm-none-eabi/lib/thumb/v7e-m+dp/hard\libc_nano.a(libc_a-makebuf.o)
                0x0800b8f6                __smakebuf_r
 .text._raise_r
                0x0800b968       0x50 C:/ST/STM32CubeIDE_2.2.0/STM32CubeIDE/plugins/com.st.stm32cube.ide.mcu.externaltools.gnu-tools-for-stm32.14.3.rel1.win32_1.0.100.202602081740/tools/bin/../lib/gcc/arm-none-eabi/14.3.1/../../../../arm-none-eabi/lib/thumb/v7e-m+dp/hard\libc_nano.a(libc_a-signal.o)
                0x0800b968                _raise_r
 .text.raise    0x0800b9b8       0x10 C:/ST/STM32CubeIDE_2.2.0/STM32CubeIDE/plugins/com.st.stm32cube.ide.mcu.externaltools.gnu-tools-for-stm32.14.3.rel1.win32_1.0.100.202602081740/tools/bin/../lib/gcc/arm-none-eabi/14.3.1/../../../../arm-none-eabi/lib/thumb/v7e-m+dp/hard\libc_nano.a(libc_a-signal.o)
                0x0800b9b8                raise
 .text._fstat_r
                0x0800b9c8       0x24 C:/ST/STM32CubeIDE_2.2.0/STM32CubeIDE/plugins/com.st.stm32cube.ide.mcu.externaltools.gnu-tools-for-stm32.14.3.rel1.win32_1.0.100.202602081740/tools/bin/../lib/gcc/arm-none-eabi/14.3.1/../../../../arm-none-eabi/lib/thumb/v7e-m+dp/hard\libc_nano.a(libc_a-fstatr.o)
                0x0800b9c8                _fstat_r
 .text._isatty_r
                0x0800b9ec       0x20 C:/ST/STM32CubeIDE_2.2.0/STM32CubeIDE/plugins/com.st.stm32cube.ide.mcu.externaltools.gnu-tools-for-stm32.14.3.rel1.win32_1.0.100.202602081740/tools/bin/../lib/gcc/arm-none-eabi/14.3.1/../../../../arm-none-eabi/lib/thumb/v7e-m+dp/hard\libc_nano.a(libc_a-isattyr.o)
                0x0800b9ec                _isatty_r
 .text._kill_r  0x0800ba0c       0x24 C:/ST/STM32CubeIDE_2.2.0/STM32CubeIDE/plugins/com.st.stm32cube.ide.mcu.externaltools.gnu-tools-for-stm32.14.3.rel1.win32_1.0.100.202602081740/tools/bin/../lib/gcc/arm-none-eabi/14.3.1/../../../../arm-none-eabi/lib/thumb/v7e-m+dp/hard\libc_nano.a(libc_a-signalr.o)
                0x0800ba0c                _kill_r
 .text._getpid_r
                0x0800ba30        0x4 C:/ST/STM32CubeIDE_2.2.0/STM32CubeIDE/plugins/com.st.stm32cube.ide.mcu.externaltools.gnu-tools-for-stm32.14.3.rel1.win32_1.0.100.202602081740/tools/bin/../lib/gcc/arm-none-eabi/14.3.1/../../../../arm-none-eabi/lib/thumb/v7e-m+dp/hard\libc_nano.a(libc_a-signalr.o)
                0x0800ba30                _getpid_r
 *(.glue_7)
 .glue_7        0x0800ba34        0x0 linker stubs
 *(.glue_7t)
 .glue_7t       0x0800ba34        0x0 linker stubs
 *(.eh_frame)
 .eh_frame      0x0800ba34        0x0 C:/ST/STM32CubeIDE_2.2.0/STM32CubeIDE/plugins/com.st.stm32cube.ide.mcu.externaltools.gnu-tools-for-stm32.14.3.rel1.win32_1.0.100.202602081740/tools/bin/../lib/gcc/arm-none-eabi/14.3.1/thumb/v7e-m+dp/hard/crtbegin.o
 *(.init)
 .init          0x0800ba34        0x4 C:/ST/STM32CubeIDE_2.2.0/STM32CubeIDE/plugins/com.st.stm32cube.ide.mcu.externaltools.gnu-tools-for-stm32.14.3.rel1.win32_1.0.100.202602081740/tools/bin/../lib/gcc/arm-none-eabi/14.3.1/thumb/v7e-m+dp/hard/crti.o
                0x0800ba34                _init
 .init          0x0800ba38        0x8 C:/ST/STM32CubeIDE_2.2.0/STM32CubeIDE/plugins/com.st.stm32cube.ide.mcu.externaltools.gnu-tools-for-stm32.14.3.rel1.win32_1.0.100.202602081740/tools/bin/../lib/gcc/arm-none-eabi/14.3.1/thumb/v7e-m+dp/hard/crtn.o
 *(.fini)
 .fini          0x0800ba40        0x4 C:/ST/STM32CubeIDE_2.2.0/STM32CubeIDE/plugins/com.st.stm32cube.ide.mcu.externaltools.gnu-tools-for-stm32.14.3.rel1.win32_1.0.100.202602081740/tools/bin/../lib/gcc/arm-none-eabi/14.3.1/thumb/v7e-m+dp/hard/crti.o
                0x0800ba40                _fini
 .fini          0x0800ba44        0x8 C:/ST/STM32CubeIDE_2.2.0/STM32CubeIDE/plugins/com.st.stm32cube.ide.mcu.externaltools.gnu-tools-for-stm32.14.3.rel1.win32_1.0.100.202602081740/tools/bin/../lib/gcc/arm-none-eabi/14.3.1/thumb/v7e-m+dp/hard/crtn.o
                0x0800ba4c                        . = ALIGN (0x4)
                0x0800ba4c                        _etext = .

.vfp11_veneer   0x0800ba4c        0x0
 .vfp11_veneer  0x0800ba4c        0x0 linker stubs

.v4_bx          0x0800ba4c        0x0
 .v4_bx         0x0800ba4c        0x0 linker stubs

.iplt           0x0800ba4c        0x0
 .iplt          0x0800ba4c        0x0 C:/ST/STM32CubeIDE_2.2.0/STM32CubeIDE/plugins/com.st.stm32cube.ide.mcu.externaltools.gnu-tools-for-stm32.14.3.rel1.win32_1.0.100.202602081740/tools/bin/../lib/gcc/arm-none-eabi/14.3.1/thumb/v7e-m+dp/hard/crtbegin.o

.rodata         0x0800ba4c     0x18c8
                0x0800ba4c                        . = ALIGN (0x4)
 *(.rodata)
 .rodata        0x0800ba4c       0x4c ./Drivers/STM32H7xx_HAL_Driver/Src/stm32h7xx_hal_fdcan.o
 *(.rodata*)
 .rodata.D1CorePrescTable
                0x0800ba98       0x10 ./Core/Src/system_stm32h7xx.o
                0x0800ba98                D1CorePrescTable
 .rodata.DLCtoBytes
                0x0800baa8       0x10 ./Drivers/STM32H7xx_HAL_Driver/Src/stm32h7xx_hal_fdcan.o
 .rodata.ethernetif_init.str1.1
                0x0800bab8     0x1763 ./LWIP/Target/ethernetif.o
                                 0x52 (size before relaxing)
 *fill*         0x0800d21b        0x1 
 .rodata.CSWTCH.29
                0x0800d21c        0x8 ./LWIP/Target/ethernetif.o
 .rodata.CSWTCH.28
                0x0800d224        0x8 ./LWIP/Target/ethernetif.o
 .rodata.memp_RX_POOL
                0x0800d22c        0xc ./LWIP/Target/ethernetif.o
                0x0800d22c                memp_RX_POOL
 .rodata.mem_free.str1.1
                0x0800d238      0x148 ./Middlewares/Third_Party/LwIP/src/core/mem.o
 .rodata.mem_trim.str1.1
                0x0800d238       0x48 ./Middlewares/Third_Party/LwIP/src/core/mem.o
 .rodata.mem_malloc.str1.1
                0x0800d238       0x82 ./Middlewares/Third_Party/LwIP/src/core/mem.o
 .rodata.do_memp_free_pool.str1.1
                0x0800d238       0x78 ./Middlewares/Third_Party/LwIP/src/core/memp.o
 .rodata.do_memp_malloc_pool.isra.0.str1.1
                0x0800d238       0x23 ./Middlewares/Third_Party/LwIP/src/core/memp.o
 .rodata.memp_malloc_pool.str1.1
                0x0800d238       0x12 ./Middlewares/Third_Party/LwIP/src/core/memp.o
 .rodata.memp_pools
                0x0800d238       0x24 ./Middlewares/Third_Party/LwIP/src/core/memp.o
                0x0800d238                memp_pools
 .rodata.memp_PBUF_POOL
                0x0800d25c        0xc ./Middlewares/Third_Party/LwIP/src/core/memp.o
                0x0800d25c                memp_PBUF_POOL
 .rodata.memp_PBUF
                0x0800d268        0xc ./Middlewares/Third_Party/LwIP/src/core/memp.o
                0x0800d268                memp_PBUF
 .rodata.memp_SYS_TIMEOUT
                0x0800d274        0xc ./Middlewares/Third_Party/LwIP/src/core/memp.o
                0x0800d274                memp_SYS_TIMEOUT
 .rodata.memp_FRAG_PBUF
                0x0800d280        0xc ./Middlewares/Third_Party/LwIP/src/core/memp.o
                0x0800d280                memp_FRAG_PBUF
 .rodata.memp_REASSDATA
                0x0800d28c        0xc ./Middlewares/Third_Party/LwIP/src/core/memp.o
                0x0800d28c                memp_REASSDATA
 .rodata.memp_TCP_SEG
                0x0800d298        0xc ./Middlewares/Third_Party/LwIP/src/core/memp.o
                0x0800d298                memp_TCP_SEG
 .rodata.memp_TCP_PCB_LISTEN
                0x0800d2a4        0xc ./Middlewares/Third_Party/LwIP/src/core/memp.o
                0x0800d2a4                memp_TCP_PCB_LISTEN
 .rodata.memp_TCP_PCB
                0x0800d2b0        0xc ./Middlewares/Third_Party/LwIP/src/core/memp.o
                0x0800d2b0                memp_TCP_PCB
 .rodata.memp_UDP_PCB
                0x0800d2bc        0xc ./Middlewares/Third_Party/LwIP/src/core/memp.o
                0x0800d2bc                memp_UDP_PCB
 .rodata.netif_issue_reports.str1.1
                0x0800d2c8       0x7c ./Middlewares/Third_Party/LwIP/src/core/netif.o
 .rodata.netif_do_set_ipaddr.isra.0.str1.1
                0x0800d2c8       0x10 ./Middlewares/Third_Party/LwIP/src/core/netif.o
 .rodata.netif_add.str1.1
                0x0800d2c8       0x42 ./Middlewares/Third_Party/LwIP/src/core/netif.o
 .rodata.pbuf_add_header_impl.str1.1
                0x0800d2c8       0x62 ./Middlewares/Third_Party/LwIP/src/core/pbuf.o
 .rodata.pbuf_alloc_reference.str1.1
                0x0800d2c8       0x12 ./Middlewares/Third_Party/LwIP/src/core/pbuf.o
 .rodata.pbuf_free.str1.1
                0x0800d2c8       0x49 ./Middlewares/Third_Party/LwIP/src/core/pbuf.o
 .rodata.pbuf_alloc.str1.1
                0x0800d2c8       0x1b ./Middlewares/Third_Party/LwIP/src/core/pbuf.o
 .rodata.pbuf_realloc.str1.1
                0x0800d2c8       0x65 ./Middlewares/Third_Party/LwIP/src/core/pbuf.o
 .rodata.pbuf_ref.str1.1
                0x0800d2c8       0x12 ./Middlewares/Third_Party/LwIP/src/core/pbuf.o
 .rodata.pbuf_cat.str1.1
                0x0800d2c8       0x57 ./Middlewares/Third_Party/LwIP/src/core/pbuf.o
 .rodata.pbuf_copy_partial_pbuf.str1.1
                0x0800d2c8       0x32 ./Middlewares/Third_Party/LwIP/src/core/pbuf.o
 .rodata.pbuf_take.str1.1
                0x0800d2c8       0x2e ./Middlewares/Third_Party/LwIP/src/core/pbuf.o
 .rodata.pbuf_clone.str1.1
                0x0800d2c8       0x11 ./Middlewares/Third_Party/LwIP/src/core/pbuf.o
 .rodata.tcp_close_shutdown_fin.str1.1
                0x0800d2c8       0x63 ./Middlewares/Third_Party/LwIP/src/core/tcp.o
 .rodata.tcp_free.str1.1
                0x0800d2c8       0x11 ./Middlewares/Third_Party/LwIP/src/core/tcp.o
 .rodata.tcp_update_rcv_ann_wnd.str1.1
                0x0800d2c8       0x3e ./Middlewares/Third_Party/LwIP/src/core/tcp.o
 .rodata.tcp_recved.str1.1
                0x0800d2c8       0x26 ./Middlewares/Third_Party/LwIP/src/core/tcp.o
 .rodata.tcp_seg_copy.str1.1
                0x0800d2c8       0x1a ./Middlewares/Third_Party/LwIP/src/core/tcp.o
 .rodata.tcp_next_iss.str1.1
                0x0800d2c8       0x1a ./Middlewares/Third_Party/LwIP/src/core/tcp.o
 .rodata.tcp_eff_send_mss_netif.str1.1
                0x0800d2c8       0x27 ./Middlewares/Third_Party/LwIP/src/core/tcp.o
 .rodata.tcp_pcb_remove.str1.1
                0x0800d2c8       0x84 ./Middlewares/Third_Party/LwIP/src/core/tcp.o
 .rodata.tcp_abandon.str1.1
                0x0800d2c8       0x31 ./Middlewares/Third_Party/LwIP/src/core/tcp.o
 .rodata.tcp_close_shutdown.str1.1
                0x0800d2c8       0x52 ./Middlewares/Third_Party/LwIP/src/core/tcp.o
 .rodata.tcp_slowtmr.str1.1
                0x0800d2c8      0x1b6 ./Middlewares/Third_Party/LwIP/src/core/tcp.o
 .rodata.tcp_pcb_lists
                0x0800d2c8       0x10 ./Middlewares/Third_Party/LwIP/src/core/tcp.o
                0x0800d2c8                tcp_pcb_lists
 .rodata.tcp_persist_backoff
                0x0800d2d8        0x7 ./Middlewares/Third_Party/LwIP/src/core/tcp.o
 .rodata.tcp_backoff
                0x0800d2df        0xd ./Middlewares/Third_Party/LwIP/src/core/tcp.o
 .rodata.tcp_free_acked_segments.isra.0.str1.1
                0x0800d2ec       0xa2 ./Middlewares/Third_Party/LwIP/src/core/tcp_in.o
 .rodata.tcp_receive.str1.1
                0x0800d2ec       0xfa ./Middlewares/Third_Party/LwIP/src/core/tcp_in.o
 .rodata.tcp_input.str1.1
                0x0800d2ec      0x1ce ./Middlewares/Third_Party/LwIP/src/core/tcp_in.o
 .rodata.tcp_output_segment_busy.str1.1
                0x0800d2ec       0x80 ./Middlewares/Third_Party/LwIP/src/core/tcp_out.o
 .rodata.tcp_create_segment.str1.1
                0x0800d2ec       0x35 ./Middlewares/Third_Party/LwIP/src/core/tcp_out.o
 .rodata.tcp_output_alloc_header_common.constprop.0.str1.1
                0x0800d2ec       0x2e ./Middlewares/Third_Party/LwIP/src/core/tcp_out.o
 .rodata.tcp_output_alloc_header.constprop.0.str1.1
                0x0800d2ec       0x25 ./Middlewares/Third_Party/LwIP/src/core/tcp_out.o
 .rodata.tcp_rst_common.isra.0.str1.1
                0x0800d2ec       0x35 ./Middlewares/Third_Party/LwIP/src/core/tcp_out.o
 .rodata.tcp_split_unsent_seg.str1.1
                0x0800d2ec       0x5f ./Middlewares/Third_Party/LwIP/src/core/tcp_out.o
 .rodata.tcp_enqueue_flags.str1.1
                0x0800d2ec      0x117 ./Middlewares/Third_Party/LwIP/src/core/tcp_out.o
 .rodata.tcp_send_fin.str1.1
                0x0800d2ec       0x1a ./Middlewares/Third_Party/LwIP/src/core/tcp_out.o
 .rodata.tcp_rexmit_rto_prepare.str1.1
                0x0800d2ec       0x24 ./Middlewares/Third_Party/LwIP/src/core/tcp_out.o
 .rodata.tcp_rexmit.str1.1
                0x0800d2ec       0x18 ./Middlewares/Third_Party/LwIP/src/core/tcp_out.o
 .rodata.tcp_rexmit_fast.str1.1
                0x0800d2ec       0x1d ./Middlewares/Third_Party/LwIP/src/core/tcp_out.o
 .rodata.tcp_send_empty_ack.str1.1
                0x0800d2ec       0x20 ./Middlewares/Third_Party/LwIP/src/core/tcp_out.o
 .rodata.tcp_output.str1.1
                0x0800d2ec       0x68 ./Middlewares/Third_Party/LwIP/src/core/tcp_out.o
 .rodata.tcp_rexmit_rto_commit.str1.1
                0x0800d2ec       0x23 ./Middlewares/Third_Party/LwIP/src/core/tcp_out.o
 .rodata.tcp_rexmit_rto.str1.1
                0x0800d2ec       0x1c ./Middlewares/Third_Party/LwIP/src/core/tcp_out.o
 .rodata.tcp_keepalive.str1.1
                0x0800d2ec       0x1b ./Middlewares/Third_Party/LwIP/src/core/tcp_out.o
 .rodata.tcp_zero_window_probe.str1.1
                0x0800d2ec       0x23 ./Middlewares/Third_Party/LwIP/src/core/tcp_out.o
 .rodata.sys_timeout_abs.str1.1
                0x0800d2ec       0x99 ./Middlewares/Third_Party/LwIP/src/core/timeouts.o
 .rodata.sys_timeout.str1.1
                0x0800d2ec       0x36 ./Middlewares/Third_Party/LwIP/src/core/timeouts.o
 .rodata.lwip_cyclic_timers
                0x0800d2ec       0x18 ./Middlewares/Third_Party/LwIP/src/core/timeouts.o
                0x0800d2ec                lwip_cyclic_timers
 .rodata.udp_input.str1.1
                0x0800d304       0xc7 ./Middlewares/Third_Party/LwIP/src/core/udp.o
 .rodata.udp_sendto_if_src.str1.1
                0x0800d304       0x2e ./Middlewares/Third_Party/LwIP/src/core/udp.o
 .rodata.etharp_find_entry.str1.1
                0x0800d304       0x9f ./Middlewares/Third_Party/LwIP/src/core/ipv4/etharp.o
 .rodata.etharp_raw.str1.1
                0x0800d304       0x80 ./Middlewares/Third_Party/LwIP/src/core/ipv4/etharp.o
 .rodata.etharp_get_entry.str1.1
                0x0800d304       0x1f ./Middlewares/Third_Party/LwIP/src/core/ipv4/etharp.o
 .rodata.etharp_input.str1.1