../Middlewares/Third_Party/LwIP/src/core/tcp_in.c:1904:1:tcp_get_next_optbyte	0	static
../Middlewares/Third_Party/LwIP/src/core/tcp_in.c:1064:1:tcp_oos_insert_segment	24	static
../Middlewares/Third_Party/LwIP/src/core/tcp_in.c:1925:1:tcp_parseopt	24	static
../Middlewares/Third_Party/LwIP/src/core/tcp_in.c:600:1:tcp_input_delayed_close	8	static
../Middlewares/Third_Party/LwIP/src/core/tcp_in.c:1101:1:tcp_free_acked_segments.isra	48	static
../Middlewares/Third_Party/LwIP/src/core/tcp_in.c:1154:1:tcp_receive	32	static
../Middlewares/Third_Party/LwIP/src/core/tcp_in.c:118:1:tcp_input	56	static
../Middlewares/Third_Party/LwIP/src/core/tcp_in.c:2045:1:tcp_trigger_input_pcb_close	0	static
