../Core/Src/main.c:295:13:DWT_DelayInit	4	static
../Core/Src/main.c:302:13:DWT_DelayUs	32	static
../Core/Src/main.c:313:17:DWT_ElapsedUs	24	static
../Core/Src/main.c:324:13:Switch_Init	24	static
../Core/Src/main.c:334:13:Switch_Update	24	static
../Core/Src/main.c:352:13:Actuator_AllOutputsLow	8	static
../Core/Src/main.c:360:13:Actuator_SetEnabled	16	static
../Core/Src/main.c:378:13:Actuator_WriteStep	24	static
../Core/Src/main.c:396:13:Application_UpdateInputsAndOutputs	32	static
../Core/Src/main.c:535:13:DHT11_SetPinOutput	32	static
../Core/Src/main.c:546:13:DHT11_SetPinInput	32	static
../Core/Src/main.c:556:16:DHT11_WaitWhile	24	static
../Core/Src/main.c:571:16:DHT11_ReadSensor	32	static
../Core/Src/main.c:669:13:CAN1_ApplicationStart	56	static
../Core/Src/main.c:719:26:CAN1_SendStandard	56	static
../Core/Src/main.c:757:13:CAN1_SendPendingEcho	8	static
../Core/Src/main.c:771:26:CAN1_SendU8Signal	24	static
../Core/Src/main.c:778:26:CAN1_SendU16Signal	24	static
../Core/Src/main.c:786:26:CAN1_SendI16Signal	16	static
../Core/Src/main.c:791:13:CAN1_SignalSchedulerInit	16	static
../Core/Src/main.c:811:13:CAN1_SendNextSignal	24	static
../Core/Src/main.c:1032:13:CAN1_UpdateDiagnostics	8	static
../Core/Src/main.c:1044:6:HAL_TIM_PeriodElapsedCallback	32	static
../Core/Src/main.c:1102:6:HAL_CAN_RxFifo0MsgPendingCallback	88	static
../Core/Src/main.c:1283:6:HAL_CAN_ErrorCallback	24	static
../Core/Src/main.c:1302:6:HAL_ADC_ErrorCallback	16	static
../Core/Src/main.c:1315:5:main	24	static
../Core/Src/main.c:1433:6:SystemClock_Config	88	static
../Core/Src/main.c:1482:6:Error_Handler	8	static,ignoring_inline_asm
