../Core/Src/main.c:295:13:DWT_DelayInit	1
../Core/Src/main.c:302:13:DWT_DelayUs	2
../Core/Src/main.c:313:17:DWT_ElapsedUs	2
../Core/Src/main.c:324:13:Switch_Init	2
../Core/Src/main.c:334:13:Switch_Update	4
../Core/Src/main.c:352:13:Actuator_AllOutputsLow	1
../Core/Src/main.c:360:13:Actuator_SetEnabled	3
../Core/Src/main.c:378:13:Actuator_WriteStep	1
../Core/Src/main.c:396:13:Application_UpdateInputsAndOutputs	28
../Core/Src/main.c:535:13:DHT11_SetPinOutput	1
../Core/Src/main.c:546:13:DHT11_SetPinInput	1
../Core/Src/main.c:556:16:DHT11_WaitWhile	3
../Core/Src/main.c:571:16:DHT11_ReadSensor	11
../Core/Src/main.c:669:13:CAN1_ApplicationStart	4
../Core/Src/main.c:719:26:CAN1_SendStandard	5
../Core/Src/main.c:757:13:CAN1_SendPendingEcho	3
../Core/Src/main.c:771:26:CAN1_SendU8Signal	1
../Core/Src/main.c:778:26:CAN1_SendU16Signal	1
../Core/Src/main.c:786:26:CAN1_SendI16Signal	1
../Core/Src/main.c:791:13:CAN1_SignalSchedulerInit	1
../Core/Src/main.c:811:13:CAN1_SendNextSignal	51
../Core/Src/main.c:1032:13:CAN1_UpdateDiagnostics	2
../Core/Src/main.c:1044:6:HAL_TIM_PeriodElapsedCallback	11
../Core/Src/main.c:1102:6:HAL_CAN_RxFifo0MsgPendingCallback	42
../Core/Src/main.c:1283:6:HAL_CAN_ErrorCallback	3
../Core/Src/main.c:1302:6:HAL_ADC_ErrorCallback	2
../Core/Src/main.c:1315:5:main	6
../Core/Src/main.c:1433:6:SystemClock_Config	3
../Core/Src/main.c:1482:6:Error_Handler	1
