../Core/Src/main.c:210:13:EthernetMPU_Config	1
../Core/Src/main.c:235:13:CAN_WriteU32LE	1
../Core/Src/main.c:246:17:CAN_ReadU32LE	1
../Core/Src/main.c:265:13:CAN250_Start	6
../Core/Src/main.c:329:13:CAN250_SendPing	3
../Core/Src/main.c:365:26:FrontCommand_SendRaw	3
../Core/Src/main.c:398:26:FrontCommand_SendU8	1
../Core/Src/main.c:405:26:FrontCommand_SendU16	1
../Core/Src/main.c:413:13:FrontCommand_SchedulerInit	1
../Core/Src/main.c:425:13:FrontCommand_SendNext	27
../Core/Src/main.c:500:13:CAN_UpdateDiagnostics	3
../Core/Src/main.c:525:5:main	4
../Core/Src/main.c:635:6:SystemClock_Config	4
../Core/Src/main.c:695:6:HAL_FDCAN_RxFifo0Callback	53
../Core/Src/main.c:910:6:HAL_FDCAN_ErrorCallback	2
../Core/Src/main.c:922:6:MPU_Config	1
../Core/Src/main.c:953:6:Error_Handler	1
