../Drivers/STM32H7xx_HAL_Driver/Src/stm32h7xx_hal_eth.c:1306:13:HAL_ETH_RxLinkCallback	0	static
../Drivers/STM32H7xx_HAL_Driver/Src/stm32h7xx_hal_eth.c:2873:13:ETH_SetMACConfig	8	static
../Drivers/STM32H7xx_HAL_Driver/Src/stm32h7xx_hal_eth.c:2950:13:ETH_SetDMAConfig	8	static
../Drivers/STM32H7xx_HAL_Driver/Src/stm32h7xx_hal_eth.c:3148:17:ETH_Prepare_Tx_Descriptors	36	static,ignoring_inline_asm
../Drivers/STM32H7xx_HAL_Driver/Src/stm32h7xx_hal_eth.c:1289:13:HAL_ETH_RxAllocateCallback	0	static
../Drivers/STM32H7xx_HAL_Driver/Src/stm32h7xx_hal_eth.c:1170:13:ETH_UpdateDescriptor	32	static,ignoring_inline_asm
../Drivers/STM32H7xx_HAL_Driver/Src/stm32h7xx_hal_eth.c:1408:13:HAL_ETH_TxFreeCallback	0	static
../Drivers/STM32H7xx_HAL_Driver/Src/stm32h7xx_hal_eth.c:473:13:HAL_ETH_MspInit	0	static
../Drivers/STM32H7xx_HAL_Driver/Src/stm32h7xx_hal_eth.c:488:13:HAL_ETH_MspDeInit	0	static
../Drivers/STM32H7xx_HAL_Driver/Src/stm32h7xx_hal_eth.c:440:19:HAL_ETH_DeInit	8	static
../Drivers/STM32H7xx_HAL_Driver/Src/stm32h7xx_hal_eth.c:723:19:HAL_ETH_Start	8	static
../Drivers/STM32H7xx_HAL_Driver/Src/stm32h7xx_hal_eth.c:769:19:HAL_ETH_Start_IT	8	static
../Drivers/STM32H7xx_HAL_Driver/Src/stm32h7xx_hal_eth.c:825:19:HAL_ETH_Stop	0	static
../Drivers/STM32H7xx_HAL_Driver/Src/stm32h7xx_hal_eth.c:864:19:HAL_ETH_Stop_IT	8	static
../Drivers/STM32H7xx_HAL_Driver/Src/stm32h7xx_hal_eth.c:925:19:HAL_ETH_Transmit	24	static,ignoring_inline_asm
../Drivers/STM32H7xx_HAL_Driver/Src/stm32h7xx_hal_eth.c:1000:19:HAL_ETH_Transmit_IT	8	static,ignoring_inline_asm
../Drivers/STM32H7xx_HAL_Driver/Src/stm32h7xx_hal_eth.c:1046:19:HAL_ETH_ReadData	56	static
../Drivers/STM32H7xx_HAL_Driver/Src/stm32h7xx_hal_eth.c:1255:19:HAL_ETH_RegisterRxAllocateCallback	0	static
../Drivers/STM32H7xx_HAL_Driver/Src/stm32h7xx_hal_eth.c:1276:19:HAL_ETH_UnRegisterRxAllocateCallback	0	static
../Drivers/STM32H7xx_HAL_Driver/Src/stm32h7xx_hal_eth.c:1325:19:HAL_ETH_RegisterRxLinkCallback	0	static
../Drivers/STM32H7xx_HAL_Driver/Src/stm32h7xx_hal_eth.c:1345:19:HAL_ETH_UnRegisterRxLinkCallback	0	static
../Drivers/STM32H7xx_HAL_Driver/Src/stm32h7xx_hal_eth.c:1360:19:HAL_ETH_GetRxDataErrorCode	0	static
../Drivers/STM32H7xx_HAL_Driver/Src/stm32h7xx_hal_eth.c:1375:19:HAL_ETH_RegisterTxFreeCallback	0	static
../Drivers/STM32H7xx_HAL_Driver/Src/stm32h7xx_hal_eth.c:1395:19:HAL_ETH_UnRegisterTxFreeCallback	0	static
../Drivers/STM32H7xx_HAL_Driver/Src/stm32h7xx_hal_eth.c:1423:19:HAL_ETH_ReleaseTxPacket	32	static
../Drivers/STM32H7xx_HAL_Driver/Src/stm32h7xx_hal_eth.c:2120:13:HAL_ETH_TxCpltCallback	0	static
../Drivers/STM32H7xx_HAL_Driver/Src/stm32h7xx_hal_eth.c:2135:13:HAL_ETH_RxCpltCallback	0	static
../Drivers/STM32H7xx_HAL_Driver/Src/stm32h7xx_hal_eth.c:2150:13:HAL_ETH_ErrorCallback	0	static
../Drivers/STM32H7xx_HAL_Driver/Src/stm32h7xx_hal_eth.c:2165:13:HAL_ETH_PMTCallback	0	static
../Drivers/STM32H7xx_HAL_Driver/Src/stm32h7xx_hal_eth.c:2180:13:HAL_ETH_EEECallback	0	static
../Drivers/STM32H7xx_HAL_Driver/Src/stm32h7xx_hal_eth.c:2195:13:HAL_ETH_WakeUpCallback	0	static
../Drivers/STM32H7xx_HAL_Driver/Src/stm32h7xx_hal_eth.c:1934:6:HAL_ETH_IRQHandler	24	static
../Drivers/STM32H7xx_HAL_Driver/Src/stm32h7xx_hal_eth.c:2213:19:HAL_ETH_ReadPHYRegister	16	static
../Drivers/STM32H7xx_HAL_Driver/Src/stm32h7xx_hal_eth.c:2268:19:HAL_ETH_WritePHYRegister	16	static
../Drivers/STM32H7xx_HAL_Driver/Src/stm32h7xx_hal_eth.c:2340:19:HAL_ETH_GetMACConfig	0	static
../Drivers/STM32H7xx_HAL_Driver/Src/stm32h7xx_hal_eth.c:2412:19:HAL_ETH_GetDMAConfig	0	static
../Drivers/STM32H7xx_HAL_Driver/Src/stm32h7xx_hal_eth.c:2446:19:HAL_ETH_SetMACConfig	8	static
../Drivers/STM32H7xx_HAL_Driver/Src/stm32h7xx_hal_eth.c:2473:19:HAL_ETH_SetDMAConfig	8	static
../Drivers/STM32H7xx_HAL_Driver/Src/stm32h7xx_hal_eth.c:2498:6:HAL_ETH_SetMDIOClockRange	16	static
../Drivers/STM32H7xx_HAL_Driver/Src/stm32h7xx_hal_eth.c:314:19:HAL_ETH_Init	168	static
../Drivers/STM32H7xx_HAL_Driver/Src/stm32h7xx_hal_eth.c:2556:19:HAL_ETH_SetMACFilterConfig	0	static
../Drivers/STM32H7xx_HAL_Driver/Src/stm32h7xx_hal_eth.c:2590:19:HAL_ETH_GetMACFilterConfig	0	static
../Drivers/STM32H7xx_HAL_Driver/Src/stm32h7xx_hal_eth.c:2627:19:HAL_ETH_SetSourceMACAddrMatch	8	static
../Drivers/STM32H7xx_HAL_Driver/Src/stm32h7xx_hal_eth.c:2663:19:HAL_ETH_SetHashTable	0	static
../Drivers/STM32H7xx_HAL_Driver/Src/stm32h7xx_hal_eth.c:2685:6:HAL_ETH_SetRxVLANIdentifier	0	static
../Drivers/STM32H7xx_HAL_Driver/Src/stm32h7xx_hal_eth.c:2707:6:HAL_ETH_EnterPowerDownMode	12	static
../Drivers/STM32H7xx_HAL_Driver/Src/stm32h7xx_hal_eth.c:2729:6:HAL_ETH_ExitPowerDownMode	0	static
../Drivers/STM32H7xx_HAL_Driver/Src/stm32h7xx_hal_eth.c:2753:19:HAL_ETH_SetWakeUpFilter	0	static
../Drivers/STM32H7xx_HAL_Driver/Src/stm32h7xx_hal_eth.c:2802:22:HAL_ETH_GetState	0	static
../Drivers/STM32H7xx_HAL_Driver/Src/stm32h7xx_hal_eth.c:2813:10:HAL_ETH_GetError	0	static
../Drivers/STM32H7xx_HAL_Driver/Src/stm32h7xx_hal_eth.c:2824:10:HAL_ETH_GetDMAError	0	static
../Drivers/STM32H7xx_HAL_Driver/Src/stm32h7xx_hal_eth.c:2835:10:HAL_ETH_GetMACError	0	static
../Drivers/STM32H7xx_HAL_Driver/Src/stm32h7xx_hal_eth.c:2846:10:HAL_ETH_GetMACWakeUpSource	0	static
../Drivers/STM32H7xx_HAL_Driver/Src/stm32h7xx_hal_eth.c:2857:10:HAL_ETH_GetTxBuffersNumber	0	static
